Archive member included to satisfy reference by file (symbol)

/usr/lib/gcc/arm-none-eabi/7.3.1/../../../arm-none-eabi/lib/thumb/v6-m/libstdc++.a(guard.o)
                              CMakeFiles/detection_responder_test_int8.dir/__/__/src/tensorflow/lite/micro/test_helpers.cpp.obj (__cxa_guard_acquire)
/usr/lib/gcc/arm-none-eabi/7.3.1/../../../arm-none-eabi/lib/thumb/v6-m/libstdc++.a(guard_error.o)
                              /usr/lib/gcc/arm-none-eabi/7.3.1/../../../arm-none-eabi/lib/thumb/v6-m/libstdc++.a(guard.o) (__gnu_cxx::recursive_init_error::~recursive_init_error())
/usr/lib/gcc/arm-none-eabi/7.3.1/../../../arm-none-eabi/lib/thumb/v6-m/libstdc++.a(eh_throw.o)
                              /usr/lib/gcc/arm-none-eabi/7.3.1/../../../arm-none-eabi/lib/thumb/v6-m/libstdc++.a(guard.o) (__cxa_throw)
/usr/lib/gcc/arm-none-eabi/7.3.1/../../../arm-none-eabi/lib/thumb/v6-m/libstdc++.a(eh_terminate.o)
                              /usr/lib/gcc/arm-none-eabi/7.3.1/../../../arm-none-eabi/lib/thumb/v6-m/libstdc++.a(eh_throw.o) (__cxxabiv1::__terminate(void (*)()))
/usr/lib/gcc/arm-none-eabi/7.3.1/../../../arm-none-eabi/lib/thumb/v6-m/libstdc++.a(eh_alloc.o)
                              /usr/lib/gcc/arm-none-eabi/7.3.1/../../../arm-none-eabi/lib/thumb/v6-m/libstdc++.a(guard.o) (__cxa_allocate_exception)
/usr/lib/gcc/arm-none-eabi/7.3.1/../../../arm-none-eabi/lib/thumb/v6-m/libstdc++.a(eh_personality.o)
                              /usr/lib/gcc/arm-none-eabi/7.3.1/../../../arm-none-eabi/lib/thumb/v6-m/libstdc++.a(eh_terminate.o) (__gxx_personality_v0)
/usr/lib/gcc/arm-none-eabi/7.3.1/../../../arm-none-eabi/lib/thumb/v6-m/libstdc++.a(eh_catch.o)
                              /usr/lib/gcc/arm-none-eabi/7.3.1/../../../arm-none-eabi/lib/thumb/v6-m/libstdc++.a(eh_throw.o) (__cxa_begin_catch)
/usr/lib/gcc/arm-none-eabi/7.3.1/../../../arm-none-eabi/lib/thumb/v6-m/libstdc++.a(eh_exception.o)
                              /usr/lib/gcc/arm-none-eabi/7.3.1/../../../arm-none-eabi/lib/thumb/v6-m/libstdc++.a(guard_error.o) (std::exception::~exception())
/usr/lib/gcc/arm-none-eabi/7.3.1/../../../arm-none-eabi/lib/thumb/v6-m/libstdc++.a(eh_unex_handler.o)
                              /usr/lib/gcc/arm-none-eabi/7.3.1/../../../arm-none-eabi/lib/thumb/v6-m/libstdc++.a(eh_terminate.o) (__cxxabiv1::__unexpected_handler)
/usr/lib/gcc/arm-none-eabi/7.3.1/../../../arm-none-eabi/lib/thumb/v6-m/libstdc++.a(si_class_type_info.o)
                              /usr/lib/gcc/arm-none-eabi/7.3.1/../../../arm-none-eabi/lib/thumb/v6-m/libstdc++.a(guard_error.o) (vtable for __cxxabiv1::__si_class_type_info)
/usr/lib/gcc/arm-none-eabi/7.3.1/../../../arm-none-eabi/lib/thumb/v6-m/libstdc++.a(eh_call.o)
                              /usr/lib/gcc/arm-none-eabi/7.3.1/../../../arm-none-eabi/lib/thumb/v6-m/libstdc++.a(eh_personality.o) (__cxa_call_terminate)
/usr/lib/gcc/arm-none-eabi/7.3.1/../../../arm-none-eabi/lib/thumb/v6-m/libstdc++.a(eh_term_handler.o)
                              /usr/lib/gcc/arm-none-eabi/7.3.1/../../../arm-none-eabi/lib/thumb/v6-m/libstdc++.a(eh_terminate.o) (__cxxabiv1::__terminate_handler)
/usr/lib/gcc/arm-none-eabi/7.3.1/../../../arm-none-eabi/lib/thumb/v6-m/libstdc++.a(eh_globals.o)
                              /usr/lib/gcc/arm-none-eabi/7.3.1/../../../arm-none-eabi/lib/thumb/v6-m/libstdc++.a(eh_catch.o) (__cxa_get_globals_fast)
/usr/lib/gcc/arm-none-eabi/7.3.1/../../../arm-none-eabi/lib/thumb/v6-m/libstdc++.a(eh_arm.o)
                              /usr/lib/gcc/arm-none-eabi/7.3.1/../../../arm-none-eabi/lib/thumb/v6-m/libstdc++.a(eh_terminate.o) (__cxa_end_cleanup)
/usr/lib/gcc/arm-none-eabi/7.3.1/../../../arm-none-eabi/lib/thumb/v6-m/libstdc++.a(tinfo.o)
                              /usr/lib/gcc/arm-none-eabi/7.3.1/../../../arm-none-eabi/lib/thumb/v6-m/libstdc++.a(si_class_type_info.o) (std::type_info::__is_pointer_p() const)
/usr/lib/gcc/arm-none-eabi/7.3.1/../../../arm-none-eabi/lib/thumb/v6-m/libstdc++.a(class_type_info.o)
                              /usr/lib/gcc/arm-none-eabi/7.3.1/../../../arm-none-eabi/lib/thumb/v6-m/libstdc++.a(si_class_type_info.o) (__cxxabiv1::__class_type_info::__do_upcast(__cxxabiv1::__class_type_info const*, void**) const)
/usr/lib/gcc/arm-none-eabi/7.3.1/../../../arm-none-eabi/lib/thumb/v6-m/libstdc++.a(pure.o)
                              /usr/lib/gcc/arm-none-eabi/7.3.1/../../../arm-none-eabi/lib/thumb/v6-m/libstdc++.a(eh_exception.o) (__cxa_pure_virtual)
/usr/lib/gcc/arm-none-eabi/7.3.1/../../../arm-none-eabi/lib/thumb/v6-m/libm.a(lib_a-s_frexp.o)
                              CMakeFiles/detection_responder_test_int8.dir/__/__/src/tensorflow/lite/kernels/internal/quantization_util.cpp.obj (frexp)
/usr/lib/gcc/arm-none-eabi/7.3.1/../../../arm-none-eabi/lib/thumb/v6-m/libm.a(lib_a-sf_fmax.o)
                              CMakeFiles/detection_responder_test_int8.dir/__/__/src/tensorflow/lite/micro/kernels/cmsis-nn/svdf.cpp.obj (fmaxf)
[...]
Memory Configuration

Name             Origin             Length             Attributes
FLASH            0x10000000         0x00200000         xr
RAM              0x20000000         0x00040000         xrw
SCRATCH_X        0x20040000         0x00001000         xrw
SCRATCH_Y        0x20041000         0x00001000         xrw
*default*        0x00000000         0xffffffff

Linker script and memory map

LOAD /usr/lib/gcc/arm-none-eabi/7.3.1/thumb/v6-m/crti.o
LOAD /usr/lib/gcc/arm-none-eabi/7.3.1/thumb/v6-m/crtbegin.o
LOAD /usr/lib/gcc/arm-none-eabi/7.3.1/../../../arm-none-eabi/lib/thumb/v6-m/crt0.o

.flash_begin    0x10000000        0x0
                0x10000000                __flash_binary_start = .

.boot2          0x10000000      0x100
                0x10000000                __boot2_start__ = .
 *(.boot2)
 .boot2         0x10000000      0x100 /tmp/cciICTA3.o
                0x10000100                __boot2_end__ = .
                0x00000001                ASSERT (((__boot2_end__ - __boot2_start__) == 0x100), ERROR: Pico second stage bootloader must be 256 bytes in size)

.text           0x10000100     0x5978
                0x10000100                __logical_binary_start = .
 *(.vectors)
 .vectors       0x10000100       0xd4 CMakeFiles/detection_responder_test_int8.dir/home/pi/PicoCamDemo/pico-setup/pico/pico-sdk/src/rp2_common/pico_standard_link/crt0.S.obj
                0x10000100                __vectors
                0x100001c0                isr_invalid
                0x100001c2                isr_nmi
                0x100001c4                isr_hardfault
                0x100001c6                isr_svcall
                0x100001c8                isr_pendsv
                0x100001ca                isr_systick
                0x100001cc                isr_irq30
                0x100001cc                __unhandled_user_irq
                0x100001cc                isr_irq13
                0x100001cc                isr_irq27
                0x100001cc                isr_irq31
                0x100001cc                isr_irq5
                0x100001cc                isr_irq11
                0x100001cc                isr_irq23
                0x100001cc                isr_irq18
                0x100001cc                isr_irq28
                0x100001cc                isr_irq19
                0x100001cc                isr_irq0
                0x100001cc                isr_irq6
                0x100001cc                isr_irq22
                0x100001cc                isr_irq17
                0x100001cc                isr_irq14
                0x100001cc                isr_irq2
                0x100001cc                isr_irq10
                0x100001cc                isr_irq8
                0x100001cc                isr_irq24
                0x100001cc                isr_irq1
                0x100001cc                isr_irq7
                0x100001cc                isr_irq21
                0x100001cc                isr_irq20
                0x100001cc                isr_irq15
                0x100001cc                isr_irq25
                0x100001cc                isr_irq4
                0x100001cc                isr_irq16
                0x100001cc                isr_irq29
                0x100001cc                isr_irq26
                0x100001cc                isr_irq3
                0x100001cc                isr_irq12
                0x100001cc                isr_irq9
                0x100001d2                unhandled_user_irq_num_in_r0
 *(.binary_info_header)
 .binary_info_header
                0x100001d4       0x14 CMakeFiles/detection_responder_test_int8.dir/home/pi/PicoCamDemo/pico-setup/pico/pico-sdk/src/rp2_common/pico_standard_link/crt0.S.obj
                0x100001e8                __binary_info_header_end = .
 *(.reset)
 .reset         0x100001e8       0xa8 CMakeFiles/detection_responder_test_int8.dir/home/pi/PicoCamDemo/pico-setup/pico/pico-sdk/src/rp2_common/pico_standard_link/crt0.S.obj
                0x100001e8                _entry_point
                0x10000266                __get_current_exception
 .reset         0x10000290       0x30 CMakeFiles/detection_responder_test_int8.dir/home/pi/PicoCamDemo/pico-setup/pico/pico-sdk/src/rp2_common/pico_standard_link/binary_info.c.obj
 *(.init)
 .init          0x100002c0        0x4 /usr/lib/gcc/arm-none-eabi/7.3.1/thumb/v6-m/crti.o
                0x100002c0                _init
 *(EXCLUDE_FILE(*libm.a: *libc.a:*lib_a-mem*.o *libgcc.a:) .text*)
 .text          0x100002c4       0x98 /usr/lib/gcc/arm-none-eabi/7.3.1/thumb/v6-m/crtbegin.o
 .text._Z18RespondToDetectionPN6tflite13ErrorReporterEaa
                0x1000035c       0x44 CMakeFiles/detection_responder_test_int8.dir/detection_responder.cpp.obj
                0x1000035c                RespondToDetection(tflite::ErrorReporter*, signed char, signed char)
 .text.startup.main
                0x100003a0       0xd0 CMakeFiles/detection_responder_test_int8.dir/detection_responder_test.cpp.obj
                0x100003a0                main
 .text._ZN6tflite13ErrorReporter6ReportEPKcz
                0x10000470       0x1c CMakeFiles/detection_responder_test_int8.dir/__/__/src/tensorflow/lite/core/api/error_reporter.cpp.obj
                0x10000470                tflite::ErrorReporter::Report(char const*, ...)
 .text._ZN6tflite18MicroErrorReporterD0Ev
                0x1000048c        0x4 CMakeFiles/detection_responder_test_int8.dir/__/__/src/tensorflow/lite/micro/micro_error_reporter.cpp.obj
                0x1000048c                tflite::MicroErrorReporter::~MicroErrorReporter()
                0x1000048c                tflite::MicroErrorReporter::~MicroErrorReporter()
                0x1000048c                tflite::MicroErrorReporter::~MicroErrorReporter()
 .text._ZN6tflite18MicroErrorReporter6ReportEPKcSt9__va_list
                0x10000490       0x28 CMakeFiles/detection_responder_test_int8.dir/__/__/src/tensorflow/lite/micro/micro_error_reporter.cpp.obj
                0x10000490                tflite::MicroErrorReporter::Report(char const*, std::__va_list)
 .text.MicroVsnprintf
                0x100004b8      0x514 CMakeFiles/detection_responder_test_int8.dir/__/__/src/tensorflow/lite/micro/micro_string.cpp.obj
                0x100004b8                MicroVsnprintf
 .text.DebugLog
                0x100009cc       0x28 CMakeFiles/detection_responder_test_int8.dir/__/__/src/tensorflow/lite/micro/rp2/debug_log.cpp.obj
                0x100009cc                DebugLog
 .text.setup_default_uart
                0x100009f4        0x8 CMakeFiles/detection_responder_test_int8.dir/home/pi/PicoCamDemo/pico-setup/pico/pico-sdk/src/rp2_common/pico_stdlib/stdlib.c.obj
                0x100009f4                setup_default_uart
 .text.gpio_set_function
                0x100009fc       0x30 CMakeFiles/detection_responder_test_int8.dir/home/pi/PicoCamDemo/pico-setup/pico/pico-sdk/src/rp2_common/hardware_gpio/gpio.c.obj
                0x100009fc                gpio_set_function
 .text.hw_claim_or_assert
                0x10000a2c       0x44 CMakeFiles/detection_responder_test_int8.dir/home/pi/PicoCamDemo/pico-setup/pico/pico-sdk/src/rp2_common/hardware_claim/claim.c.obj
                0x10000a2c                hw_claim_or_assert
 .text.spin_locks_reset
                0x10000a70       0x1c CMakeFiles/detection_responder_test_int8.dir/home/pi/PicoCamDemo/pico-setup/pico/pico-sdk/src/rp2_common/hardware_sync/sync.c.obj
                0x10000a70                spin_locks_reset
 .text.next_striped_spin_lock_num
                0x10000a8c       0x18 CMakeFiles/detection_responder_test_int8.dir/home/pi/PicoCamDemo/pico-setup/pico/pico-sdk/src/rp2_common/hardware_sync/sync.c.obj
                0x10000a8c                next_striped_spin_lock_num
 .text.running_on_fpga
                0x10000aa4       0x10 CMakeFiles/detection_responder_test_int8.dir/home/pi/PicoCamDemo/pico-setup/pico/pico-sdk/src/rp2_common/pico_platform/platform.c.obj
                0x10000aa4                running_on_fpga
 .text.uart_init
                0x10000ab4       0xe8 CMakeFiles/detection_responder_test_int8.dir/home/pi/PicoCamDemo/pico-setup/pico/pico-sdk/src/rp2_common/hardware_uart/uart.c.obj
                0x10000ab4                uart_init
 .text.timer_pool_entry_comparator
                0x10000b9c       0x34 CMakeFiles/detection_responder_test_int8.dir/home/pi/PicoCamDemo/pico-setup/pico/pico-sdk/src/common/pico_time/time.c.obj
                0x10000b9c                timer_pool_entry_comparator
 .text.add_alarm_under_lock
                0x10000bd0      0x118 CMakeFiles/detection_responder_test_int8.dir/home/pi/PicoCamDemo/pico-setup/pico/pico-sdk/src/common/pico_time/time.c.obj
 .text.alarm_pool_alarm_callback
                0x10000ce8      0x1dc CMakeFiles/detection_responder_test_int8.dir/home/pi/PicoCamDemo/pico-setup/pico/pico-sdk/src/common/pico_time/time.c.obj
 .text.alarm_pool_init_default
                0x10000ec4       0x78 CMakeFiles/detection_responder_test_int8.dir/home/pi/PicoCamDemo/pico-setup/pico/pico-sdk/src/common/pico_time/time.c.obj
                0x10000ec4                alarm_pool_init_default
 .text.hardware_alarm_irq_handler
                0x10000f3c       0xb0 CMakeFiles/detection_responder_test_int8.dir/home/pi/PicoCamDemo/pico-setup/pico/pico-sdk/src/rp2_common/hardware_timer/timer.c.obj
 .text.hardware_alarm_claim
                0x10000fec       0x18 CMakeFiles/detection_responder_test_int8.dir/home/pi/PicoCamDemo/pico-setup/pico/pico-sdk/src/rp2_common/hardware_timer/timer.c.obj
                0x10000fec                hardware_alarm_claim
 .text.time_us_64
                0x10001004       0x18 CMakeFiles/detection_responder_test_int8.dir/home/pi/PicoCamDemo/pico-setup/pico/pico-sdk/src/rp2_common/hardware_timer/timer.c.obj
                0x10001004                time_us_64
 .text.hardware_alarm_set_callback
                0x1000101c       0x8c CMakeFiles/detection_responder_test_int8.dir/home/pi/PicoCamDemo/pico-setup/pico/pico-sdk/src/rp2_common/hardware_timer/timer.c.obj
                0x1000101c                hardware_alarm_set_callback
 .text.hardware_alarm_set_target
                0x100010a8       0xb4 CMakeFiles/detection_responder_test_int8.dir/home/pi/PicoCamDemo/pico-setup/pico/pico-sdk/src/rp2_common/hardware_timer/timer.c.obj
                0x100010a8                hardware_alarm_set_target
 .text.hardware_alarm_cancel
                0x1000115c       0x40 CMakeFiles/detection_responder_test_int8.dir/home/pi/PicoCamDemo/pico-setup/pico/pico-sdk/src/rp2_common/hardware_timer/timer.c.obj
                0x1000115c                hardware_alarm_cancel
 .text.lock_init
                0x1000119c       0x10 CMakeFiles/detection_responder_test_int8.dir/home/pi/PicoCamDemo/pico-setup/pico/pico-sdk/src/common/pico_sync/lock_core.c.obj
                0x1000119c                lock_init
 .text.mutex_init
                0x100011ac       0x1c CMakeFiles/detection_responder_test_int8.dir/home/pi/PicoCamDemo/pico-setup/pico/pico-sdk/src/common/pico_sync/mutex.c.obj
                0x100011ac                mutex_init
 .text.ph_merge_two_pass.part.3
                0x100011c8       0xcc CMakeFiles/detection_responder_test_int8.dir/home/pi/PicoCamDemo/pico-setup/pico/pico-sdk/src/common/pico_util/pheap.c.obj
 .text.ph_create
                0x10001294       0x60 CMakeFiles/detection_responder_test_int8.dir/home/pi/PicoCamDemo/pico-setup/pico/pico-sdk/src/common/pico_util/pheap.c.obj
                0x10001294                ph_create
 .text.ph_remove_head_reserve
                0x100012f4      0x158 CMakeFiles/detection_responder_test_int8.dir/home/pi/PicoCamDemo/pico-setup/pico/pico-sdk/src/common/pico_util/pheap.c.obj
                0x100012f4                ph_remove_head_reserve
 .text.ph_delete
                0x1000144c      0x340 CMakeFiles/detection_responder_test_int8.dir/home/pi/PicoCamDemo/pico-setup/pico/pico-sdk/src/common/pico_util/pheap.c.obj
                0x1000144c                ph_delete
 .text.runtime_init
                0x1000178c       0xec CMakeFiles/detection_responder_test_int8.dir/home/pi/PicoCamDemo/pico-setup/pico/pico-sdk/src/rp2_common/pico_runtime/runtime.c.obj
                0x1000178c                runtime_init
 .text._sbrk    0x10001878       0x34 CMakeFiles/detection_responder_test_int8.dir/home/pi/PicoCamDemo/pico-setup/pico/pico-sdk/src/rp2_common/pico_runtime/runtime.c.obj
                0x10001878                _sbrk
 .text.exit     0x100018ac        0x4 CMakeFiles/detection_responder_test_int8.dir/home/pi/PicoCamDemo/pico-setup/pico/pico-sdk/src/rp2_common/pico_runtime/runtime.c.obj
                0x100018ac                exit
 .text.panic    0x100018b0       0x30 CMakeFiles/detection_responder_test_int8.dir/home/pi/PicoCamDemo/pico-setup/pico/pico-sdk/src/rp2_common/pico_runtime/runtime.c.obj
                0x100018b0                panic
 .text.hard_assertion_failure
                0x100018e0        0xc CMakeFiles/detection_responder_test_int8.dir/home/pi/PicoCamDemo/pico-setup/pico/pico-sdk/src/rp2_common/pico_runtime/runtime.c.obj
                0x100018e0                hard_assertion_failure
 .text.clocks_init
                0x100018ec      0x2ec CMakeFiles/detection_responder_test_int8.dir/home/pi/PicoCamDemo/pico-setup/pico/pico-sdk/src/rp2_common/hardware_clocks/clocks.c.obj
                0x100018ec                clocks_init
 .text.clock_get_hz
                0x10001bd8        0xc CMakeFiles/detection_responder_test_int8.dir/home/pi/PicoCamDemo/pico-setup/pico/pico-sdk/src/rp2_common/hardware_clocks/clocks.c.obj
                0x10001bd8                clock_get_hz
 .text.watchdog_start_tick
                0x10001be4       0x10 CMakeFiles/detection_responder_test_int8.dir/home/pi/PicoCamDemo/pico-setup/pico/pico-sdk/src/rp2_common/hardware_watchdog/watchdog.c.obj
                0x10001be4                watchdog_start_tick
 .text.xosc_init
                0x10001bf4       0x28 CMakeFiles/detection_responder_test_int8.dir/home/pi/PicoCamDemo/pico-setup/pico/pico-sdk/src/rp2_common/hardware_xosc/xosc.c.obj
                0x10001bf4                xosc_init
 .text.pll_init
                0x10001c1c       0x54 CMakeFiles/detection_responder_test_int8.dir/home/pi/PicoCamDemo/pico-setup/pico/pico-sdk/src/rp2_common/hardware_pll/pll.c.obj
                0x10001c1c                pll_init
 .text.irq_set_enabled
                0x10001c70       0x24 CMakeFiles/detection_responder_test_int8.dir/home/pi/PicoCamDemo/pico-setup/pico/pico-sdk/src/rp2_common/hardware_irq/irq.c.obj
                0x10001c70                irq_set_enabled
 .text.irq_get_vtable_handler
                0x10001c94       0x10 CMakeFiles/detection_responder_test_int8.dir/home/pi/PicoCamDemo/pico-setup/pico/pico-sdk/src/rp2_common/hardware_irq/irq.c.obj
                0x10001c94                irq_get_vtable_handler
 .text.irq_set_exclusive_handler
                0x10001ca4       0x54 CMakeFiles/detection_responder_test_int8.dir/home/pi/PicoCamDemo/pico-setup/pico/pico-sdk/src/rp2_common/hardware_irq/irq.c.obj
                0x10001ca4                irq_set_exclusive_handler
 .text.irq_remove_handler
                0x10001cf8      0x1c8 CMakeFiles/detection_responder_test_int8.dir/home/pi/PicoCamDemo/pico-setup/pico/pico-sdk/src/rp2_common/hardware_irq/irq.c.obj
                0x10001cf8                irq_remove_handler
 .text.irq_add_tail_to_free_list
                0x10001ec0       0xbc CMakeFiles/detection_responder_test_int8.dir/home/pi/PicoCamDemo/pico-setup/pico/pico-sdk/src/rp2_common/hardware_irq/irq.c.obj
                0x10001ec0                irq_add_tail_to_free_list
 .text.irq_init_priorities
                0x10001f7c       0x38 CMakeFiles/detection_responder_test_int8.dir/home/pi/PicoCamDemo/pico-setup/pico/pico-sdk/src/rp2_common/hardware_irq/irq.c.obj
                0x10001f7c                irq_init_priorities
 .text._out_null
                0x10001fb4        0x4 CMakeFiles/detection_responder_test_int8.dir/home/pi/PicoCamDemo/pico-setup/pico/pico-sdk/src/rp2_common/pico_printf/printf.c.obj
 .text._out_fct
                0x10001fb8       0x10 CMakeFiles/detection_responder_test_int8.dir/home/pi/PicoCamDemo/pico-setup/pico/pico-sdk/src/rp2_common/pico_printf/printf.c.obj
 .text._out_char
                0x10001fc8        0xc CMakeFiles/detection_responder_test_int8.dir/home/pi/PicoCamDemo/pico-setup/pico/pico-sdk/src/rp2_common/pico_printf/printf.c.obj
 .text._ntoa_format
                0x10001fd4      0x270 CMakeFiles/detection_responder_test_int8.dir/home/pi/PicoCamDemo/pico-setup/pico/pico-sdk/src/rp2_common/pico_printf/printf.c.obj
 .text._ftoa    0x10002244      0x6f8 CMakeFiles/detection_responder_test_int8.dir/home/pi/PicoCamDemo/pico-setup/pico/pico-sdk/src/rp2_common/pico_printf/printf.c.obj
 .text._etoa.part.0
                0x1000293c      0x99c CMakeFiles/detection_responder_test_int8.dir/home/pi/PicoCamDemo/pico-setup/pico/pico-sdk/src/rp2_common/pico_printf/printf.c.obj
 .text._vsnprintf
                0x100032d8      0xa24 CMakeFiles/detection_responder_test_int8.dir/home/pi/PicoCamDemo/pico-setup/pico/pico-sdk/src/rp2_common/pico_printf/printf.c.obj
 .text.vfctprintf
                0x10003cfc       0x20 CMakeFiles/detection_responder_test_int8.dir/home/pi/PicoCamDemo/pico-setup/pico/pico-sdk/src/rp2_common/pico_printf/printf.c.obj
                0x10003cfc                vfctprintf
 .text.weak_raw_vprintf
                0x10003d1c       0x30 CMakeFiles/detection_responder_test_int8.dir/home/pi/PicoCamDemo/pico-setup/pico/pico-sdk/src/rp2_common/pico_printf/printf.c.obj
                0x10003d1c                weak_raw_vprintf
 .text          0x10003d4c       0x10 CMakeFiles/detection_responder_test_int8.dir/home/pi/PicoCamDemo/pico-setup/pico/pico-sdk/src/rp2_common/pico_bit_ops/bit_ops_aeabi.S.obj
 .text.rom_func_lookup
                0x10003d5c       0x10 CMakeFiles/detection_responder_test_int8.dir/home/pi/PicoCamDemo/pico-setup/pico/pico-sdk/src/rp2_common/pico_bootrom/bootrom.c.obj
                0x10003d5c                rom_func_lookup
 .text.rom_data_lookup
                0x10003d6c       0x10 CMakeFiles/detection_responder_test_int8.dir/home/pi/PicoCamDemo/pico-setup/pico/pico-sdk/src/rp2_common/pico_bootrom/bootrom.c.obj
                0x10003d6c                rom_data_lookup
 .text.rom_funcs_lookup
                0x10003d7c       0x3c CMakeFiles/detection_responder_test_int8.dir/home/pi/PicoCamDemo/pico-setup/pico/pico-sdk/src/rp2_common/pico_bootrom/bootrom.c.obj
                0x10003d7c                rom_funcs_lookup
 .text.__wrap___aeabi_idiv
                0x10003db8       0x58 CMakeFiles/detection_responder_test_int8.dir/home/pi/PicoCamDemo/pico-setup/pico/pico-sdk/src/rp2_common/pico_divider/divider.S.obj
                0x10003db8                __wrap___aeabi_idivmod
                0x10003db8                divmod_s32s32
                0x10003db8                div_s32s32
                0x10003db8                __wrap___aeabi_idiv
                0x10003dc0                divmod_s32s32_unsafe
                0x10003dec                divmod_s32s32_savestate
 .text.__wrap___aeabi_uidiv
                0x10003e10       0x54 CMakeFiles/detection_responder_test_int8.dir/home/pi/PicoCamDemo/pico-setup/pico/pico-sdk/src/rp2_common/pico_divider/divider.S.obj
                0x10003e10                __wrap___aeabi_uidiv
                0x10003e10                __wrap___aeabi_uidivmod
                0x10003e10                div_u32u32
                0x10003e10                divmod_u32u32
                0x10003e18                divmod_u32u32_unsafe
                0x10003e40                divmod_u32u32_savestate
 .text.__wrap___aeabi_ldiv
                0x10003e64      0x430 CMakeFiles/detection_responder_test_int8.dir/home/pi/PicoCamDemo/pico-setup/pico/pico-sdk/src/rp2_common/pico_divider/divider.S.obj
                0x10003e64                div_s64s64
                0x10003e64                divmod_s64s64
                0x10003e64                __wrap___aeabi_ldivmod
                0x10003e9c                div_u64u64
                0x10003e9c                divmod_u64u64
                0x10003e9c                __wrap___aeabi_uldivmod
                0x10003eac                divmod_u64u64_savestate
                0x10003ed4                divmod_s64s64_unsafe
                0x10003f5c                divmod_u64u64_unsafe
 .text.__wrap___aeabi_darithmetic
                0x10004294       0x54 CMakeFiles/detection_responder_test_int8.dir/home/pi/PicoCamDemo/pico-setup/pico/pico-sdk/src/rp2_common/pico_double/double_aeabi.S.obj
                0x10004294                __wrap___aeabi_drsub
                0x1000429a                __wrap___aeabi_dsub
                0x100042ac                __wrap___aeabi_dadd
                0x100042be                __wrap___aeabi_ddiv
                0x100042d0                __wrap___aeabi_dmul
 .text.__wrap___aeabi_cdcmple
                0x100042e8       0x6c CMakeFiles/detection_responder_test_int8.dir/home/pi/PicoCamDemo/pico-setup/pico/pico-sdk/src/rp2_common/pico_double/double_aeabi.S.obj
                0x100042e8                __wrap___aeabi_cdrcmple
                0x100042f8                __wrap___aeabi_cdcmple
                0x100042f8                __wrap___aeabi_cdcmpeq
 .text.__wrap___aeabi_dcmplt
                0x10004354        0xc CMakeFiles/detection_responder_test_int8.dir/home/pi/PicoCamDemo/pico-setup/pico/pico-sdk/src/rp2_common/pico_double/double_aeabi.S.obj
                0x10004354                __wrap___aeabi_dcmplt
 .text.__wrap___aeabi_dcmpge
                0x10004360       0x10 CMakeFiles/detection_responder_test_int8.dir/home/pi/PicoCamDemo/pico-setup/pico/pico-sdk/src/rp2_common/pico_double/double_aeabi.S.obj
                0x10004360                __wrap___aeabi_dcmpge
 .text.__wrap___aeabi_dcmpgt
                0x10004370        0xa CMakeFiles/detection_responder_test_int8.dir/home/pi/PicoCamDemo/pico-setup/pico/pico-sdk/src/rp2_common/pico_double/double_aeabi.S.obj
                0x10004370                __wrap___aeabi_dcmpgt
 .text.__wrap___aeabi_dcmpun
                0x1000437a       0x1c CMakeFiles/detection_responder_test_int8.dir/home/pi/PicoCamDemo/pico-setup/pico/pico-sdk/src/rp2_common/pico_double/double_aeabi.S.obj
                0x1000437a                __wrap___aeabi_dcmpun
 *fill*         0x10004396        0x2 
 .text.__wrap___aeabi_i2d
                0x10004398       0x38 CMakeFiles/detection_responder_test_int8.dir/home/pi/PicoCamDemo/pico-setup/pico/pico-sdk/src/rp2_common/pico_double/double_aeabi.S.obj
                0x10004398                __wrap___aeabi_ui2d
                0x100043a0                __wrap___aeabi_i2d
 .text.__wrap___aeabi_d2iz
                0x100043d0       0x48 CMakeFiles/detection_responder_test_int8.dir/home/pi/PicoCamDemo/pico-setup/pico/pico-sdk/src/rp2_common/pico_double/double_aeabi.S.obj
                0x100043d0                __wrap___aeabi_d2iz
                0x100043d0                double2int_z
 .text.__wrap___aeabi_d2uiz
                0x10004418       0x18 CMakeFiles/detection_responder_test_int8.dir/home/pi/PicoCamDemo/pico-setup/pico/pico-sdk/src/rp2_common/pico_double/double_aeabi.S.obj
                0x10004418                double2uint
                0x10004418                __wrap___aeabi_d2uiz
 .text.__wrap___aeabi_d2f
                0x10004430       0x18 CMakeFiles/detection_responder_test_int8.dir/home/pi/PicoCamDemo/pico-setup/pico/pico-sdk/src/rp2_common/pico_double/double_aeabi.S.obj
                0x10004430                __wrap___aeabi_d2f
 .text.__aeabi_double_init
                0x10004448       0x4c CMakeFiles/detection_responder_test_int8.dir/home/pi/PicoCamDemo/pico-setup/pico/pico-sdk/src/rp2_common/pico_double/double_init_rom.c.obj
                0x10004448                __aeabi_double_init
 .text.double_table_shim_on_use_helper
                0x10004494       0x2c CMakeFiles/detection_responder_test_int8.dir/home/pi/PicoCamDemo/pico-setup/pico/pico-sdk/src/rp2_common/pico_double/double_v1_rom_shim.S.obj
                0x10004494                double_table_shim_on_use_helper
 .text.__wrap___aeabi_dsub
                0x100044c0       0x10 CMakeFiles/detection_responder_test_int8.dir/home/pi/PicoCamDemo/pico-setup/pico/pico-sdk/src/rp2_common/pico_double/double_v1_rom_shim.S.obj
                0x100044c0                drsub_shim
                0x100044c6                dsub_shim
 .text.dadd_shim
                0x100044d0      0x15c CMakeFiles/detection_responder_test_int8.dir/home/pi/PicoCamDemo/pico-setup/pico/pico-sdk/src/rp2_common/pico_double/double_v1_rom_shim.S.obj
                0x100044d0                dadd_shim
 .text.dmul_shim
                0x1000462c      0x15c CMakeFiles/detection_responder_test_int8.dir/home/pi/PicoCamDemo/pico-setup/pico/pico-sdk/src/rp2_common/pico_double/double_v1_rom_shim.S.obj
                0x1000462c                dmul_shim
 .text.ddiv_shim
                0x10004788      0x1b0 CMakeFiles/detection_responder_test_int8.dir/home/pi/PicoCamDemo/pico-setup/pico/pico-sdk/src/rp2_common/pico_double/double_v1_rom_shim.S.obj
                0x10004788                ddiv_shim
 .text.dcordic_rot_step
                0x10004938       0x7c CMakeFiles/detection_responder_test_int8.dir/home/pi/PicoCamDemo/pico-setup/pico/pico-sdk/src/rp2_common/pico_double/double_v1_rom_shim.S.obj
                0x10004938                dcordic_rot_step
 .text.double2uint_shim
                0x100049b4        0xe CMakeFiles/detection_responder_test_int8.dir/home/pi/PicoCamDemo/pico-setup/pico/pico-sdk/src/rp2_common/pico_double/double_v1_rom_shim.S.obj
                0x100049b4                double2uint_shim
                0x100049b6                double2ufix_shim
 *fill*         0x100049c2        0x2 
 .text.double2uint64_shim
                0x100049c4       0x6c CMakeFiles/detection_responder_test_int8.dir/home/pi/PicoCamDemo/pico-setup/pico/pico-sdk/src/rp2_common/pico_double/double_v1_rom_shim.S.obj
                0x100049c4                double2uint64_shim
                0x100049c6                double2ufix64_shim
                0x100049e0                d2fix_a
 .text.double2float_shim
                0x10004a30       0x5c CMakeFiles/detection_responder_test_int8.dir/home/pi/PicoCamDemo/pico-setup/pico/pico-sdk/src/rp2_common/pico_double/double_v1_rom_shim.S.obj
                0x10004a30                double2float_shim
 .text.dunpacks
                0x10004a8c       0x3c CMakeFiles/detection_responder_test_int8.dir/home/pi/PicoCamDemo/pico-setup/pico/pico-sdk/src/rp2_common/pico_double/double_v1_rom_shim.S.obj
                0x10004a8c                dunpacks
 .text.__wrap___aeabi_cfcmple
                0x10004ac8       0x50 CMakeFiles/detection_responder_test_int8.dir/home/pi/PicoCamDemo/pico-setup/pico/pico-sdk/src/rp2_common/pico_float/float_aeabi.S.obj
                0x10004ac8                __wrap___aeabi_cfrcmple
                0x10004ad4                __wrap___aeabi_cfcmpeq
                0x10004ad4                __wrap___aeabi_cfcmple
 .text.__wrap___aeabi_fcmplt
                0x10004b18        0xc CMakeFiles/detection_responder_test_int8.dir/home/pi/PicoCamDemo/pico-setup/pico/pico-sdk/src/rp2_common/pico_float/float_aeabi.S.obj
                0x10004b18                __wrap___aeabi_fcmplt
 .text.__wrap___aeabi_i2f
                0x10004b24       0x44 CMakeFiles/detection_responder_test_int8.dir/home/pi/PicoCamDemo/pico-setup/pico/pico-sdk/src/rp2_common/pico_float/float_aeabi.S.obj
                0x10004b24                __wrap___aeabi_i2f
 .text.__aeabi_float_init
                0x10004b68       0x68 CMakeFiles/detection_responder_test_int8.dir/home/pi/PicoCamDemo/pico-setup/pico/pico-sdk/src/rp2_common/pico_float/float_init_rom.c.obj
                0x10004b68                __aeabi_float_init
 .text.float_table_shim_on_use_helper
                0x10004bd0       0x2c CMakeFiles/detection_responder_test_int8.dir/home/pi/PicoCamDemo/pico-setup/pico/pico-sdk/src/rp2_common/pico_float/float_v1_rom_shim.S.obj
                0x10004bd0                float_table_shim_on_use_helper
 .text.__wrap_malloc
                0x10004bfc        0x8 CMakeFiles/detection_responder_test_int8.dir/home/pi/PicoCamDemo/pico-setup/pico/pico-sdk/src/rp2_common/pico_malloc/pico_malloc.c.obj
                0x10004bfc                __wrap_malloc
 .text.__wrap_calloc
                0x10004c04        0x8 CMakeFiles/detection_responder_test_int8.dir/home/pi/PicoCamDemo/pico-setup/pico/pico-sdk/src/rp2_common/pico_malloc/pico_malloc.c.obj
                0x10004c04                __wrap_calloc
 .text          0x10004c0c       0x10 CMakeFiles/detection_responder_test_int8.dir/home/pi/PicoCamDemo/pico-setup/pico/pico-sdk/src/rp2_common/pico_mem_ops/mem_ops_aeabi.S.obj
                0x10004c0c                __aeabi_mem_init
 .text.memset   0x10004c1c        0xc CMakeFiles/detection_responder_test_int8.dir/home/pi/PicoCamDemo/pico-setup/pico/pico-sdk/src/rp2_common/pico_mem_ops/mem_ops_aeabi.S.obj
                0x10004c1c                __wrap_memset
 .text.memcpy   0x10004c28        0xc CMakeFiles/detection_responder_test_int8.dir/home/pi/PicoCamDemo/pico-setup/pico/pico-sdk/src/rp2_common/pico_mem_ops/mem_ops_aeabi.S.obj
                0x10004c28                __wrap___aeabi_memcpy
                0x10004c28                __wrap_memcpy
 .text.stdio_out_chars_crlf.part.0
                0x10004c34       0x8c CMakeFiles/detection_responder_test_int8.dir/home/pi/PicoCamDemo/pico-setup/pico/pico-sdk/src/rp2_common/pico_stdio/stdio.c.obj
 .text.stdio_buffered_printer
                0x10004cc0       0x70 CMakeFiles/detection_responder_test_int8.dir/home/pi/PicoCamDemo/pico-setup/pico/pico-sdk/src/rp2_common/pico_stdio/stdio.c.obj
 .text.__wrap_putchar
                0x10004d30       0xac CMakeFiles/detection_responder_test_int8.dir/home/pi/PicoCamDemo/pico-setup/pico/pico-sdk/src/rp2_common/pico_stdio/stdio.c.obj
                0x10004d30                __wrap_putchar
 .text.__wrap_puts
                0x10004ddc      0x120 CMakeFiles/detection_responder_test_int8.dir/home/pi/PicoCamDemo/pico-setup/pico/pico-sdk/src/rp2_common/pico_stdio/stdio.c.obj
                0x10004ddc                __wrap_puts
 .text.stdio_set_driver_enabled
                0x10004efc       0x3c CMakeFiles/detection_responder_test_int8.dir/home/pi/PicoCamDemo/pico-setup/pico/pico-sdk/src/rp2_common/pico_stdio/stdio.c.obj
                0x10004efc                stdio_set_driver_enabled
 .text.__wrap_vprintf
                0x10004f38       0xe0 CMakeFiles/detection_responder_test_int8.dir/home/pi/PicoCamDemo/pico-setup/pico/pico-sdk/src/rp2_common/pico_stdio/stdio.c.obj
                0x10004f38                __wrap_vprintf
 .text.__wrap_printf
                0x10005018       0x18 CMakeFiles/detection_responder_test_int8.dir/home/pi/PicoCamDemo/pico-setup/pico/pico-sdk/src/rp2_common/pico_stdio/stdio.c.obj
                0x10005018                __wrap_printf
 .text.stdio_uart_out_chars
                0x10005030       0x3c CMakeFiles/detection_responder_test_int8.dir/home/pi/PicoCamDemo/pico-setup/pico/pico-sdk/src/rp2_common/pico_stdio_uart/stdio_uart.c.obj
 .text.stdio_uart_in_chars
                0x1000506c       0x3c CMakeFiles/detection_responder_test_int8.dir/home/pi/PicoCamDemo/pico-setup/pico/pico-sdk/src/rp2_common/pico_stdio_uart/stdio_uart.c.obj
                0x1000506c                stdio_uart_in_chars
 .text.stdio_uart_init
                0x100050a8       0x40 CMakeFiles/detection_responder_test_int8.dir/home/pi/PicoCamDemo/pico-setup/pico/pico-sdk/src/rp2_common/pico_stdio_uart/stdio_uart.c.obj
                0x100050a8                stdio_uart_init
 .text.startup._GLOBAL__sub_I__ZN9__gnu_cxx9__freeresEv
                0x100050e8       0x2c /usr/lib/gcc/arm-none-eabi/7.3.1/../../../arm-none-eabi/lib/thumb/v6-m/libstdc++.a(eh_alloc.o)
 .text          0x10005114       0x18 /usr/lib/gcc/arm-none-eabi/7.3.1/../../../arm-none-eabi/lib/thumb/v6-m/libc.a(lib_a-calloc.o)
                0x10005114                calloc
 .text          0x1000512c       0x58 /usr/lib/gcc/arm-none-eabi/7.3.1/../../../arm-none-eabi/lib/thumb/v6-m/libc.a(lib_a-callocr.o)
                0x1000512c                _calloc_r
 .text          0x10005184       0x28 /usr/lib/gcc/arm-none-eabi/7.3.1/../../../arm-none-eabi/lib/thumb/v6-m/libc.a(lib_a-malloc.o)
                0x10005184                malloc
                0x10005198                free
 .text          0x100051ac      0x570 /usr/lib/gcc/arm-none-eabi/7.3.1/../../../arm-none-eabi/lib/thumb/v6-m/libc.a(lib_a-mallocr.o)
                0x100051ac                _malloc_r
 .text          0x1000571c        0x8 /usr/lib/gcc/arm-none-eabi/7.3.1/../../../arm-none-eabi/lib/thumb/v6-m/libc.a(lib_a-mlock.o)
                0x1000571c                __malloc_lock
                0x10005720                __malloc_unlock
 .text          0x10005724       0x24 /usr/lib/gcc/arm-none-eabi/7.3.1/../../../arm-none-eabi/lib/thumb/v6-m/libc.a(lib_a-sbrkr.o)
                0x10005724                _sbrk_r
 .text          0x10005748       0x64 /usr/lib/gcc/arm-none-eabi/7.3.1/../../../arm-none-eabi/lib/thumb/v6-m/libc.a(lib_a-strlen-stub.o)
                0x10005748                strlen
 .text          0x100057ac      0x274 /usr/lib/gcc/arm-none-eabi/7.3.1/../../../arm-none-eabi/lib/thumb/v6-m/libc.a(lib_a-freer.o)
                0x100057ac                _malloc_trim_r
                0x1000584c                _free_r
 *(.fini)
 .fini          0x10005a20        0x4 /usr/lib/gcc/arm-none-eabi/7.3.1/thumb/v6-m/crti.o
                0x10005a20                _fini
 *fill*         0x10005a24        0x4 
 .fini.__stub   0x10005a28       0x50 linker stubs
 *crtbegin.o(.ctors)
 *crtbegin?.o(.ctors)
 *(EXCLUDE_FILE(*crtend.o *crtend?.o) .ctors)
 *(SORT_BY_NAME(.ctors.*))
 *(.ctors)
 *crtbegin.o(.dtors)
 *crtbegin?.o(.dtors)
 *(EXCLUDE_FILE(*crtend.o *crtend?.o) .dtors)
 *(SORT_BY_NAME(.dtors.*))
 *(.dtors)
 *(.eh_frame*)
 .eh_frame      0x10005a78        0x0 /usr/lib/gcc/arm-none-eabi/7.3.1/thumb/v6-m/crtbegin.o
                0x10005a78                . = ALIGN (0x4)

.glue_7         0x10005a78        0x0
 .glue_7        0x10005a78        0x0 linker stubs

.glue_7t        0x10005a78        0x0
 .glue_7t       0x10005a78        0x0 linker stubs

.vfp11_veneer   0x10005a78        0x0
 .vfp11_veneer  0x10005a78        0x0 linker stubs

.v4_bx          0x10005a78        0x0
 .v4_bx         0x10005a78        0x0 linker stubs

.iplt           0x10005a78        0x0
 .iplt          0x10005a78        0x0 /usr/lib/gcc/arm-none-eabi/7.3.1/thumb/v6-m/crtbegin.o

.rodata         0x10005a78      0x3d8
 *(EXCLUDE_FILE(*libm.a: *libc.a:*lib_a-mem*.o *libgcc.a:) .rodata*)
 .rodata._Z18RespondToDetectionPN6tflite13ErrorReporterEaa.str1.4
                0x10005a78       0x23 CMakeFiles/detection_responder_test_int8.dir/detection_responder.cpp.obj
 *fill*         0x10005a9b        0x1 
 .rodata.main.str1.4
                0x10005a9c       0x5d CMakeFiles/detection_responder_test_int8.dir/detection_responder_test.cpp.obj
 *fill*         0x10005af9        0x3 
 .rodata._ZN6tflite18MicroErrorReporter6ReportEPKcSt9__va_list.str1.4
                0x10005afc        0x3 CMakeFiles/detection_responder_test_int8.dir/__/__/src/tensorflow/lite/micro/micro_error_reporter.cpp.obj
 *fill*         0x10005aff        0x1 
 .rodata._ZTVN6tflite18MicroErrorReporterE
                0x10005b00       0x14 CMakeFiles/detection_responder_test_int8.dir/__/__/src/tensorflow/lite/micro/micro_error_reporter.cpp.obj
                0x10005b00                vtable for tflite::MicroErrorReporter
 .rodata.MicroVsnprintf.str1.4
                0x10005b14        0xc CMakeFiles/detection_responder_test_int8.dir/__/__/src/tensorflow/lite/micro/micro_string.cpp.obj
 .rodata.DebugLog.str1.4
                0x10005b20        0x3 CMakeFiles/detection_responder_test_int8.dir/__/__/src/tensorflow/lite/micro/rp2/debug_log.cpp.obj
 *fill*         0x10005b23        0x1 
 .rodata.hardware_alarm_claim.str1.4
                0x10005b24       0x22 CMakeFiles/detection_responder_test_int8.dir/home/pi/PicoCamDemo/pico-setup/pico/pico-sdk/src/rp2_common/hardware_timer/timer.c.obj
 *fill*         0x10005b46        0x2 
 .rodata.hard_assertion_failure.str1.4
                0x10005b48        0xc CMakeFiles/detection_responder_test_int8.dir/home/pi/PicoCamDemo/pico-setup/pico/pico-sdk/src/rp2_common/pico_runtime/runtime.c.obj
 .rodata.panic.str1.4
                0x10005b54       0x12 CMakeFiles/detection_responder_test_int8.dir/home/pi/PicoCamDemo/pico-setup/pico/pico-sdk/src/rp2_common/pico_runtime/runtime.c.obj
 *fill*         0x10005b66        0x2 
 .rodata._vsnprintf
                0x10005b68      0x1e0 CMakeFiles/detection_responder_test_int8.dir/home/pi/PicoCamDemo/pico-setup/pico/pico-sdk/src/rp2_common/pico_printf/printf.c.obj
 .rodata._ftoa.str1.4
                0x10005d48       0x15 CMakeFiles/detection_responder_test_int8.dir/home/pi/PicoCamDemo/pico-setup/pico/pico-sdk/src/rp2_common/pico_printf/printf.c.obj
 *fill*         0x10005d5d        0x3 
 .rodata.pow10.5370
                0x10005d60       0x50 CMakeFiles/detection_responder_test_int8.dir/home/pi/PicoCamDemo/pico-setup/pico/pico-sdk/src/rp2_common/pico_printf/printf.c.obj
 .rodata.__bi_40
                0x10005db0        0xc CMakeFiles/detection_responder_test_int8.dir/home/pi/PicoCamDemo/pico-setup/pico/pico-sdk/src/rp2_common/pico_standard_link/binary_info.c.obj
 .rodata.__bi_71
                0x10005dbc        0xc CMakeFiles/detection_responder_test_int8.dir/home/pi/PicoCamDemo/pico-setup/pico/pico-sdk/src/rp2_common/pico_standard_link/binary_info.c.obj
 .rodata.str1.4
                0x10005dc8       0x44 CMakeFiles/detection_responder_test_int8.dir/home/pi/PicoCamDemo/pico-setup/pico/pico-sdk/src/rp2_common/pico_standard_link/binary_info.c.obj
 .rodata.crlf_str.5904
                0x10005e0c        0x2 CMakeFiles/detection_responder_test_int8.dir/home/pi/PicoCamDemo/pico-setup/pico/pico-sdk/src/rp2_common/pico_stdio/stdio.c.obj
 *fill*         0x10005e0e        0x2 
 .rodata.__bi_27.4645
                0x10005e10        0xc CMakeFiles/detection_responder_test_int8.dir/home/pi/PicoCamDemo/pico-setup/pico/pico-sdk/src/rp2_common/pico_stdio_uart/stdio_uart.c.obj
 .rodata.__bi_28.4649
                0x10005e1c        0x8 CMakeFiles/detection_responder_test_int8.dir/home/pi/PicoCamDemo/pico-setup/pico/pico-sdk/src/rp2_common/pico_stdio_uart/stdio_uart.c.obj
 .rodata.str1.4
                0x10005e24       0x2c CMakeFiles/detection_responder_test_int8.dir/home/pi/PicoCamDemo/pico-setup/pico/pico-sdk/src/rp2_common/pico_stdio_uart/stdio_uart.c.obj
                0x10005e50                . = ALIGN (0x4)
 *(SORT_BY_ALIGNMENT(SORT_BY_NAME(.flashdata*)))
                0x10005e50                . = ALIGN (0x4)

.ARM.extab
 *(.ARM.extab* .gnu.linkonce.armextab.*)
                0x10005e50                __exidx_start = .

.ARM.exidx      0x10005e50        0x8
 *(.ARM.exidx* .gnu.linkonce.armexidx.*)
 .ARM.exidx.text.startup._GLOBAL__sub_I__ZN9__gnu_cxx9__freeresEv
                0x10005e50        0x8 /usr/lib/gcc/arm-none-eabi/7.3.1/../../../arm-none-eabi/lib/thumb/v6-m/libstdc++.a(eh_alloc.o)
                0x10005e58                __exidx_end = .

.rel.dyn        0x10005e58        0x0
 .rel.iplt      0x10005e58        0x0 /usr/lib/gcc/arm-none-eabi/7.3.1/thumb/v6-m/crtbegin.o
                0x10005e58                . = ALIGN (0x4)
                0x10005e58                __binary_info_start = .

.binary_info    0x10005e58       0x20
 *(.binary_info.keep.*)
 .binary_info.keep.__bi_ptr18
                0x10005e58        0x4 CMakeFiles/detection_responder_test_int8.dir/home/pi/PicoCamDemo/pico-setup/pico/pico-sdk/src/rp2_common/pico_standard_link/binary_info.c.obj
 .binary_info.keep.__bi_ptr26
                0x10005e5c        0x4 CMakeFiles/detection_responder_test_int8.dir/home/pi/PicoCamDemo/pico-setup/pico/pico-sdk/src/rp2_common/pico_standard_link/binary_info.c.obj
 .binary_info.keep.__bi_ptr34
                0x10005e60        0x4 CMakeFiles/detection_responder_test_int8.dir/home/pi/PicoCamDemo/pico-setup/pico/pico-sdk/src/rp2_common/pico_standard_link/binary_info.c.obj
 .binary_info.keep.__bi_ptr40
                0x10005e64        0x4 CMakeFiles/detection_responder_test_int8.dir/home/pi/PicoCamDemo/pico-setup/pico/pico-sdk/src/rp2_common/pico_standard_link/binary_info.c.obj
 .binary_info.keep.__bi_ptr46
                0x10005e68        0x4 CMakeFiles/detection_responder_test_int8.dir/home/pi/PicoCamDemo/pico-setup/pico/pico-sdk/src/rp2_common/pico_standard_link/binary_info.c.obj
 .binary_info.keep.__bi_ptr71
                0x10005e6c        0x4 CMakeFiles/detection_responder_test_int8.dir/home/pi/PicoCamDemo/pico-setup/pico/pico-sdk/src/rp2_common/pico_standard_link/binary_info.c.obj
 *(.binary_info.*)
 .binary_info.__bi_ptr27
                0x10005e70        0x4 CMakeFiles/detection_responder_test_int8.dir/home/pi/PicoCamDemo/pico-setup/pico/pico-sdk/src/rp2_common/pico_stdio_uart/stdio_uart.c.obj
 .binary_info.__bi_ptr28
                0x10005e74        0x4 CMakeFiles/detection_responder_test_int8.dir/home/pi/PicoCamDemo/pico-setup/pico/pico-sdk/src/rp2_common/pico_stdio_uart/stdio_uart.c.obj
                0x10005e78                __binary_info_end = .
                0x10005e78                . = ALIGN (0x4)
                0x10005e78                __etext = .

.ram_vector_table
                0x20000000       0xc0
 *(.ram_vector_table)
 .ram_vector_table
                0x20000000       0xc0 CMakeFiles/detection_responder_test_int8.dir/home/pi/PicoCamDemo/pico-setup/pico/pico-sdk/src/rp2_common/pico_runtime/runtime.c.obj
                0x20000000                ram_vector_table

.data           0x200000c0      0x9a8 load address 0x10005e78
                0x200000c0                __data_start__ = .
 *(vtable)
 *(.time_critical*)
 .time_critical.mutex_enter_blocking
                0x200000c0       0x4c CMakeFiles/detection_responder_test_int8.dir/home/pi/PicoCamDemo/pico-setup/pico/pico-sdk/src/common/pico_sync/mutex.c.obj
                0x200000c0                mutex_enter_blocking
 .time_critical.mutex_try_enter
                0x2000010c       0x48 CMakeFiles/detection_responder_test_int8.dir/home/pi/PicoCamDemo/pico-setup/pico/pico-sdk/src/common/pico_sync/mutex.c.obj
                0x2000010c                mutex_try_enter
 .time_critical.mutex_exit
                0x20000154       0x28 CMakeFiles/detection_responder_test_int8.dir/home/pi/PicoCamDemo/pico-setup/pico/pico-sdk/src/common/pico_sync/mutex.c.obj
                0x20000154                mutex_exit
 *(.text*)
 .text          0x2000017c        0x4 /usr/lib/gcc/arm-none-eabi/7.3.1/thumb/v6-m/libgcc.a(_dvmd_tls.o)
                0x2000017c                __aeabi_ldiv0
                0x2000017c                __aeabi_idiv0
                0x20000180                . = ALIGN (0x4)
 *(.rodata*)
                0x20000180                . = ALIGN (0x4)
 *(.data*)
 .data.striped_spin_lock_num
                0x20000180        0x1 CMakeFiles/detection_responder_test_int8.dir/home/pi/PicoCamDemo/pico-setup/pico/pico-sdk/src/rp2_common/hardware_sync/sync.c.obj
 *fill*         0x20000181        0x3 
 .data          0x20000184       0x48 CMakeFiles/detection_responder_test_int8.dir/home/pi/PicoCamDemo/pico-setup/pico/pico-sdk/src/rp2_common/hardware_irq/irq_handler_chain.S.obj
                0x20000184                irq_handler_chain_slots
                0x200001b4                irq_handler_chain_first_slot
                0x200001be                irq_handler_chain_remove_tail
 *fill*         0x200001cc        0x4 
 .data.aeabi_bits_funcs
                0x200001d0       0x10 CMakeFiles/detection_responder_test_int8.dir/home/pi/PicoCamDemo/pico-setup/pico/pico-sdk/src/rp2_common/pico_bit_ops/bit_ops_aeabi.S.obj
                0x200001d0                aeabi_bits_funcs
                0x200001e0                aeabi_bits_funcs_end
 .data.aeabi_mem_funcs
                0x200001e0       0x10 CMakeFiles/detection_responder_test_int8.dir/home/pi/PicoCamDemo/pico-setup/pico/pico-sdk/src/rp2_common/pico_mem_ops/mem_ops_aeabi.S.obj
                0x200001e0                aeabi_mem_funcs
                0x200001f0                aeabi_mem_funcs_end
 .data.stdio_uart
                0x200001f0       0x14 CMakeFiles/detection_responder_test_int8.dir/home/pi/PicoCamDemo/pico-setup/pico/pico-sdk/src/rp2_common/pico_stdio_uart/stdio_uart.c.obj
                0x200001f0                stdio_uart
 *fill*         0x20000204        0x4 
 .data          0x20000208      0x430 /usr/lib/gcc/arm-none-eabi/7.3.1/../../../arm-none-eabi/lib/thumb/v6-m/libc.a(lib_a-impure.o)
                0x20000208                _impure_ptr
 .data          0x20000638      0x410 /usr/lib/gcc/arm-none-eabi/7.3.1/../../../arm-none-eabi/lib/thumb/v6-m/libc.a(lib_a-mallocr.o)
                0x20000638                __malloc_sbrk_base
                0x2000063c                __malloc_trim_threshold
                0x20000640                __malloc_av_
                0x20000a48                . = ALIGN (0x4)
 *(.after_data.*)
                0x20000a48                . = ALIGN (0x4)
                0x20000a48                PROVIDE (__mutex_array_start = .)
 *(SORT_BY_NAME(.mutex_array.*))
 *(.mutex_array)
 .mutex_array   0x20000a48        0x8 CMakeFiles/detection_responder_test_int8.dir/home/pi/PicoCamDemo/pico-setup/pico/pico-sdk/src/rp2_common/pico_stdio/stdio.c.obj
                0x20000a50                PROVIDE (__mutex_array_end = .)
                0x20000a50                . = ALIGN (0x4)
                0x20000a50                PROVIDE (__preinit_array_start = .)
 *(SORT_BY_NAME(.preinit_array.*))
 .preinit_array.00001
                0x20000a50        0x4 CMakeFiles/detection_responder_test_int8.dir/home/pi/PicoCamDemo/pico-setup/pico/pico-sdk/src/rp2_common/pico_mem_ops/mem_ops_aeabi.S.obj
 .preinit_array.00010
                0x20000a54        0x4 CMakeFiles/detection_responder_test_int8.dir/home/pi/PicoCamDemo/pico-setup/pico/pico-sdk/src/rp2_common/pico_bit_ops/bit_ops_aeabi.S.obj
 .preinit_array.00020
                0x20000a58        0x4 CMakeFiles/detection_responder_test_int8.dir/home/pi/PicoCamDemo/pico-setup/pico/pico-sdk/src/rp2_common/pico_double/double_aeabi.S.obj
 .preinit_array.00020
                0x20000a5c        0x4 CMakeFiles/detection_responder_test_int8.dir/home/pi/PicoCamDemo/pico-setup/pico/pico-sdk/src/rp2_common/pico_float/float_aeabi.S.obj
 *(.preinit_array)
                0x20000a60                PROVIDE (__preinit_array_end = .)
                0x20000a60                . = ALIGN (0x4)
                0x20000a60                PROVIDE (__init_array_start = .)
 *(SORT_BY_NAME(.init_array.*))
 *(.init_array)
 .init_array    0x20000a60        0x4 /usr/lib/gcc/arm-none-eabi/7.3.1/thumb/v6-m/crtbegin.o
 .init_array    0x20000a64        0x4 /usr/lib/gcc/arm-none-eabi/7.3.1/../../../arm-none-eabi/lib/thumb/v6-m/libstdc++.a(eh_alloc.o)
                0x20000a68                PROVIDE (__init_array_end = .)
                0x20000a68                . = ALIGN (0x4)
                0x20000a68                PROVIDE (__fini_array_start = .)
 *(SORT_BY_NAME(.fini_array.*))
 *(.fini_array)
                0x20000a68                PROVIDE (__fini_array_end = .)
 *(.jcr)
                0x20000a68                . = ALIGN (0x4)
                0x20000a68                __data_end__ = .

.tm_clone_table
                0x20000a68        0x0 load address 0x10006820
 .tm_clone_table
                0x20000a68        0x0 /usr/lib/gcc/arm-none-eabi/7.3.1/thumb/v6-m/crtbegin.o
 .tm_clone_table
                0x20000a68        0x0 /usr/lib/gcc/arm-none-eabi/7.3.1/thumb/v6-m/crtend.o

.igot.plt       0x20000a68        0x0 load address 0x10006820
 .igot.plt      0x20000a68        0x0 /usr/lib/gcc/arm-none-eabi/7.3.1/thumb/v6-m/crtbegin.o

.uninitialized_data
                0x20000a68        0x0 load address 0x10006820
                0x20000a68                . = ALIGN (0x4)
 *(.uninitialized_data*)

.scratch_x      0x20040000        0x0 load address 0x10006820
                0x20040000                __scratch_x_start__ = .
 *(.scratch_x.*)
                0x20040000                . = ALIGN (0x4)
                0x20040000                __scratch_x_end__ = .
                0x10006820                __scratch_x_source__ = LOADADDR (.scratch_x)

.scratch_y      0x20041000        0x0 load address 0x10006820
                0x20041000                __scratch_y_start__ = .
 *(.scratch_y.*)
                0x20041000                . = ALIGN (0x4)
                0x20041000                __scratch_y_end__ = .
                0x10006820                __scratch_y_source__ = LOADADDR (.scratch_y)

.bss            0x20000a68      0x2ec
                0x20000a68                . = ALIGN (0x4)
                0x20000a68                __bss_start__ = .
 *(SORT_BY_ALIGNMENT(SORT_BY_NAME(.bss*)))
 .bss           0x20000a68       0x1c /usr/lib/gcc/arm-none-eabi/7.3.1/thumb/v6-m/crtbegin.o
 .bss           0x20000a84       0x34 /usr/lib/gcc/arm-none-eabi/7.3.1/../../../arm-none-eabi/lib/thumb/v6-m/libc.a(lib_a-mallocr.o)
                0x20000a84                __malloc_top_pad
                0x20000a88                __malloc_current_mallinfo
                0x20000ab0                __malloc_max_sbrked_mem
                0x20000ab4                __malloc_max_total_mem
 .bss._ZN10micro_test12tests_failedE
                0x20000ab8        0x4 CMakeFiles/detection_responder_test_int8.dir/detection_responder_test.cpp.obj
                0x20000ab8                micro_test::tests_failed
 .bss._ZN10micro_test12tests_passedE
                0x20000abc        0x4 CMakeFiles/detection_responder_test_int8.dir/detection_responder_test.cpp.obj
                0x20000abc                micro_test::tests_passed
 .bss._ZN10micro_test8reporterE
                0x20000ac0        0x4 CMakeFiles/detection_responder_test_int8.dir/detection_responder_test.cpp.obj
                0x20000ac0                micro_test::reporter
 .bss._ZN12_GLOBAL__N_114emergency_poolE
                0x20000ac4       0x10 /usr/lib/gcc/arm-none-eabi/7.3.1/../../../arm-none-eabi/lib/thumb/v6-m/libstdc++.a(eh_alloc.o)
 .bss.alarm_callbacks
                0x20000ad4       0x10 CMakeFiles/detection_responder_test_int8.dir/home/pi/PicoCamDemo/pico-setup/pico/pico-sdk/src/rp2_common/hardware_timer/timer.c.obj
 .bss.configured_freq
                0x20000ae4       0x28 CMakeFiles/detection_responder_test_int8.dir/home/pi/PicoCamDemo/pico-setup/pico/pico-sdk/src/rp2_common/hardware_clocks/clocks.c.obj
 .bss.default_alarm_pool
                0x20000b0c        0x4 CMakeFiles/detection_responder_test_int8.dir/home/pi/PicoCamDemo/pico-setup/pico/pico-sdk/src/common/pico_time/time.c.obj
 .bss.drivers   0x20000b10        0x4 CMakeFiles/detection_responder_test_int8.dir/home/pi/PicoCamDemo/pico-setup/pico/pico-sdk/src/rp2_common/pico_stdio/stdio.c.obj
 .bss.filter    0x20000b14        0x4 CMakeFiles/detection_responder_test_int8.dir/home/pi/PicoCamDemo/pico-setup/pico/pico-sdk/src/rp2_common/pico_stdio/stdio.c.obj
 .bss.heap_end.5707
                0x20000b18        0x4 CMakeFiles/detection_responder_test_int8.dir/home/pi/PicoCamDemo/pico-setup/pico/pico-sdk/src/rp2_common/pico_runtime/runtime.c.obj
 .bss.lazy_vsnprintf
                0x20000b1c        0x4 CMakeFiles/detection_responder_test_int8.dir/home/pi/PicoCamDemo/pico-setup/pico/pico-sdk/src/rp2_common/pico_printf/printf.c.obj
 .bss.pools     0x20000b20       0x10 CMakeFiles/detection_responder_test_int8.dir/home/pi/PicoCamDemo/pico-setup/pico/pico-sdk/src/common/pico_time/time.c.obj
 .bss.target_hi
                0x20000b30       0x10 CMakeFiles/detection_responder_test_int8.dir/home/pi/PicoCamDemo/pico-setup/pico/pico-sdk/src/rp2_common/hardware_timer/timer.c.obj
 .bss._ZN10micro_test13did_test_failE
                0x20000b40        0x1 CMakeFiles/detection_responder_test_int8.dir/detection_responder_test.cpp.obj
                0x20000b40                micro_test::did_test_fail
 .bss._ZN10micro_test16is_test_completeE
                0x20000b41        0x1 CMakeFiles/detection_responder_test_int8.dir/detection_responder_test.cpp.obj
                0x20000b41                micro_test::is_test_complete
 .bss._ZZ8DebugLogE20has_uart_been_set_up
                0x20000b42        0x1 CMakeFiles/detection_responder_test_int8.dir/__/__/src/tensorflow/lite/micro/rp2/debug_log.cpp.obj
 .bss.claimed   0x20000b43        0x1 CMakeFiles/detection_responder_test_int8.dir/home/pi/PicoCamDemo/pico-setup/pico/pico-sdk/src/rp2_common/hardware_timer/timer.c.obj
 .bss.irq_hander_chain_free_slot_head
                0x20000b44        0x1 CMakeFiles/detection_responder_test_int8.dir/home/pi/PicoCamDemo/pico-setup/pico/pico-sdk/src/rp2_common/hardware_irq/irq.c.obj
 .bss.timer_callbacks_pending
                0x20000b45        0x1 CMakeFiles/detection_responder_test_int8.dir/home/pi/PicoCamDemo/pico-setup/pico/pico-sdk/src/rp2_common/hardware_timer/timer.c.obj
 *(COMMON)
 *fill*         0x20000b46        0x2 
 COMMON         0x20000b48        0x4 CMakeFiles/detection_responder_test_int8.dir/home/pi/PicoCamDemo/pico-setup/pico/pico-sdk/src/rp2_common/hardware_uart/uart.c.obj
                0x20000b48                uart_char_to_line_feed
 COMMON         0x20000b4c      0x100 CMakeFiles/detection_responder_test_int8.dir/home/pi/PicoCamDemo/pico-setup/pico/pico-sdk/src/rp2_common/pico_double/double_init_rom.c.obj
                0x20000b4c                sd_table
 COMMON         0x20000c4c      0x104 CMakeFiles/detection_responder_test_int8.dir/home/pi/PicoCamDemo/pico-setup/pico/pico-sdk/src/rp2_common/pico_float/float_init_rom.c.obj
                0x20000c4c                sf_table
                0x20000d4c                sf_clz_func
 COMMON         0x20000d50        0x4 /usr/lib/gcc/arm-none-eabi/7.3.1/../../../arm-none-eabi/lib/thumb/v6-m/libc.a(lib_a-reent.o)
                0x20000d50                errno
                0x20000d54                . = ALIGN (0x4)
                0x20000d54                __bss_end__ = .

.heap           0x20000d54      0x800
                0x20000d54                __end__ = .
                0x20000d54                end = __end__
 *(.heap*)
 .heap          0x20000d54      0x800 CMakeFiles/detection_responder_test_int8.dir/home/pi/PicoCamDemo/pico-setup/pico/pico-sdk/src/rp2_common/pico_standard_link/crt0.S.obj
                0x20001554                __HeapLimit = .

.stack1_dummy   0x20040000        0x0
 *(.stack1*)

.stack_dummy    0x20041000      0x800
 *(.stack*)
 .stack         0x20041000      0x800 CMakeFiles/detection_responder_test_int8.dir/home/pi/PicoCamDemo/pico-setup/pico/pico-sdk/src/rp2_common/pico_standard_link/crt0.S.obj

.flash_end      0x10006820        0x0
                0x10006820                __flash_binary_end = .
                0x20040000                __StackLimit = (ORIGIN (RAM) + LENGTH (RAM))
                0x20041000                __StackOneTop = (ORIGIN (SCRATCH_X) + LENGTH (SCRATCH_X))
                0x20042000                __StackTop = (ORIGIN (SCRATCH_Y) + LENGTH (SCRATCH_Y))
                0x20041000                __StackOneBottom = (__StackOneTop - SIZEOF (.stack1_dummy))
                0x20041800                __StackBottom = (__StackTop - SIZEOF (.stack_dummy))
                0x20042000                PROVIDE (__stack = __StackTop)
                0x00000001                ASSERT ((__StackLimit >= __HeapLimit), region RAM overflowed)
                0x00000001                ASSERT (((__binary_info_header_end - __logical_binary_start) <= 0x100), Binary info must be in first 256 bytes of the binary)
LOAD CMakeFiles/detection_responder_test_int8.dir/detection_responder.cpp.obj
LOAD CMakeFiles/detection_responder_test_int8.dir/detection_responder_test.cpp.obj
LOAD CMakeFiles/detection_responder_test_int8.dir/__/__/src/tensorflow/lite/c/common.c.obj
LOAD CMakeFiles/detection_responder_test_int8.dir/__/__/src/tensorflow/lite/core/api/error_reporter.cpp.obj
LOAD CMakeFiles/detection_responder_test_int8.dir/__/__/src/tensorflow/lite/core/api/flatbuffer_conversions.cpp.obj
LOAD CMakeFiles/detection_responder_test_int8.dir/__/__/src/tensorflow/lite/core/api/op_resolver.cpp.obj
LOAD CMakeFiles/detection_responder_test_int8.dir/__/__/src/tensorflow/lite/core/api/tensor_utils.cpp.obj
LOAD CMakeFiles/detection_responder_test_int8.dir/__/__/src/tensorflow/lite/kernels/internal/quantization_util.cpp.obj
LOAD CMakeFiles/detection_responder_test_int8.dir/__/__/src/tensorflow/lite/kernels/kernel_util.cpp.obj
LOAD CMakeFiles/detection_responder_test_int8.dir/__/__/src/tensorflow/lite/micro/all_ops_resolver.cpp.obj
LOAD CMakeFiles/detection_responder_test_int8.dir/__/__/src/tensorflow/lite/micro/kernels/activations.cpp.obj
LOAD CMakeFiles/detection_responder_test_int8.dir/__/__/src/tensorflow/lite/micro/kernels/arg_min_max.cpp.obj
LOAD CMakeFiles/detection_responder_test_int8.dir/__/__/src/tensorflow/lite/micro/kernels/ceil.cpp.obj
LOAD CMakeFiles/detection_responder_test_int8.dir/__/__/src/tensorflow/lite/micro/kernels/circular_buffer.cpp.obj
LOAD CMakeFiles/detection_responder_test_int8.dir/__/__/src/tensorflow/lite/micro/kernels/cmsis-nn/add.cpp.obj
LOAD CMakeFiles/detection_responder_test_int8.dir/__/__/src/tensorflow/lite/micro/kernels/cmsis-nn/conv.cpp.obj
LOAD CMakeFiles/detection_responder_test_int8.dir/__/__/src/tensorflow/lite/micro/kernels/cmsis-nn/depthwise_conv.cpp.obj
LOAD CMakeFiles/detection_responder_test_int8.dir/__/__/src/tensorflow/lite/micro/kernels/cmsis-nn/fully_connected.cpp.obj
LOAD CMakeFiles/detection_responder_test_int8.dir/__/__/src/tensorflow/lite/micro/kernels/cmsis-nn/mul.cpp.obj
LOAD CMakeFiles/detection_responder_test_int8.dir/__/__/src/tensorflow/lite/micro/kernels/cmsis-nn/pooling.cpp.obj
LOAD CMakeFiles/detection_responder_test_int8.dir/__/__/src/tensorflow/lite/micro/kernels/cmsis-nn/softmax.cpp.obj
LOAD CMakeFiles/detection_responder_test_int8.dir/__/__/src/tensorflow/lite/micro/kernels/cmsis-nn/svdf.cpp.obj
LOAD CMakeFiles/detection_responder_test_int8.dir/__/__/src/tensorflow/lite/micro/kernels/comparisons.cpp.obj
LOAD CMakeFiles/detection_responder_test_int8.dir/__/__/src/tensorflow/lite/micro/kernels/concatenation.cpp.obj
LOAD CMakeFiles/detection_responder_test_int8.dir/__/__/src/tensorflow/lite/micro/kernels/dequantize.cpp.obj
LOAD CMakeFiles/detection_responder_test_int8.dir/__/__/src/tensorflow/lite/micro/kernels/detection_postprocess.cpp.obj
LOAD CMakeFiles/detection_responder_test_int8.dir/__/__/src/tensorflow/lite/micro/kernels/elementwise.cpp.obj
LOAD CMakeFiles/detection_responder_test_int8.dir/__/__/src/tensorflow/lite/micro/kernels/ethosu.cpp.obj
LOAD CMakeFiles/detection_responder_test_int8.dir/__/__/src/tensorflow/lite/micro/kernels/flexbuffers_generated_data.cpp.obj
LOAD CMakeFiles/detection_responder_test_int8.dir/__/__/src/tensorflow/lite/micro/kernels/floor.cpp.obj
LOAD CMakeFiles/detection_responder_test_int8.dir/__/__/src/tensorflow/lite/micro/kernels/hard_swish.cpp.obj
LOAD CMakeFiles/detection_responder_test_int8.dir/__/__/src/tensorflow/lite/micro/kernels/kernel_runner.cpp.obj
LOAD CMakeFiles/detection_responder_test_int8.dir/__/__/src/tensorflow/lite/micro/kernels/kernel_util.cpp.obj
LOAD CMakeFiles/detection_responder_test_int8.dir/__/__/src/tensorflow/lite/micro/kernels/l2norm.cpp.obj
LOAD CMakeFiles/detection_responder_test_int8.dir/__/__/src/tensorflow/lite/micro/kernels/logical.cpp.obj
LOAD CMakeFiles/detection_responder_test_int8.dir/__/__/src/tensorflow/lite/micro/kernels/logistic.cpp.obj
LOAD CMakeFiles/detection_responder_test_int8.dir/__/__/src/tensorflow/lite/micro/kernels/maximum_minimum.cpp.obj
LOAD CMakeFiles/detection_responder_test_int8.dir/__/__/src/tensorflow/lite/micro/kernels/neg.cpp.obj
LOAD CMakeFiles/detection_responder_test_int8.dir/__/__/src/tensorflow/lite/micro/kernels/pack.cpp.obj
LOAD CMakeFiles/detection_responder_test_int8.dir/__/__/src/tensorflow/lite/micro/kernels/pad.cpp.obj
LOAD CMakeFiles/detection_responder_test_int8.dir/__/__/src/tensorflow/lite/micro/kernels/prelu.cpp.obj
LOAD CMakeFiles/detection_responder_test_int8.dir/__/__/src/tensorflow/lite/micro/kernels/quantize.cpp.obj
LOAD CMakeFiles/detection_responder_test_int8.dir/__/__/src/tensorflow/lite/micro/kernels/reduce.cpp.obj
LOAD CMakeFiles/detection_responder_test_int8.dir/__/__/src/tensorflow/lite/micro/kernels/reshape.cpp.obj
LOAD CMakeFiles/detection_responder_test_int8.dir/__/__/src/tensorflow/lite/micro/kernels/resize_nearest_neighbor.cpp.obj
LOAD CMakeFiles/detection_responder_test_int8.dir/__/__/src/tensorflow/lite/micro/kernels/round.cpp.obj
LOAD CMakeFiles/detection_responder_test_int8.dir/__/__/src/tensorflow/lite/micro/kernels/shape.cpp.obj
LOAD CMakeFiles/detection_responder_test_int8.dir/__/__/src/tensorflow/lite/micro/kernels/split.cpp.obj
LOAD CMakeFiles/detection_responder_test_int8.dir/__/__/src/tensorflow/lite/micro/kernels/split_v.cpp.obj
LOAD CMakeFiles/detection_responder_test_int8.dir/__/__/src/tensorflow/lite/micro/kernels/strided_slice.cpp.obj
LOAD CMakeFiles/detection_responder_test_int8.dir/__/__/src/tensorflow/lite/micro/kernels/sub.cpp.obj
LOAD CMakeFiles/detection_responder_test_int8.dir/__/__/src/tensorflow/lite/micro/kernels/tanh.cpp.obj
LOAD CMakeFiles/detection_responder_test_int8.dir/__/__/src/tensorflow/lite/micro/kernels/unpack.cpp.obj
LOAD CMakeFiles/detection_responder_test_int8.dir/__/__/src/tensorflow/lite/micro/memory_helpers.cpp.obj
LOAD CMakeFiles/detection_responder_test_int8.dir/__/__/src/tensorflow/lite/micro/memory_planner/greedy_memory_planner.cpp.obj
LOAD CMakeFiles/detection_responder_test_int8.dir/__/__/src/tensorflow/lite/micro/memory_planner/linear_memory_planner.cpp.obj
LOAD CMakeFiles/detection_responder_test_int8.dir/__/__/src/tensorflow/lite/micro/micro_allocator.cpp.obj
LOAD CMakeFiles/detection_responder_test_int8.dir/__/__/src/tensorflow/lite/micro/micro_error_reporter.cpp.obj
LOAD CMakeFiles/detection_responder_test_int8.dir/__/__/src/tensorflow/lite/micro/micro_interpreter.cpp.obj
LOAD CMakeFiles/detection_responder_test_int8.dir/__/__/src/tensorflow/lite/micro/micro_profiler.cpp.obj
LOAD CMakeFiles/detection_responder_test_int8.dir/__/__/src/tensorflow/lite/micro/micro_string.cpp.obj
LOAD CMakeFiles/detection_responder_test_int8.dir/__/__/src/tensorflow/lite/micro/micro_utils.cpp.obj
LOAD CMakeFiles/detection_responder_test_int8.dir/__/__/src/tensorflow/lite/micro/recording_micro_allocator.cpp.obj
LOAD CMakeFiles/detection_responder_test_int8.dir/__/__/src/tensorflow/lite/micro/recording_simple_memory_allocator.cpp.obj
LOAD CMakeFiles/detection_responder_test_int8.dir/__/__/src/tensorflow/lite/micro/rp2/debug_log.cpp.obj
LOAD CMakeFiles/detection_responder_test_int8.dir/__/__/src/tensorflow/lite/micro/rp2/micro_time.cpp.obj
LOAD CMakeFiles/detection_responder_test_int8.dir/__/__/src/tensorflow/lite/micro/simple_memory_allocator.cpp.obj
LOAD CMakeFiles/detection_responder_test_int8.dir/__/__/src/tensorflow/lite/micro/test_helpers.cpp.obj
LOAD CMakeFiles/detection_responder_test_int8.dir/__/__/src/tensorflow/lite/micro/testing/test_conv_model.cpp.obj
LOAD CMakeFiles/detection_responder_test_int8.dir/__/__/src/tensorflow/lite/schema/schema_utils.cpp.obj
LOAD CMakeFiles/detection_responder_test_int8.dir/__/__/src/third_party/cmsis/CMSIS/NN/Source/ActivationFunctions/arm_nn_activations_q15.c.obj
LOAD CMakeFiles/detection_responder_test_int8.dir/__/__/src/third_party/cmsis/CMSIS/NN/Source/ActivationFunctions/arm_nn_activations_q7.c.obj
LOAD CMakeFiles/detection_responder_test_int8.dir/__/__/src/third_party/cmsis/CMSIS/NN/Source/ActivationFunctions/arm_relu6_s8.c.obj
LOAD CMakeFiles/detection_responder_test_int8.dir/__/__/src/third_party/cmsis/CMSIS/NN/Source/ActivationFunctions/arm_relu_q15.c.obj
LOAD CMakeFiles/detection_responder_test_int8.dir/__/__/src/third_party/cmsis/CMSIS/NN/Source/ActivationFunctions/arm_relu_q7.c.obj
LOAD CMakeFiles/detection_responder_test_int8.dir/__/__/src/third_party/cmsis/CMSIS/NN/Source/BasicMathFunctions/arm_elementwise_add_s8.c.obj
LOAD CMakeFiles/detection_responder_test_int8.dir/__/__/src/third_party/cmsis/CMSIS/NN/Source/BasicMathFunctions/arm_elementwise_mul_s8.c.obj
LOAD CMakeFiles/detection_responder_test_int8.dir/__/__/src/third_party/cmsis/CMSIS/NN/Source/ConcatenationFunctions/arm_concatenation_s8_w.c.obj
LOAD CMakeFiles/detection_responder_test_int8.dir/__/__/src/third_party/cmsis/CMSIS/NN/Source/ConcatenationFunctions/arm_concatenation_s8_x.c.obj
LOAD CMakeFiles/detection_responder_test_int8.dir/__/__/src/third_party/cmsis/CMSIS/NN/Source/ConcatenationFunctions/arm_concatenation_s8_y.c.obj
LOAD CMakeFiles/detection_responder_test_int8.dir/__/__/src/third_party/cmsis/CMSIS/NN/Source/ConcatenationFunctions/arm_concatenation_s8_z.c.obj
LOAD CMakeFiles/detection_responder_test_int8.dir/__/__/src/third_party/cmsis/CMSIS/NN/Source/ConvolutionFunctions/arm_convolve_1_x_n_s8.c.obj
LOAD CMakeFiles/detection_responder_test_int8.dir/__/__/src/third_party/cmsis/CMSIS/NN/Source/ConvolutionFunctions/arm_convolve_1x1_HWC_q7_fast_nonsquare.c.obj
LOAD CMakeFiles/detection_responder_test_int8.dir/__/__/src/third_party/cmsis/CMSIS/NN/Source/ConvolutionFunctions/arm_convolve_1x1_s8_fast.c.obj
LOAD CMakeFiles/detection_responder_test_int8.dir/__/__/src/third_party/cmsis/CMSIS/NN/Source/ConvolutionFunctions/arm_convolve_HWC_q15_basic.c.obj
LOAD CMakeFiles/detection_responder_test_int8.dir/__/__/src/third_party/cmsis/CMSIS/NN/Source/ConvolutionFunctions/arm_convolve_HWC_q15_fast.c.obj
LOAD CMakeFiles/detection_responder_test_int8.dir/__/__/src/third_party/cmsis/CMSIS/NN/Source/ConvolutionFunctions/arm_convolve_HWC_q15_fast_nonsquare.c.obj
LOAD CMakeFiles/detection_responder_test_int8.dir/__/__/src/third_party/cmsis/CMSIS/NN/Source/ConvolutionFunctions/arm_convolve_HWC_q7_RGB.c.obj
LOAD CMakeFiles/detection_responder_test_int8.dir/__/__/src/third_party/cmsis/CMSIS/NN/Source/ConvolutionFunctions/arm_convolve_HWC_q7_basic.c.obj
LOAD CMakeFiles/detection_responder_test_int8.dir/__/__/src/third_party/cmsis/CMSIS/NN/Source/ConvolutionFunctions/arm_convolve_HWC_q7_basic_nonsquare.c.obj
LOAD CMakeFiles/detection_responder_test_int8.dir/__/__/src/third_party/cmsis/CMSIS/NN/Source/ConvolutionFunctions/arm_convolve_HWC_q7_fast.c.obj
LOAD CMakeFiles/detection_responder_test_int8.dir/__/__/src/third_party/cmsis/CMSIS/NN/Source/ConvolutionFunctions/arm_convolve_HWC_q7_fast_nonsquare.c.obj
LOAD CMakeFiles/detection_responder_test_int8.dir/__/__/src/third_party/cmsis/CMSIS/NN/Source/ConvolutionFunctions/arm_convolve_s8.c.obj
LOAD CMakeFiles/detection_responder_test_int8.dir/__/__/src/third_party/cmsis/CMSIS/NN/Source/ConvolutionFunctions/arm_convolve_wrapper_s8.c.obj
LOAD CMakeFiles/detection_responder_test_int8.dir/__/__/src/third_party/cmsis/CMSIS/NN/Source/ConvolutionFunctions/arm_depthwise_conv_3x3_s8.c.obj
LOAD CMakeFiles/detection_responder_test_int8.dir/__/__/src/third_party/cmsis/CMSIS/NN/Source/ConvolutionFunctions/arm_depthwise_conv_s8.c.obj
LOAD CMakeFiles/detection_responder_test_int8.dir/__/__/src/third_party/cmsis/CMSIS/NN/Source/ConvolutionFunctions/arm_depthwise_conv_s8_opt.c.obj
LOAD CMakeFiles/detection_responder_test_int8.dir/__/__/src/third_party/cmsis/CMSIS/NN/Source/ConvolutionFunctions/arm_depthwise_conv_u8_basic_ver1.c.obj
LOAD CMakeFiles/detection_responder_test_int8.dir/__/__/src/third_party/cmsis/CMSIS/NN/Source/ConvolutionFunctions/arm_depthwise_conv_wrapper_s8.c.obj
LOAD CMakeFiles/detection_responder_test_int8.dir/__/__/src/third_party/cmsis/CMSIS/NN/Source/ConvolutionFunctions/arm_depthwise_separable_conv_HWC_q7.c.obj
LOAD CMakeFiles/detection_responder_test_int8.dir/__/__/src/third_party/cmsis/CMSIS/NN/Source/ConvolutionFunctions/arm_depthwise_separable_conv_HWC_q7_nonsquare.c.obj
LOAD CMakeFiles/detection_responder_test_int8.dir/__/__/src/third_party/cmsis/CMSIS/NN/Source/ConvolutionFunctions/arm_nn_depthwise_conv_s8_core.c.obj
LOAD CMakeFiles/detection_responder_test_int8.dir/__/__/src/third_party/cmsis/CMSIS/NN/Source/ConvolutionFunctions/arm_nn_mat_mult_kernel_q7_q15.c.obj
LOAD CMakeFiles/detection_responder_test_int8.dir/__/__/src/third_party/cmsis/CMSIS/NN/Source/ConvolutionFunctions/arm_nn_mat_mult_kernel_q7_q15_reordered.c.obj
LOAD CMakeFiles/detection_responder_test_int8.dir/__/__/src/third_party/cmsis/CMSIS/NN/Source/ConvolutionFunctions/arm_nn_mat_mult_kernel_s8_s16.c.obj
LOAD CMakeFiles/detection_responder_test_int8.dir/__/__/src/third_party/cmsis/CMSIS/NN/Source/ConvolutionFunctions/arm_nn_mat_mult_kernel_s8_s16_reordered.c.obj
LOAD CMakeFiles/detection_responder_test_int8.dir/__/__/src/third_party/cmsis/CMSIS/NN/Source/ConvolutionFunctions/arm_nn_mat_mult_s8.c.obj
LOAD CMakeFiles/detection_responder_test_int8.dir/__/__/src/third_party/cmsis/CMSIS/NN/Source/FullyConnectedFunctions/arm_fully_connected_mat_q7_vec_q15.c.obj
LOAD CMakeFiles/detection_responder_test_int8.dir/__/__/src/third_party/cmsis/CMSIS/NN/Source/FullyConnectedFunctions/arm_fully_connected_mat_q7_vec_q15_opt.c.obj
LOAD CMakeFiles/detection_responder_test_int8.dir/__/__/src/third_party/cmsis/CMSIS/NN/Source/FullyConnectedFunctions/arm_fully_connected_q15.c.obj
LOAD CMakeFiles/detection_responder_test_int8.dir/__/__/src/third_party/cmsis/CMSIS/NN/Source/FullyConnectedFunctions/arm_fully_connected_q15_opt.c.obj
LOAD CMakeFiles/detection_responder_test_int8.dir/__/__/src/third_party/cmsis/CMSIS/NN/Source/FullyConnectedFunctions/arm_fully_connected_q7.c.obj
LOAD CMakeFiles/detection_responder_test_int8.dir/__/__/src/third_party/cmsis/CMSIS/NN/Source/FullyConnectedFunctions/arm_fully_connected_q7_opt.c.obj
LOAD CMakeFiles/detection_responder_test_int8.dir/__/__/src/third_party/cmsis/CMSIS/NN/Source/FullyConnectedFunctions/arm_fully_connected_s8.c.obj
LOAD CMakeFiles/detection_responder_test_int8.dir/__/__/src/third_party/cmsis/CMSIS/NN/Source/NNSupportFunctions/arm_nn_accumulate_q7_to_q15.c.obj
LOAD CMakeFiles/detection_responder_test_int8.dir/__/__/src/third_party/cmsis/CMSIS/NN/Source/NNSupportFunctions/arm_nn_add_q7.c.obj
LOAD CMakeFiles/detection_responder_test_int8.dir/__/__/src/third_party/cmsis/CMSIS/NN/Source/NNSupportFunctions/arm_nn_depthwise_conv_nt_t_padded_s8.c.obj
LOAD CMakeFiles/detection_responder_test_int8.dir/__/__/src/third_party/cmsis/CMSIS/NN/Source/NNSupportFunctions/arm_nn_depthwise_conv_nt_t_s8.c.obj
LOAD CMakeFiles/detection_responder_test_int8.dir/__/__/src/third_party/cmsis/CMSIS/NN/Source/NNSupportFunctions/arm_nn_mat_mul_core_1x_s8.c.obj
LOAD CMakeFiles/detection_responder_test_int8.dir/__/__/src/third_party/cmsis/CMSIS/NN/Source/NNSupportFunctions/arm_nn_mat_mul_core_4x_s8.c.obj
LOAD CMakeFiles/detection_responder_test_int8.dir/__/__/src/third_party/cmsis/CMSIS/NN/Source/NNSupportFunctions/arm_nn_mat_mult_nt_t_s8.c.obj
LOAD CMakeFiles/detection_responder_test_int8.dir/__/__/src/third_party/cmsis/CMSIS/NN/Source/NNSupportFunctions/arm_nn_mult_q15.c.obj
LOAD CMakeFiles/detection_responder_test_int8.dir/__/__/src/third_party/cmsis/CMSIS/NN/Source/NNSupportFunctions/arm_nn_mult_q7.c.obj
LOAD CMakeFiles/detection_responder_test_int8.dir/__/__/src/third_party/cmsis/CMSIS/NN/Source/NNSupportFunctions/arm_nn_vec_mat_mult_t_s8.c.obj
LOAD CMakeFiles/detection_responder_test_int8.dir/__/__/src/third_party/cmsis/CMSIS/NN/Source/NNSupportFunctions/arm_nntables.c.obj
LOAD CMakeFiles/detection_responder_test_int8.dir/__/__/src/third_party/cmsis/CMSIS/NN/Source/NNSupportFunctions/arm_q7_to_q15_no_shift.c.obj
LOAD CMakeFiles/detection_responder_test_int8.dir/__/__/src/third_party/cmsis/CMSIS/NN/Source/NNSupportFunctions/arm_q7_to_q15_reordered_no_shift.c.obj
LOAD CMakeFiles/detection_responder_test_int8.dir/__/__/src/third_party/cmsis/CMSIS/NN/Source/NNSupportFunctions/arm_q7_to_q15_reordered_with_offset.c.obj
LOAD CMakeFiles/detection_responder_test_int8.dir/__/__/src/third_party/cmsis/CMSIS/NN/Source/NNSupportFunctions/arm_q7_to_q15_with_offset.c.obj
LOAD CMakeFiles/detection_responder_test_int8.dir/__/__/src/third_party/cmsis/CMSIS/NN/Source/PoolingFunctions/arm_avgpool_s8.c.obj
LOAD CMakeFiles/detection_responder_test_int8.dir/__/__/src/third_party/cmsis/CMSIS/NN/Source/PoolingFunctions/arm_max_pool_s8.c.obj
LOAD CMakeFiles/detection_responder_test_int8.dir/__/__/src/third_party/cmsis/CMSIS/NN/Source/PoolingFunctions/arm_pool_q7_HWC.c.obj
LOAD CMakeFiles/detection_responder_test_int8.dir/__/__/src/third_party/cmsis/CMSIS/NN/Source/ReshapeFunctions/arm_reshape_s8.c.obj
LOAD CMakeFiles/detection_responder_test_int8.dir/__/__/src/third_party/cmsis/CMSIS/NN/Source/SVDFunctions/arm_svdf_s8.c.obj
LOAD CMakeFiles/detection_responder_test_int8.dir/__/__/src/third_party/cmsis/CMSIS/NN/Source/SoftmaxFunctions/arm_softmax_q15.c.obj
LOAD CMakeFiles/detection_responder_test_int8.dir/__/__/src/third_party/cmsis/CMSIS/NN/Source/SoftmaxFunctions/arm_softmax_q7.c.obj
LOAD CMakeFiles/detection_responder_test_int8.dir/__/__/src/third_party/cmsis/CMSIS/NN/Source/SoftmaxFunctions/arm_softmax_s8.c.obj
LOAD CMakeFiles/detection_responder_test_int8.dir/__/__/src/third_party/cmsis/CMSIS/NN/Source/SoftmaxFunctions/arm_softmax_u8.c.obj
LOAD CMakeFiles/detection_responder_test_int8.dir/__/__/src/third_party/cmsis/CMSIS/NN/Source/SoftmaxFunctions/arm_softmax_with_batch_q7.c.obj
LOAD CMakeFiles/detection_responder_test_int8.dir/home/pi/PicoCamDemo/pico-setup/pico/pico-sdk/src/rp2_common/pico_stdlib/stdlib.c.obj
LOAD CMakeFiles/detection_responder_test_int8.dir/home/pi/PicoCamDemo/pico-setup/pico/pico-sdk/src/rp2_common/hardware_gpio/gpio.c.obj
LOAD CMakeFiles/detection_responder_test_int8.dir/home/pi/PicoCamDemo/pico-setup/pico/pico-sdk/src/rp2_common/hardware_claim/claim.c.obj
LOAD CMakeFiles/detection_responder_test_int8.dir/home/pi/PicoCamDemo/pico-setup/pico/pico-sdk/src/rp2_common/hardware_sync/sync.c.obj
LOAD CMakeFiles/detection_responder_test_int8.dir/home/pi/PicoCamDemo/pico-setup/pico/pico-sdk/src/rp2_common/pico_platform/platform.c.obj
LOAD CMakeFiles/detection_responder_test_int8.dir/home/pi/PicoCamDemo/pico-setup/pico/pico-sdk/src/rp2_common/hardware_uart/uart.c.obj
LOAD CMakeFiles/detection_responder_test_int8.dir/home/pi/PicoCamDemo/pico-setup/pico/pico-sdk/src/rp2_common/hardware_divider/divider.S.obj
LOAD CMakeFiles/detection_responder_test_int8.dir/home/pi/PicoCamDemo/pico-setup/pico/pico-sdk/src/common/pico_time/time.c.obj
LOAD CMakeFiles/detection_responder_test_int8.dir/home/pi/PicoCamDemo/pico-setup/pico/pico-sdk/src/common/pico_time/timeout_helper.c.obj
LOAD CMakeFiles/detection_responder_test_int8.dir/home/pi/PicoCamDemo/pico-setup/pico/pico-sdk/src/rp2_common/hardware_timer/timer.c.obj
LOAD CMakeFiles/detection_responder_test_int8.dir/home/pi/PicoCamDemo/pico-setup/pico/pico-sdk/src/common/pico_sync/sem.c.obj
LOAD CMakeFiles/detection_responder_test_int8.dir/home/pi/PicoCamDemo/pico-setup/pico/pico-sdk/src/common/pico_sync/lock_core.c.obj
LOAD CMakeFiles/detection_responder_test_int8.dir/home/pi/PicoCamDemo/pico-setup/pico/pico-sdk/src/common/pico_sync/mutex.c.obj
LOAD CMakeFiles/detection_responder_test_int8.dir/home/pi/PicoCamDemo/pico-setup/pico/pico-sdk/src/common/pico_sync/critical_section.c.obj
LOAD CMakeFiles/detection_responder_test_int8.dir/home/pi/PicoCamDemo/pico-setup/pico/pico-sdk/src/common/pico_util/datetime.c.obj
LOAD CMakeFiles/detection_responder_test_int8.dir/home/pi/PicoCamDemo/pico-setup/pico/pico-sdk/src/common/pico_util/pheap.c.obj
LOAD CMakeFiles/detection_responder_test_int8.dir/home/pi/PicoCamDemo/pico-setup/pico/pico-sdk/src/common/pico_util/queue.c.obj
LOAD CMakeFiles/detection_responder_test_int8.dir/home/pi/PicoCamDemo/pico-setup/pico/pico-sdk/src/rp2_common/pico_runtime/runtime.c.obj
LOAD CMakeFiles/detection_responder_test_int8.dir/home/pi/PicoCamDemo/pico-setup/pico/pico-sdk/src/rp2_common/hardware_clocks/clocks.c.obj
LOAD CMakeFiles/detection_responder_test_int8.dir/home/pi/PicoCamDemo/pico-setup/pico/pico-sdk/src/rp2_common/hardware_watchdog/watchdog.c.obj
LOAD CMakeFiles/detection_responder_test_int8.dir/home/pi/PicoCamDemo/pico-setup/pico/pico-sdk/src/rp2_common/hardware_xosc/xosc.c.obj
LOAD CMakeFiles/detection_responder_test_int8.dir/home/pi/PicoCamDemo/pico-setup/pico/pico-sdk/src/rp2_common/hardware_pll/pll.c.obj
LOAD CMakeFiles/detection_responder_test_int8.dir/home/pi/PicoCamDemo/pico-setup/pico/pico-sdk/src/rp2_common/hardware_vreg/vreg.c.obj
LOAD CMakeFiles/detection_responder_test_int8.dir/home/pi/PicoCamDemo/pico-setup/pico/pico-sdk/src/rp2_common/hardware_irq/irq.c.obj
LOAD CMakeFiles/detection_responder_test_int8.dir/home/pi/PicoCamDemo/pico-setup/pico/pico-sdk/src/rp2_common/hardware_irq/irq_handler_chain.S.obj
LOAD CMakeFiles/detection_responder_test_int8.dir/home/pi/PicoCamDemo/pico-setup/pico/pico-sdk/src/rp2_common/pico_printf/printf.c.obj
LOAD CMakeFiles/detection_responder_test_int8.dir/home/pi/PicoCamDemo/pico-setup/pico/pico-sdk/src/rp2_common/pico_bit_ops/bit_ops_aeabi.S.obj
LOAD CMakeFiles/detection_responder_test_int8.dir/home/pi/PicoCamDemo/pico-setup/pico/pico-sdk/src/rp2_common/pico_bootrom/bootrom.c.obj
LOAD CMakeFiles/detection_responder_test_int8.dir/home/pi/PicoCamDemo/pico-setup/pico/pico-sdk/src/rp2_common/pico_divider/divider.S.obj
LOAD CMakeFiles/detection_responder_test_int8.dir/home/pi/PicoCamDemo/pico-setup/pico/pico-sdk/src/rp2_common/pico_double/double_aeabi.S.obj
LOAD CMakeFiles/detection_responder_test_int8.dir/home/pi/PicoCamDemo/pico-setup/pico/pico-sdk/src/rp2_common/pico_double/double_init_rom.c.obj
LOAD CMakeFiles/detection_responder_test_int8.dir/home/pi/PicoCamDemo/pico-setup/pico/pico-sdk/src/rp2_common/pico_double/double_math.c.obj
LOAD CMakeFiles/detection_responder_test_int8.dir/home/pi/PicoCamDemo/pico-setup/pico/pico-sdk/src/rp2_common/pico_double/double_v1_rom_shim.S.obj
LOAD CMakeFiles/detection_responder_test_int8.dir/home/pi/PicoCamDemo/pico-setup/pico/pico-sdk/src/rp2_common/pico_int64_ops/pico_int64_ops_aeabi.S.obj
LOAD CMakeFiles/detection_responder_test_int8.dir/home/pi/PicoCamDemo/pico-setup/pico/pico-sdk/src/rp2_common/pico_float/float_aeabi.S.obj
LOAD CMakeFiles/detection_responder_test_int8.dir/home/pi/PicoCamDemo/pico-setup/pico/pico-sdk/src/rp2_common/pico_float/float_init_rom.c.obj
LOAD CMakeFiles/detection_responder_test_int8.dir/home/pi/PicoCamDemo/pico-setup/pico/pico-sdk/src/rp2_common/pico_float/float_math.c.obj
LOAD CMakeFiles/detection_responder_test_int8.dir/home/pi/PicoCamDemo/pico-setup/pico/pico-sdk/src/rp2_common/pico_float/float_v1_rom_shim.S.obj
LOAD CMakeFiles/detection_responder_test_int8.dir/home/pi/PicoCamDemo/pico-setup/pico/pico-sdk/src/rp2_common/pico_malloc/pico_malloc.c.obj
LOAD CMakeFiles/detection_responder_test_int8.dir/home/pi/PicoCamDemo/pico-setup/pico/pico-sdk/src/rp2_common/pico_mem_ops/mem_ops_aeabi.S.obj
LOAD CMakeFiles/detection_responder_test_int8.dir/home/pi/PicoCamDemo/pico-setup/pico/pico-sdk/src/rp2_common/pico_standard_link/crt0.S.obj
LOAD CMakeFiles/detection_responder_test_int8.dir/home/pi/PicoCamDemo/pico-setup/pico/pico-sdk/src/rp2_common/pico_standard_link/new_delete.cpp.obj
LOAD CMakeFiles/detection_responder_test_int8.dir/home/pi/PicoCamDemo/pico-setup/pico/pico-sdk/src/rp2_common/pico_standard_link/binary_info.c.obj
LOAD CMakeFiles/detection_responder_test_int8.dir/home/pi/PicoCamDemo/pico-setup/pico/pico-sdk/src/rp2_common/pico_stdio/stdio.c.obj
LOAD CMakeFiles/detection_responder_test_int8.dir/home/pi/PicoCamDemo/pico-setup/pico/pico-sdk/src/rp2_common/pico_stdio_uart/stdio_uart.c.obj
LOAD ../../libpico-tflmicro.a
LOAD /tmp/cciICTA3.o
LOAD /usr/lib/gcc/arm-none-eabi/7.3.1/../../../arm-none-eabi/lib/thumb/v6-m/libstdc++.a
LOAD /usr/lib/gcc/arm-none-eabi/7.3.1/../../../arm-none-eabi/lib/thumb/v6-m/libm.a
START GROUP
LOAD /usr/lib/gcc/arm-none-eabi/7.3.1/thumb/v6-m/libgcc.a
LOAD /usr/lib/gcc/arm-none-eabi/7.3.1/../../../arm-none-eabi/lib/thumb/v6-m/libc.a
END GROUP
START GROUP
LOAD /usr/lib/gcc/arm-none-eabi/7.3.1/thumb/v6-m/libgcc.a
LOAD /usr/lib/gcc/arm-none-eabi/7.3.1/../../../arm-none-eabi/lib/thumb/v6-m/libc.a
LOAD /usr/lib/gcc/arm-none-eabi/7.3.1/../../../arm-none-eabi/lib/thumb/v6-m/libnosys.a
END GROUP
LOAD /usr/lib/gcc/arm-none-eabi/7.3.1/thumb/v6-m/crtend.o
LOAD /usr/lib/gcc/arm-none-eabi/7.3.1/thumb/v6-m/crtn.o
OUTPUT(detection_responder_test_int8.elf elf32-littlearm)

.ARM.attributes
                0x00000000       0x28
 .ARM.attributes
                0x00000000       0x1e /usr/lib/gcc/arm-none-eabi/7.3.1/thumb/v6-m/crti.o
 .ARM.attributes
                0x0000001e       0x2c /usr/lib/gcc/arm-none-eabi/7.3.1/thumb/v6-m/crtbegin.o
 .ARM.attributes
                0x0000004a       0x32 CMakeFiles/detection_responder_test_int8.dir/detection_responder.cpp.obj
 .ARM.attributes
                0x0000007c       0x32 CMakeFiles/detection_responder_test_int8.dir/detection_responder_test.cpp.obj
 .ARM.attributes
                0x000000ae       0x32 CMakeFiles/detection_responder_test_int8.dir/__/__/src/tensorflow/lite/core/api/error_reporter.cpp.obj
 .ARM.attributes
                0x000000e0       0x32 CMakeFiles/detection_responder_test_int8.dir/__/__/src/tensorflow/lite/micro/micro_error_reporter.cpp.obj
 .ARM.attributes
                0x00000112       0x32 CMakeFiles/detection_responder_test_int8.dir/__/__/src/tensorflow/lite/micro/micro_string.cpp.obj
 .ARM.attributes
                0x00000144       0x32 CMakeFiles/detection_responder_test_int8.dir/__/__/src/tensorflow/lite/micro/rp2/debug_log.cpp.obj
 .ARM.attributes
                0x00000176       0x32 CMakeFiles/detection_responder_test_int8.dir/home/pi/PicoCamDemo/pico-setup/pico/pico-sdk/src/rp2_common/pico_stdlib/stdlib.c.obj
 .ARM.attributes
                0x000001a8       0x32 CMakeFiles/detection_responder_test_int8.dir/home/pi/PicoCamDemo/pico-setup/pico/pico-sdk/src/rp2_common/hardware_gpio/gpio.c.obj
 .ARM.attributes
                0x000001da       0x32 CMakeFiles/detection_responder_test_int8.dir/home/pi/PicoCamDemo/pico-setup/pico/pico-sdk/src/rp2_common/hardware_claim/claim.c.obj
 .ARM.attributes
                0x0000020c       0x32 CMakeFiles/detection_responder_test_int8.dir/home/pi/PicoCamDemo/pico-setup/pico/pico-sdk/src/rp2_common/hardware_sync/sync.c.obj
 .ARM.attributes
                0x0000023e       0x32 CMakeFiles/detection_responder_test_int8.dir/home/pi/PicoCamDemo/pico-setup/pico/pico-sdk/src/rp2_common/pico_platform/platform.c.obj
 .ARM.attributes
                0x00000270       0x32 CMakeFiles/detection_responder_test_int8.dir/home/pi/PicoCamDemo/pico-setup/pico/pico-sdk/src/rp2_common/hardware_uart/uart.c.obj
 .ARM.attributes
                0x000002a2       0x32 CMakeFiles/detection_responder_test_int8.dir/home/pi/PicoCamDemo/pico-setup/pico/pico-sdk/src/common/pico_time/time.c.obj
 .ARM.attributes
                0x000002d4       0x32 CMakeFiles/detection_responder_test_int8.dir/home/pi/PicoCamDemo/pico-setup/pico/pico-sdk/src/rp2_common/hardware_timer/timer.c.obj
 .ARM.attributes
                0x00000306       0x32 CMakeFiles/detection_responder_test_int8.dir/home/pi/PicoCamDemo/pico-setup/pico/pico-sdk/src/common/pico_sync/lock_core.c.obj
 .ARM.attributes
                0x00000338       0x32 CMakeFiles/detection_responder_test_int8.dir/home/pi/PicoCamDemo/pico-setup/pico/pico-sdk/src/common/pico_sync/mutex.c.obj
 .ARM.attributes
                0x0000036a       0x32 CMakeFiles/detection_responder_test_int8.dir/home/pi/PicoCamDemo/pico-setup/pico/pico-sdk/src/common/pico_util/pheap.c.obj
 .ARM.attributes
                0x0000039c       0x32 CMakeFiles/detection_responder_test_int8.dir/home/pi/PicoCamDemo/pico-setup/pico/pico-sdk/src/rp2_common/pico_runtime/runtime.c.obj
 .ARM.attributes
                0x000003ce       0x32 CMakeFiles/detection_responder_test_int8.dir/home/pi/PicoCamDemo/pico-setup/pico/pico-sdk/src/rp2_common/hardware_clocks/clocks.c.obj
 .ARM.attributes
                0x00000400       0x32 CMakeFiles/detection_responder_test_int8.dir/home/pi/PicoCamDemo/pico-setup/pico/pico-sdk/src/rp2_common/hardware_watchdog/watchdog.c.obj
 .ARM.attributes
                0x00000432       0x32 CMakeFiles/detection_responder_test_int8.dir/home/pi/PicoCamDemo/pico-setup/pico/pico-sdk/src/rp2_common/hardware_xosc/xosc.c.obj
 .ARM.attributes
                0x00000464       0x32 CMakeFiles/detection_responder_test_int8.dir/home/pi/PicoCamDemo/pico-setup/pico/pico-sdk/src/rp2_common/hardware_pll/pll.c.obj
 .ARM.attributes
                0x00000496       0x32 CMakeFiles/detection_responder_test_int8.dir/home/pi/PicoCamDemo/pico-setup/pico/pico-sdk/src/rp2_common/hardware_irq/irq.c.obj
 .ARM.attributes
                0x000004c8       0x22 CMakeFiles/detection_responder_test_int8.dir/home/pi/PicoCamDemo/pico-setup/pico/pico-sdk/src/rp2_common/hardware_irq/irq_handler_chain.S.obj
 .ARM.attributes
                0x000004ea       0x32 CMakeFiles/detection_responder_test_int8.dir/home/pi/PicoCamDemo/pico-setup/pico/pico-sdk/src/rp2_common/pico_printf/printf.c.obj
 .ARM.attributes
                0x0000051c       0x22 CMakeFiles/detection_responder_test_int8.dir/home/pi/PicoCamDemo/pico-setup/pico/pico-sdk/src/rp2_common/pico_bit_ops/bit_ops_aeabi.S.obj
 .ARM.attributes
                0x0000053e       0x32 CMakeFiles/detection_responder_test_int8.dir/home/pi/PicoCamDemo/pico-setup/pico/pico-sdk/src/rp2_common/pico_bootrom/bootrom.c.obj
 .ARM.attributes
                0x00000570       0x22 CMakeFiles/detection_responder_test_int8.dir/home/pi/PicoCamDemo/pico-setup/pico/pico-sdk/src/rp2_common/pico_divider/divider.S.obj
 .ARM.attributes
                0x00000592       0x22 CMakeFiles/detection_responder_test_int8.dir/home/pi/PicoCamDemo/pico-setup/pico/pico-sdk/src/rp2_common/pico_double/double_aeabi.S.obj
 .ARM.attributes
                0x000005b4       0x32 CMakeFiles/detection_responder_test_int8.dir/home/pi/PicoCamDemo/pico-setup/pico/pico-sdk/src/rp2_common/pico_double/double_init_rom.c.obj
 .ARM.attributes
                0x000005e6       0x22 CMakeFiles/detection_responder_test_int8.dir/home/pi/PicoCamDemo/pico-setup/pico/pico-sdk/src/rp2_common/pico_double/double_v1_rom_shim.S.obj
 .ARM.attributes
                0x00000608       0x22 CMakeFiles/detection_responder_test_int8.dir/home/pi/PicoCamDemo/pico-setup/pico/pico-sdk/src/rp2_common/pico_float/float_aeabi.S.obj
 .ARM.attributes
                0x0000062a       0x32 CMakeFiles/detection_responder_test_int8.dir/home/pi/PicoCamDemo/pico-setup/pico/pico-sdk/src/rp2_common/pico_float/float_init_rom.c.obj
 .ARM.attributes
                0x0000065c       0x22 CMakeFiles/detection_responder_test_int8.dir/home/pi/PicoCamDemo/pico-setup/pico/pico-sdk/src/rp2_common/pico_float/float_v1_rom_shim.S.obj
 .ARM.attributes
                0x0000067e       0x32 CMakeFiles/detection_responder_test_int8.dir/home/pi/PicoCamDemo/pico-setup/pico/pico-sdk/src/rp2_common/pico_malloc/pico_malloc.c.obj
 .ARM.attributes
                0x000006b0       0x22 CMakeFiles/detection_responder_test_int8.dir/home/pi/PicoCamDemo/pico-setup/pico/pico-sdk/src/rp2_common/pico_mem_ops/mem_ops_aeabi.S.obj
 .ARM.attributes
                0x000006d2       0x22 CMakeFiles/detection_responder_test_int8.dir/home/pi/PicoCamDemo/pico-setup/pico/pico-sdk/src/rp2_common/pico_standard_link/crt0.S.obj
 .ARM.attributes
                0x000006f4       0x32 CMakeFiles/detection_responder_test_int8.dir/home/pi/PicoCamDemo/pico-setup/pico/pico-sdk/src/rp2_common/pico_standard_link/binary_info.c.obj
 .ARM.attributes
                0x00000726       0x32 CMakeFiles/detection_responder_test_int8.dir/home/pi/PicoCamDemo/pico-setup/pico/pico-sdk/src/rp2_common/pico_stdio/stdio.c.obj
 .ARM.attributes
                0x00000758       0x32 CMakeFiles/detection_responder_test_int8.dir/home/pi/PicoCamDemo/pico-setup/pico/pico-sdk/src/rp2_common/pico_stdio_uart/stdio_uart.c.obj
 .ARM.attributes
                0x0000078a       0x22 /tmp/cciICTA3.o
 .ARM.attributes
                0x000007ac       0x2c /usr/lib/gcc/arm-none-eabi/7.3.1/../../../arm-none-eabi/lib/thumb/v6-m/libstdc++.a(eh_alloc.o)
 .ARM.attributes
                0x000007d8       0x1e /usr/lib/gcc/arm-none-eabi/7.3.1/thumb/v6-m/libgcc.a(_dvmd_tls.o)
 .ARM.attributes
                0x000007f6       0x2c /usr/lib/gcc/arm-none-eabi/7.3.1/../../../arm-none-eabi/lib/thumb/v6-m/libc.a(lib_a-calloc.o)
 .ARM.attributes
                0x00000822       0x2c /usr/lib/gcc/arm-none-eabi/7.3.1/../../../arm-none-eabi/lib/thumb/v6-m/libc.a(lib_a-callocr.o)
 .ARM.attributes
                0x0000084e       0x2c /usr/lib/gcc/arm-none-eabi/7.3.1/../../../arm-none-eabi/lib/thumb/v6-m/libc.a(lib_a-impure.o)
 .ARM.attributes
                0x0000087a       0x2c /usr/lib/gcc/arm-none-eabi/7.3.1/../../../arm-none-eabi/lib/thumb/v6-m/libc.a(lib_a-malloc.o)
 .ARM.attributes
                0x000008a6       0x2c /usr/lib/gcc/arm-none-eabi/7.3.1/../../../arm-none-eabi/lib/thumb/v6-m/libc.a(lib_a-mallocr.o)
 .ARM.attributes
                0x000008d2       0x2c /usr/lib/gcc/arm-none-eabi/7.3.1/../../../arm-none-eabi/lib/thumb/v6-m/libc.a(lib_a-mlock.o)
 .ARM.attributes
                0x000008fe       0x2c /usr/lib/gcc/arm-none-eabi/7.3.1/../../../arm-none-eabi/lib/thumb/v6-m/libc.a(lib_a-sbrkr.o)
 .ARM.attributes
                0x0000092a       0x2c /usr/lib/gcc/arm-none-eabi/7.3.1/../../../arm-none-eabi/lib/thumb/v6-m/libc.a(lib_a-strlen-stub.o)
 .ARM.attributes
                0x00000956       0x2c /usr/lib/gcc/arm-none-eabi/7.3.1/../../../arm-none-eabi/lib/thumb/v6-m/libc.a(lib_a-freer.o)
 .ARM.attributes
                0x00000982       0x2c /usr/lib/gcc/arm-none-eabi/7.3.1/../../../arm-none-eabi/lib/thumb/v6-m/libc.a(lib_a-reent.o)
 .ARM.attributes
                0x000009ae       0x2c /usr/lib/gcc/arm-none-eabi/7.3.1/thumb/v6-m/crtend.o

.comment        0x00000000       0xae
 .comment       0x00000000       0x57 /usr/lib/gcc/arm-none-eabi/7.3.1/thumb/v6-m/crtbegin.o
                                 0x58 (size before relaxing)
 .comment       0x00000057       0x58 CMakeFiles/detection_responder_test_int8.dir/detection_responder.cpp.obj
 .comment       0x00000057       0x58 CMakeFiles/detection_responder_test_int8.dir/detection_responder_test.cpp.obj
 .comment       0x00000057       0x58 CMakeFiles/detection_responder_test_int8.dir/__/__/src/tensorflow/lite/core/api/error_reporter.cpp.obj
 .comment       0x00000057       0x58 CMakeFiles/detection_responder_test_int8.dir/__/__/src/tensorflow/lite/micro/micro_error_reporter.cpp.obj
 .comment       0x00000057       0x58 CMakeFiles/detection_responder_test_int8.dir/__/__/src/tensorflow/lite/micro/micro_string.cpp.obj
 .comment       0x00000057       0x58 CMakeFiles/detection_responder_test_int8.dir/__/__/src/tensorflow/lite/micro/rp2/debug_log.cpp.obj
 .comment       0x00000057       0x58 CMakeFiles/detection_responder_test_int8.dir/home/pi/PicoCamDemo/pico-setup/pico/pico-sdk/src/rp2_common/pico_stdlib/stdlib.c.obj
 .comment       0x00000057       0x58 CMakeFiles/detection_responder_test_int8.dir/home/pi/PicoCamDemo/pico-setup/pico/pico-sdk/src/rp2_common/hardware_gpio/gpio.c.obj
 .comment       0x00000057       0x58 CMakeFiles/detection_responder_test_int8.dir/home/pi/PicoCamDemo/pico-setup/pico/pico-sdk/src/rp2_common/hardware_claim/claim.c.obj
 .comment       0x00000057       0x58 CMakeFiles/detection_responder_test_int8.dir/home/pi/PicoCamDemo/pico-setup/pico/pico-sdk/src/rp2_common/hardware_sync/sync.c.obj
 .comment       0x00000057       0x58 CMakeFiles/detection_responder_test_int8.dir/home/pi/PicoCamDemo/pico-setup/pico/pico-sdk/src/rp2_common/pico_platform/platform.c.obj
 .comment       0x00000057       0x58 CMakeFiles/detection_responder_test_int8.dir/home/pi/PicoCamDemo/pico-setup/pico/pico-sdk/src/rp2_common/hardware_uart/uart.c.obj
 .comment       0x00000057       0x58 CMakeFiles/detection_responder_test_int8.dir/home/pi/PicoCamDemo/pico-setup/pico/pico-sdk/src/common/pico_time/time.c.obj
 .comment       0x00000057       0x58 CMakeFiles/detection_responder_test_int8.dir/home/pi/PicoCamDemo/pico-setup/pico/pico-sdk/src/rp2_common/hardware_timer/timer.c.obj
 .comment       0x00000057       0x58 CMakeFiles/detection_responder_test_int8.dir/home/pi/PicoCamDemo/pico-setup/pico/pico-sdk/src/common/pico_sync/lock_core.c.obj
 .comment       0x00000057       0x58 CMakeFiles/detection_responder_test_int8.dir/home/pi/PicoCamDemo/pico-setup/pico/pico-sdk/src/common/pico_sync/mutex.c.obj
 .comment       0x00000057       0x58 CMakeFiles/detection_responder_test_int8.dir/home/pi/PicoCamDemo/pico-setup/pico/pico-sdk/src/common/pico_util/pheap.c.obj
 .comment       0x00000057       0x58 CMakeFiles/detection_responder_test_int8.dir/home/pi/PicoCamDemo/pico-setup/pico/pico-sdk/src/rp2_common/pico_runtime/runtime.c.obj
 .comment       0x00000057       0x58 CMakeFiles/detection_responder_test_int8.dir/home/pi/PicoCamDemo/pico-setup/pico/pico-sdk/src/rp2_common/hardware_clocks/clocks.c.obj
 .comment       0x00000057       0x58 CMakeFiles/detection_responder_test_int8.dir/home/pi/PicoCamDemo/pico-setup/pico/pico-sdk/src/rp2_common/hardware_watchdog/watchdog.c.obj
 .comment       0x00000057       0x58 CMakeFiles/detection_responder_test_int8.dir/home/pi/PicoCamDemo/pico-setup/pico/pico-sdk/src/rp2_common/hardware_xosc/xosc.c.obj
 .comment       0x00000057       0x58 CMakeFiles/detection_responder_test_int8.dir/home/pi/PicoCamDemo/pico-setup/pico/pico-sdk/src/rp2_common/hardware_pll/pll.c.obj
 .comment       0x00000057       0x58 CMakeFiles/detection_responder_test_int8.dir/home/pi/PicoCamDemo/pico-setup/pico/pico-sdk/src/rp2_common/hardware_irq/irq.c.obj
 .comment       0x00000057       0x58 CMakeFiles/detection_responder_test_int8.dir/home/pi/PicoCamDemo/pico-setup/pico/pico-sdk/src/rp2_common/pico_printf/printf.c.obj
 .comment       0x00000057       0x58 CMakeFiles/detection_responder_test_int8.dir/home/pi/PicoCamDemo/pico-setup/pico/pico-sdk/src/rp2_common/pico_bootrom/bootrom.c.obj
 .comment       0x00000057       0x58 CMakeFiles/detection_responder_test_int8.dir/home/pi/PicoCamDemo/pico-setup/pico/pico-sdk/src/rp2_common/pico_double/double_init_rom.c.obj