Archive member included to satisfy reference by file (symbol)

../../Arducam/src/libarducam.a(arducam.c.obj)
                              CMakeFiles/image_provider_benchmark.dir/image_provider.cpp.obj (capture)
/usr/lib/gcc/arm-none-eabi/7.3.1/../../../arm-none-eabi/lib/thumb/v6-m/libstdc++.a(guard.o)
                              CMakeFiles/image_provider_benchmark.dir/image_provider_benchmark.cpp.obj (__cxa_guard_acquire)
/usr/lib/gcc/arm-none-eabi/7.3.1/../../../arm-none-eabi/lib/thumb/v6-m/libstdc++.a(guard_error.o)
                              /usr/lib/gcc/arm-none-eabi/7.3.1/../../../arm-none-eabi/lib/thumb/v6-m/libstdc++.a(guard.o) (__gnu_cxx::recursive_init_error::~recursive_init_error())
/usr/lib/gcc/arm-none-eabi/7.3.1/../../../arm-none-eabi/lib/thumb/v6-m/libstdc++.a(eh_throw.o)
                              /usr/lib/gcc/arm-none-eabi/7.3.1/../../../arm-none-eabi/lib/thumb/v6-m/libstdc++.a(guard.o) (__cxa_throw)
/usr/lib/gcc/arm-none-eabi/7.3.1/../../../arm-none-eabi/lib/thumb/v6-m/libstdc++.a(eh_terminate.o)
                              /usr/lib/gcc/arm-none-eabi/7.3.1/../../../arm-none-eabi/lib/thumb/v6-m/libstdc++.a(eh_throw.o) (__cxxabiv1::__terminate(void (*)()))
/usr/lib/gcc/arm-none-eabi/7.3.1/../../../arm-none-eabi/lib/thumb/v6-m/libstdc++.a(eh_alloc.o)
                              /usr/lib/gcc/arm-none-eabi/7.3.1/../../../arm-none-eabi/lib/thumb/v6-m/libstdc++.a(guard.o) (__cxa_allocate_exception)
/usr/lib/gcc/arm-none-eabi/7.3.1/../../../arm-none-eabi/lib/thumb/v6-m/libstdc++.a(eh_personality.o)
                              /usr/lib/gcc/arm-none-eabi/7.3.1/../../../arm-none-eabi/lib/thumb/v6-m/libstdc++.a(eh_terminate.o) (__gxx_personality_v0)
/usr/lib/gcc/arm-none-eabi/7.3.1/../../../arm-none-eabi/lib/thumb/v6-m/libstdc++.a(eh_catch.o)
                              /usr/lib/gcc/arm-none-eabi/7.3.1/../../../arm-none-eabi/lib/thumb/v6-m/libstdc++.a(eh_throw.o) (__cxa_begin_catch)
/usr/lib/gcc/arm-none-eabi/7.3.1/../../../arm-none-eabi/lib/thumb/v6-m/libstdc++.a(eh_exception.o)
                              /usr/lib/gcc/arm-none-eabi/7.3.1/../../../arm-none-eabi/lib/thumb/v6-m/libstdc++.a(guard_error.o) (std::exception::~exception())
/usr/lib/gcc/arm-none-eabi/7.3.1/../../../arm-none-eabi/lib/thumb/v6-m/libstdc++.a(eh_unex_handler.o)
                              /usr/lib/gcc/arm-none-eabi/7.3.1/../../../arm-none-eabi/lib/thumb/v6-m/libstdc++.a(eh_terminate.o) (__cxxabiv1::__unexpected_handler)
/usr/lib/gcc/arm-none-eabi/7.3.1/../../../arm-none-eabi/lib/thumb/v6-m/libstdc++.a(si_class_type_info.o)
                              /usr/lib/gcc/arm-none-eabi/7.3.1/../../../arm-none-eabi/lib/thumb/v6-m/libstdc++.a(guard_error.o) (vtable for __cxxabiv1::__si_class_type_info)
/usr/lib/gcc/arm-none-eabi/7.3.1/../../../arm-none-eabi/lib/thumb/v6-m/libstdc++.a(eh_call.o)
                              /usr/lib/gcc/arm-none-eabi/7.3.1/../../../arm-none-eabi/lib/thumb/v6-m/libstdc++.a(eh_personality.o) (__cxa_call_terminate)
/usr/lib/gcc/arm-none-eabi/7.3.1/../../../arm-none-eabi/lib/thumb/v6-m/libstdc++.a(eh_term_handler.o)
                              /usr/lib/gcc/arm-none-eabi/7.3.1/../../../arm-none-eabi/lib/thumb/v6-m/libstdc++.a(eh_terminate.o) (__cxxabiv1::__terminate_handler)
/usr/lib/gcc/arm-none-eabi/7.3.1/../../../arm-none-eabi/lib/thumb/v6-m/libstdc++.a(eh_globals.o)
                              /usr/lib/gcc/arm-none-eabi/7.3.1/../../../arm-none-eabi/lib/thumb/v6-m/libstdc++.a(eh_catch.o) (__cxa_get_globals_fast)
/usr/lib/gcc/arm-none-eabi/7.3.1/../../../arm-none-eabi/lib/thumb/v6-m/libstdc++.a(eh_arm.o)
                              /usr/lib/gcc/arm-none-eabi/7.3.1/../../../arm-none-eabi/lib/thumb/v6-m/libstdc++.a(eh_terminate.o) (__cxa_end_cleanup)
/usr/lib/gcc/arm-none-eabi/7.3.1/../../../arm-none-eabi/lib/thumb/v6-m/libstdc++.a(tinfo.o)
                              /usr/lib/gcc/arm-none-eabi/7.3.1/../../../arm-none-eabi/lib/thumb/v6-m/libstdc++.a(si_class_type_info.o) (std::type_info::__is_pointer_p() const)
/usr/lib/gcc/arm-none-eabi/7.3.1/../../../arm-none-eabi/lib/thumb/v6-m/libstdc++.a(class_type_info.o)
                              /usr/lib/gcc/arm-none-eabi/7.3.1/../../../arm-none-eabi/lib/thumb/v6-m/libstdc++.a(si_class_type_info.o) (__cxxabiv1::__class_type_info::__do_upcast(__cxxabiv1::__class_type_info const*, void**) const)
/usr/lib/gcc/arm-none-eabi/7.3.1/../../../arm-none-eabi/lib/thumb/v6-m/libstdc++.a(pure.o)
                              /usr/lib/gcc/arm-none-eabi/7.3.1/../../../arm-none-eabi/lib/thumb/v6-m/libstdc++.a(eh_exception.o) (__cxa_pure_virtual)
/usr/lib/gcc/arm-none-eabi/7.3.1/../../../arm-none-eabi/lib/thumb/v6-m/libm.a(lib_a-s_frexp.o)
                              CMakeFiles/image_provider_benchmark.dir/__/__/src/tensorflow/lite/kernels/internal/quantization_util.cpp.obj (frexp)
/usr/lib/gcc/arm-none-eabi/7.3.1/../../../arm-none-eabi/lib/thumb/v6-m/libm.a(lib_a-sf_fmax.o)
[...]
Memory Configuration

Name             Origin             Length             Attributes
FLASH            0x10000000         0x00200000         xr
RAM              0x20000000         0x00040000         xrw
SCRATCH_X        0x20040000         0x00001000         xrw
SCRATCH_Y        0x20041000         0x00001000         xrw
*default*        0x00000000         0xffffffff

Linker script and memory map

LOAD /usr/lib/gcc/arm-none-eabi/7.3.1/thumb/v6-m/crti.o
LOAD /usr/lib/gcc/arm-none-eabi/7.3.1/thumb/v6-m/crtbegin.o
LOAD /usr/lib/gcc/arm-none-eabi/7.3.1/../../../arm-none-eabi/lib/thumb/v6-m/crt0.o

.flash_begin    0x10000000        0x0
                0x10000000                __flash_binary_start = .

.boot2          0x10000000      0x100
                0x10000000                __boot2_start__ = .
 *(.boot2)
 .boot2         0x10000000      0x100 /tmp/ccQJSKsk.o
                0x10000100                __boot2_end__ = .
                0x00000001                ASSERT (((__boot2_end__ - __boot2_start__) == 0x100), ERROR: Pico second stage bootloader must be 256 bytes in size)

.text           0x10000100     0xa348
                0x10000100                __logical_binary_start = .
 *(.vectors)
 .vectors       0x10000100       0xd4 CMakeFiles/image_provider_benchmark.dir/home/pi/PicoCamDemo/pico-setup/pico/pico-sdk/src/rp2_common/pico_standard_link/crt0.S.obj
                0x10000100                __vectors
                0x100001c0                isr_invalid
                0x100001c2                isr_nmi
                0x100001c4                isr_hardfault
                0x100001c6                isr_svcall
                0x100001c8                isr_pendsv
                0x100001ca                isr_systick
                0x100001cc                isr_irq30
                0x100001cc                __unhandled_user_irq
                0x100001cc                isr_irq13
                0x100001cc                isr_irq27
                0x100001cc                isr_irq31
                0x100001cc                isr_irq5
                0x100001cc                isr_irq11
                0x100001cc                isr_irq23
                0x100001cc                isr_irq18
                0x100001cc                isr_irq28
                0x100001cc                isr_irq19
                0x100001cc                isr_irq0
                0x100001cc                isr_irq6
                0x100001cc                isr_irq22
                0x100001cc                isr_irq17
                0x100001cc                isr_irq14
                0x100001cc                isr_irq2
                0x100001cc                isr_irq10
                0x100001cc                isr_irq8
                0x100001cc                isr_irq24
                0x100001cc                isr_irq1
                0x100001cc                isr_irq7
                0x100001cc                isr_irq21
                0x100001cc                isr_irq20
                0x100001cc                isr_irq15
                0x100001cc                isr_irq25
                0x100001cc                isr_irq4
                0x100001cc                isr_irq16
                0x100001cc                isr_irq29
                0x100001cc                isr_irq26
                0x100001cc                isr_irq3
                0x100001cc                isr_irq12
                0x100001cc                isr_irq9
                0x100001d2                unhandled_user_irq_num_in_r0
 *(.binary_info_header)
 .binary_info_header
                0x100001d4       0x14 CMakeFiles/image_provider_benchmark.dir/home/pi/PicoCamDemo/pico-setup/pico/pico-sdk/src/rp2_common/pico_standard_link/crt0.S.obj
                0x100001e8                __binary_info_header_end = .
 *(.reset)
 .reset         0x100001e8       0xa8 CMakeFiles/image_provider_benchmark.dir/home/pi/PicoCamDemo/pico-setup/pico/pico-sdk/src/rp2_common/pico_standard_link/crt0.S.obj
                0x100001e8                _entry_point
                0x10000266                __get_current_exception
 .reset         0x10000290       0x30 CMakeFiles/image_provider_benchmark.dir/home/pi/PicoCamDemo/pico-setup/pico/pico-sdk/src/rp2_common/pico_standard_link/binary_info.c.obj
 *(.init)
 .init          0x100002c0        0x4 /usr/lib/gcc/arm-none-eabi/7.3.1/thumb/v6-m/crti.o
                0x100002c0                _init
 *(EXCLUDE_FILE(*libm.a: *libc.a:*lib_a-mem*.o *libgcc.a:) .text*)
 .text          0x100002c4       0x98 /usr/lib/gcc/arm-none-eabi/7.3.1/thumb/v6-m/crtbegin.o
 .text._Z8GetImagePN6tflite13ErrorReporterEiiiPa
                0x1000035c      0x1c8 CMakeFiles/image_provider_benchmark.dir/image_provider.cpp.obj
                0x1000035c                GetImage(tflite::ErrorReporter*, int, int, int, signed char*)
 .text.__tcf_0  0x10000524        0x4 CMakeFiles/image_provider_benchmark.dir/image_provider_benchmark.cpp.obj
 .text._Z10Initializev
                0x10000528       0x54 CMakeFiles/image_provider_benchmark.dir/image_provider_benchmark.cpp.obj
                0x10000528                Initialize()
 .text._Z16CaptureIerationsv
                0x1000057c       0x2c CMakeFiles/image_provider_benchmark.dir/image_provider_benchmark.cpp.obj
                0x1000057c                CaptureIerations()
 .text.startup.main
                0x100005a8       0xe0 CMakeFiles/image_provider_benchmark.dir/image_provider_benchmark.cpp.obj
                0x100005a8                main
 .text._ZN6tflite13ErrorReporter6ReportEPKcz
                0x10000688       0x1c CMakeFiles/image_provider_benchmark.dir/__/__/src/tensorflow/lite/core/api/error_reporter.cpp.obj
                0x10000688                tflite::ErrorReporter::Report(char const*, ...)
 .text._ZN6tflite18MicroErrorReporterD0Ev
                0x100006a4        0x4 CMakeFiles/image_provider_benchmark.dir/__/__/src/tensorflow/lite/micro/micro_error_reporter.cpp.obj
                0x100006a4                tflite::MicroErrorReporter::~MicroErrorReporter()
                0x100006a4                tflite::MicroErrorReporter::~MicroErrorReporter()
                0x100006a4                tflite::MicroErrorReporter::~MicroErrorReporter()
 .text._ZN6tflite18MicroErrorReporter6ReportEPKcSt9__va_list
                0x100006a8       0x28 CMakeFiles/image_provider_benchmark.dir/__/__/src/tensorflow/lite/micro/micro_error_reporter.cpp.obj
                0x100006a8                tflite::MicroErrorReporter::Report(char const*, std::__va_list)
 .text.MicroVsnprintf
                0x100006d0      0x514 CMakeFiles/image_provider_benchmark.dir/__/__/src/tensorflow/lite/micro/micro_string.cpp.obj
                0x100006d0                MicroVsnprintf
 .text.DebugLog
                0x10000be4       0x28 CMakeFiles/image_provider_benchmark.dir/__/__/src/tensorflow/lite/micro/rp2/debug_log.cpp.obj
                0x10000be4                DebugLog
 .text._ZN6tflite16ticks_per_secondEv
                0x10000c0c        0x8 CMakeFiles/image_provider_benchmark.dir/__/__/src/tensorflow/lite/micro/rp2/micro_time.cpp.obj
                0x10000c0c                tflite::ticks_per_second()
 .text._ZN6tflite19GetCurrentTimeTicksEv
                0x10000c14        0xc CMakeFiles/image_provider_benchmark.dir/__/__/src/tensorflow/lite/micro/rp2/micro_time.cpp.obj
                0x10000c14                tflite::GetCurrentTimeTicks()
 .text.gpio_set_function
                0x10000c20       0x30 CMakeFiles/image_provider_benchmark.dir/home/pi/PicoCamDemo/pico-setup/pico/pico-sdk/src/rp2_common/hardware_gpio/gpio.c.obj
                0x10000c20                gpio_set_function
 .text.gpio_set_pulls
                0x10000c50       0x34 CMakeFiles/image_provider_benchmark.dir/home/pi/PicoCamDemo/pico-setup/pico/pico-sdk/src/rp2_common/hardware_gpio/gpio.c.obj
                0x10000c50                gpio_set_pulls
 .text.gpio_init
                0x10000c84       0x3c CMakeFiles/image_provider_benchmark.dir/home/pi/PicoCamDemo/pico-setup/pico/pico-sdk/src/rp2_common/hardware_gpio/gpio.c.obj
                0x10000c84                gpio_init
 .text.hw_claim_or_assert
                0x10000cc0       0x44 CMakeFiles/image_provider_benchmark.dir/home/pi/PicoCamDemo/pico-setup/pico/pico-sdk/src/rp2_common/hardware_claim/claim.c.obj
                0x10000cc0                hw_claim_or_assert
 .text.hw_claim_unused_from_range
                0x10000d04       0x9c CMakeFiles/image_provider_benchmark.dir/home/pi/PicoCamDemo/pico-setup/pico/pico-sdk/src/rp2_common/hardware_claim/claim.c.obj
                0x10000d04                hw_claim_unused_from_range
 .text.spin_locks_reset
                0x10000da0       0x1c CMakeFiles/image_provider_benchmark.dir/home/pi/PicoCamDemo/pico-setup/pico/pico-sdk/src/rp2_common/hardware_sync/sync.c.obj
                0x10000da0                spin_locks_reset
 .text.next_striped_spin_lock_num
                0x10000dbc       0x18 CMakeFiles/image_provider_benchmark.dir/home/pi/PicoCamDemo/pico-setup/pico/pico-sdk/src/rp2_common/hardware_sync/sync.c.obj
                0x10000dbc                next_striped_spin_lock_num
 .text.spin_lock_claim_unused
                0x10000dd4       0x20 CMakeFiles/image_provider_benchmark.dir/home/pi/PicoCamDemo/pico-setup/pico/pico-sdk/src/rp2_common/hardware_sync/sync.c.obj
                0x10000dd4                spin_lock_claim_unused
 .text.running_on_fpga
                0x10000df4       0x10 CMakeFiles/image_provider_benchmark.dir/home/pi/PicoCamDemo/pico-setup/pico/pico-sdk/src/rp2_common/pico_platform/platform.c.obj
                0x10000df4                running_on_fpga
 .text.timer_pool_entry_comparator
                0x10000e04       0x34 CMakeFiles/image_provider_benchmark.dir/home/pi/PicoCamDemo/pico-setup/pico/pico-sdk/src/common/pico_time/time.c.obj
                0x10000e04                timer_pool_entry_comparator
 .text.sev_callback
                0x10000e38        0x8 CMakeFiles/image_provider_benchmark.dir/home/pi/PicoCamDemo/pico-setup/pico/pico-sdk/src/common/pico_time/time.c.obj
 .text.add_alarm_under_lock
                0x10000e40      0x118 CMakeFiles/image_provider_benchmark.dir/home/pi/PicoCamDemo/pico-setup/pico/pico-sdk/src/common/pico_time/time.c.obj
 .text.alarm_pool_alarm_callback
                0x10000f58      0x1dc CMakeFiles/image_provider_benchmark.dir/home/pi/PicoCamDemo/pico-setup/pico/pico-sdk/src/common/pico_time/time.c.obj
 .text.alarm_pool_init_default
                0x10001134       0x78 CMakeFiles/image_provider_benchmark.dir/home/pi/PicoCamDemo/pico-setup/pico/pico-sdk/src/common/pico_time/time.c.obj
                0x10001134                alarm_pool_init_default
 .text.alarm_pool_get_default
                0x100011ac        0xc CMakeFiles/image_provider_benchmark.dir/home/pi/PicoCamDemo/pico-setup/pico/pico-sdk/src/common/pico_time/time.c.obj
                0x100011ac                alarm_pool_get_default
 .text.alarm_pool_add_alarm_at
                0x100011b8      0x198 CMakeFiles/image_provider_benchmark.dir/home/pi/PicoCamDemo/pico-setup/pico/pico-sdk/src/common/pico_time/time.c.obj
                0x100011b8                alarm_pool_add_alarm_at
 .text.sleep_until
                0x10001350      0x1b0 CMakeFiles/image_provider_benchmark.dir/home/pi/PicoCamDemo/pico-setup/pico/pico-sdk/src/common/pico_time/time.c.obj
                0x10001350                sleep_until
 .text.sleep_ms
                0x10001500       0x38 CMakeFiles/image_provider_benchmark.dir/home/pi/PicoCamDemo/pico-setup/pico/pico-sdk/src/common/pico_time/time.c.obj
                0x10001500                sleep_ms
 .text.best_effort_wfe_or_timeout
                0x10001538      0x1d0 CMakeFiles/image_provider_benchmark.dir/home/pi/PicoCamDemo/pico-setup/pico/pico-sdk/src/common/pico_time/time.c.obj
                0x10001538                best_effort_wfe_or_timeout
 .text.hardware_alarm_irq_handler
                0x10001708       0xb0 CMakeFiles/image_provider_benchmark.dir/home/pi/PicoCamDemo/pico-setup/pico/pico-sdk/src/rp2_common/hardware_timer/timer.c.obj
 .text.hardware_alarm_claim
                0x100017b8       0x18 CMakeFiles/image_provider_benchmark.dir/home/pi/PicoCamDemo/pico-setup/pico/pico-sdk/src/rp2_common/hardware_timer/timer.c.obj
                0x100017b8                hardware_alarm_claim
 .text.time_us_64
                0x100017d0       0x18 CMakeFiles/image_provider_benchmark.dir/home/pi/PicoCamDemo/pico-setup/pico/pico-sdk/src/rp2_common/hardware_timer/timer.c.obj
                0x100017d0                time_us_64
 .text.busy_wait_until
                0x100017e8       0x20 CMakeFiles/image_provider_benchmark.dir/home/pi/PicoCamDemo/pico-setup/pico/pico-sdk/src/rp2_common/hardware_timer/timer.c.obj
                0x100017e8                busy_wait_until
 .text.hardware_alarm_set_callback
                0x10001808       0x8c CMakeFiles/image_provider_benchmark.dir/home/pi/PicoCamDemo/pico-setup/pico/pico-sdk/src/rp2_common/hardware_timer/timer.c.obj
                0x10001808                hardware_alarm_set_callback
 .text.hardware_alarm_set_target
                0x10001894       0xb4 CMakeFiles/image_provider_benchmark.dir/home/pi/PicoCamDemo/pico-setup/pico/pico-sdk/src/rp2_common/hardware_timer/timer.c.obj
                0x10001894                hardware_alarm_set_target
 .text.hardware_alarm_cancel
                0x10001948       0x40 CMakeFiles/image_provider_benchmark.dir/home/pi/PicoCamDemo/pico-setup/pico/pico-sdk/src/rp2_common/hardware_timer/timer.c.obj
                0x10001948                hardware_alarm_cancel
 .text.lock_init
                0x10001988       0x10 CMakeFiles/image_provider_benchmark.dir/home/pi/PicoCamDemo/pico-setup/pico/pico-sdk/src/common/pico_sync/lock_core.c.obj
                0x10001988                lock_init
 .text.mutex_init
                0x10001998       0x1c CMakeFiles/image_provider_benchmark.dir/home/pi/PicoCamDemo/pico-setup/pico/pico-sdk/src/common/pico_sync/mutex.c.obj
                0x10001998                mutex_init
 .text.critical_section_init
                0x100019b4       0x18 CMakeFiles/image_provider_benchmark.dir/home/pi/PicoCamDemo/pico-setup/pico/pico-sdk/src/common/pico_sync/critical_section.c.obj
                0x100019b4                critical_section_init
 .text.ph_merge_two_pass.part.3
                0x100019cc       0xcc CMakeFiles/image_provider_benchmark.dir/home/pi/PicoCamDemo/pico-setup/pico/pico-sdk/src/common/pico_util/pheap.c.obj
 .text.ph_create
                0x10001a98       0x60 CMakeFiles/image_provider_benchmark.dir/home/pi/PicoCamDemo/pico-setup/pico/pico-sdk/src/common/pico_util/pheap.c.obj
                0x10001a98                ph_create
 .text.ph_remove_head_reserve
                0x10001af8      0x158 CMakeFiles/image_provider_benchmark.dir/home/pi/PicoCamDemo/pico-setup/pico/pico-sdk/src/common/pico_util/pheap.c.obj
                0x10001af8                ph_remove_head_reserve
 .text.ph_delete
                0x10001c50      0x340 CMakeFiles/image_provider_benchmark.dir/home/pi/PicoCamDemo/pico-setup/pico/pico-sdk/src/common/pico_util/pheap.c.obj
                0x10001c50                ph_delete
 .text.runtime_init
                0x10001f90       0xec CMakeFiles/image_provider_benchmark.dir/home/pi/PicoCamDemo/pico-setup/pico/pico-sdk/src/rp2_common/pico_runtime/runtime.c.obj
                0x10001f90                runtime_init
 .text._exit    0x1000207c        0x4 CMakeFiles/image_provider_benchmark.dir/home/pi/PicoCamDemo/pico-setup/pico/pico-sdk/src/rp2_common/pico_runtime/runtime.c.obj
                0x1000207c                _exit
 .text._sbrk    0x10002080       0x34 CMakeFiles/image_provider_benchmark.dir/home/pi/PicoCamDemo/pico-setup/pico/pico-sdk/src/rp2_common/pico_runtime/runtime.c.obj
                0x10002080                _sbrk
 .text.exit     0x100020b4        0x4 CMakeFiles/image_provider_benchmark.dir/home/pi/PicoCamDemo/pico-setup/pico/pico-sdk/src/rp2_common/pico_runtime/runtime.c.obj
                0x100020b4                exit
 .text.panic    0x100020b8       0x30 CMakeFiles/image_provider_benchmark.dir/home/pi/PicoCamDemo/pico-setup/pico/pico-sdk/src/rp2_common/pico_runtime/runtime.c.obj
                0x100020b8                panic
 .text.hard_assertion_failure
                0x100020e8        0xc CMakeFiles/image_provider_benchmark.dir/home/pi/PicoCamDemo/pico-setup/pico/pico-sdk/src/rp2_common/pico_runtime/runtime.c.obj
                0x100020e8                hard_assertion_failure
 .text.clocks_init
                0x100020f4      0x2ec CMakeFiles/image_provider_benchmark.dir/home/pi/PicoCamDemo/pico-setup/pico/pico-sdk/src/rp2_common/hardware_clocks/clocks.c.obj
                0x100020f4                clocks_init
 .text.clock_get_hz
                0x100023e0        0xc CMakeFiles/image_provider_benchmark.dir/home/pi/PicoCamDemo/pico-setup/pico/pico-sdk/src/rp2_common/hardware_clocks/clocks.c.obj
                0x100023e0                clock_get_hz
 .text.watchdog_start_tick
                0x100023ec       0x10 CMakeFiles/image_provider_benchmark.dir/home/pi/PicoCamDemo/pico-setup/pico/pico-sdk/src/rp2_common/hardware_watchdog/watchdog.c.obj
                0x100023ec                watchdog_start_tick
 .text.xosc_init
                0x100023fc       0x28 CMakeFiles/image_provider_benchmark.dir/home/pi/PicoCamDemo/pico-setup/pico/pico-sdk/src/rp2_common/hardware_xosc/xosc.c.obj
                0x100023fc                xosc_init
 .text.pll_init
                0x10002424       0x54 CMakeFiles/image_provider_benchmark.dir/home/pi/PicoCamDemo/pico-setup/pico/pico-sdk/src/rp2_common/hardware_pll/pll.c.obj
                0x10002424                pll_init
 .text.irq_set_enabled
                0x10002478       0x24 CMakeFiles/image_provider_benchmark.dir/home/pi/PicoCamDemo/pico-setup/pico/pico-sdk/src/rp2_common/hardware_irq/irq.c.obj
                0x10002478                irq_set_enabled
 .text.irq_set_pending
                0x1000249c       0x10 CMakeFiles/image_provider_benchmark.dir/home/pi/PicoCamDemo/pico-setup/pico/pico-sdk/src/rp2_common/hardware_irq/irq.c.obj
                0x1000249c                irq_set_pending
 .text.irq_get_vtable_handler
                0x100024ac       0x10 CMakeFiles/image_provider_benchmark.dir/home/pi/PicoCamDemo/pico-setup/pico/pico-sdk/src/rp2_common/hardware_irq/irq.c.obj
                0x100024ac                irq_get_vtable_handler
 .text.irq_set_exclusive_handler
                0x100024bc       0x54 CMakeFiles/image_provider_benchmark.dir/home/pi/PicoCamDemo/pico-setup/pico/pico-sdk/src/rp2_common/hardware_irq/irq.c.obj
                0x100024bc                irq_set_exclusive_handler
 .text.irq_remove_handler
                0x10002510      0x1c8 CMakeFiles/image_provider_benchmark.dir/home/pi/PicoCamDemo/pico-setup/pico/pico-sdk/src/rp2_common/hardware_irq/irq.c.obj
                0x10002510                irq_remove_handler
 .text.irq_add_tail_to_free_list
                0x100026d8       0xbc CMakeFiles/image_provider_benchmark.dir/home/pi/PicoCamDemo/pico-setup/pico/pico-sdk/src/rp2_common/hardware_irq/irq.c.obj
                0x100026d8                irq_add_tail_to_free_list
 .text.irq_init_priorities
                0x10002794       0x38 CMakeFiles/image_provider_benchmark.dir/home/pi/PicoCamDemo/pico-setup/pico/pico-sdk/src/rp2_common/hardware_irq/irq.c.obj
                0x10002794                irq_init_priorities
 .text._out_null
                0x100027cc        0x4 CMakeFiles/image_provider_benchmark.dir/home/pi/PicoCamDemo/pico-setup/pico/pico-sdk/src/rp2_common/pico_printf/printf.c.obj
 .text._out_fct
                0x100027d0       0x10 CMakeFiles/image_provider_benchmark.dir/home/pi/PicoCamDemo/pico-setup/pico/pico-sdk/src/rp2_common/pico_printf/printf.c.obj
 .text._out_char
                0x100027e0        0xc CMakeFiles/image_provider_benchmark.dir/home/pi/PicoCamDemo/pico-setup/pico/pico-sdk/src/rp2_common/pico_printf/printf.c.obj
 .text._ntoa_format
                0x100027ec      0x270 CMakeFiles/image_provider_benchmark.dir/home/pi/PicoCamDemo/pico-setup/pico/pico-sdk/src/rp2_common/pico_printf/printf.c.obj
 .text._ftoa    0x10002a5c      0x6f8 CMakeFiles/image_provider_benchmark.dir/home/pi/PicoCamDemo/pico-setup/pico/pico-sdk/src/rp2_common/pico_printf/printf.c.obj
 .text._etoa.part.0
                0x10003154      0x99c CMakeFiles/image_provider_benchmark.dir/home/pi/PicoCamDemo/pico-setup/pico/pico-sdk/src/rp2_common/pico_printf/printf.c.obj
 .text._vsnprintf
                0x10003af0      0xa24 CMakeFiles/image_provider_benchmark.dir/home/pi/PicoCamDemo/pico-setup/pico/pico-sdk/src/rp2_common/pico_printf/printf.c.obj
 .text.vfctprintf
                0x10004514       0x20 CMakeFiles/image_provider_benchmark.dir/home/pi/PicoCamDemo/pico-setup/pico/pico-sdk/src/rp2_common/pico_printf/printf.c.obj
                0x10004514                vfctprintf
 .text.weak_raw_vprintf
                0x10004534       0x30 CMakeFiles/image_provider_benchmark.dir/home/pi/PicoCamDemo/pico-setup/pico/pico-sdk/src/rp2_common/pico_printf/printf.c.obj
                0x10004534                weak_raw_vprintf
 .text          0x10004564       0x10 CMakeFiles/image_provider_benchmark.dir/home/pi/PicoCamDemo/pico-setup/pico/pico-sdk/src/rp2_common/pico_bit_ops/bit_ops_aeabi.S.obj
 .text.rom_func_lookup
                0x10004574       0x10 CMakeFiles/image_provider_benchmark.dir/home/pi/PicoCamDemo/pico-setup/pico/pico-sdk/src/rp2_common/pico_bootrom/bootrom.c.obj
                0x10004574                rom_func_lookup
 .text.rom_data_lookup
                0x10004584       0x10 CMakeFiles/image_provider_benchmark.dir/home/pi/PicoCamDemo/pico-setup/pico/pico-sdk/src/rp2_common/pico_bootrom/bootrom.c.obj
                0x10004584                rom_data_lookup
 .text.rom_funcs_lookup
                0x10004594       0x3c CMakeFiles/image_provider_benchmark.dir/home/pi/PicoCamDemo/pico-setup/pico/pico-sdk/src/rp2_common/pico_bootrom/bootrom.c.obj
                0x10004594                rom_funcs_lookup
 .text.__wrap___aeabi_idiv
                0x100045d0       0x58 CMakeFiles/image_provider_benchmark.dir/home/pi/PicoCamDemo/pico-setup/pico/pico-sdk/src/rp2_common/pico_divider/divider.S.obj
                0x100045d0                __wrap___aeabi_idivmod
                0x100045d0                divmod_s32s32
                0x100045d0                div_s32s32
                0x100045d0                __wrap___aeabi_idiv
                0x100045d8                divmod_s32s32_unsafe
                0x10004604                divmod_s32s32_savestate
 .text.__wrap___aeabi_uidiv
                0x10004628       0x54 CMakeFiles/image_provider_benchmark.dir/home/pi/PicoCamDemo/pico-setup/pico/pico-sdk/src/rp2_common/pico_divider/divider.S.obj
                0x10004628                __wrap___aeabi_uidiv
                0x10004628                __wrap___aeabi_uidivmod
                0x10004628                div_u32u32
                0x10004628                divmod_u32u32
                0x10004630                divmod_u32u32_unsafe
                0x10004658                divmod_u32u32_savestate
 .text.__wrap___aeabi_ldiv
                0x1000467c      0x430 CMakeFiles/image_provider_benchmark.dir/home/pi/PicoCamDemo/pico-setup/pico/pico-sdk/src/rp2_common/pico_divider/divider.S.obj
                0x1000467c                div_s64s64
                0x1000467c                divmod_s64s64
                0x1000467c                __wrap___aeabi_ldivmod
                0x100046b4                div_u64u64
                0x100046b4                divmod_u64u64
                0x100046b4                __wrap___aeabi_uldivmod
                0x100046c4                divmod_u64u64_savestate
                0x100046ec                divmod_s64s64_unsafe
                0x10004774                divmod_u64u64_unsafe
 .text.__wrap___aeabi_darithmetic
                0x10004aac       0x54 CMakeFiles/image_provider_benchmark.dir/home/pi/PicoCamDemo/pico-setup/pico/pico-sdk/src/rp2_common/pico_double/double_aeabi.S.obj
                0x10004aac                __wrap___aeabi_drsub
                0x10004ab2                __wrap___aeabi_dsub
                0x10004ac4                __wrap___aeabi_dadd
                0x10004ad6                __wrap___aeabi_ddiv
                0x10004ae8                __wrap___aeabi_dmul
 .text.__wrap___aeabi_cdcmple
                0x10004b00       0x6c CMakeFiles/image_provider_benchmark.dir/home/pi/PicoCamDemo/pico-setup/pico/pico-sdk/src/rp2_common/pico_double/double_aeabi.S.obj
                0x10004b00                __wrap___aeabi_cdrcmple
                0x10004b10                __wrap___aeabi_cdcmple
                0x10004b10                __wrap___aeabi_cdcmpeq
 .text.__wrap___aeabi_dcmplt
                0x10004b6c        0xc CMakeFiles/image_provider_benchmark.dir/home/pi/PicoCamDemo/pico-setup/pico/pico-sdk/src/rp2_common/pico_double/double_aeabi.S.obj
                0x10004b6c                __wrap___aeabi_dcmplt
 .text.__wrap___aeabi_dcmpge
                0x10004b78       0x10 CMakeFiles/image_provider_benchmark.dir/home/pi/PicoCamDemo/pico-setup/pico/pico-sdk/src/rp2_common/pico_double/double_aeabi.S.obj
                0x10004b78                __wrap___aeabi_dcmpge
 .text.__wrap___aeabi_dcmpgt
                0x10004b88        0xa CMakeFiles/image_provider_benchmark.dir/home/pi/PicoCamDemo/pico-setup/pico/pico-sdk/src/rp2_common/pico_double/double_aeabi.S.obj
                0x10004b88                __wrap___aeabi_dcmpgt
 .text.__wrap___aeabi_dcmpun
                0x10004b92       0x1c CMakeFiles/image_provider_benchmark.dir/home/pi/PicoCamDemo/pico-setup/pico/pico-sdk/src/rp2_common/pico_double/double_aeabi.S.obj
                0x10004b92                __wrap___aeabi_dcmpun
 *fill*         0x10004bae        0x2 
 .text.__wrap___aeabi_i2d
                0x10004bb0       0x38 CMakeFiles/image_provider_benchmark.dir/home/pi/PicoCamDemo/pico-setup/pico/pico-sdk/src/rp2_common/pico_double/double_aeabi.S.obj
                0x10004bb0                __wrap___aeabi_ui2d
                0x10004bb8                __wrap___aeabi_i2d
 .text.__wrap___aeabi_d2iz
                0x10004be8       0x48 CMakeFiles/image_provider_benchmark.dir/home/pi/PicoCamDemo/pico-setup/pico/pico-sdk/src/rp2_common/pico_double/double_aeabi.S.obj
                0x10004be8                __wrap___aeabi_d2iz
                0x10004be8                double2int_z
 .text.__wrap___aeabi_d2uiz
                0x10004c30       0x18 CMakeFiles/image_provider_benchmark.dir/home/pi/PicoCamDemo/pico-setup/pico/pico-sdk/src/rp2_common/pico_double/double_aeabi.S.obj
                0x10004c30                double2uint
                0x10004c30                __wrap___aeabi_d2uiz
 .text.__wrap___aeabi_d2f
                0x10004c48       0x18 CMakeFiles/image_provider_benchmark.dir/home/pi/PicoCamDemo/pico-setup/pico/pico-sdk/src/rp2_common/pico_double/double_aeabi.S.obj
                0x10004c48                __wrap___aeabi_d2f
 .text.__aeabi_double_init
                0x10004c60       0x4c CMakeFiles/image_provider_benchmark.dir/home/pi/PicoCamDemo/pico-setup/pico/pico-sdk/src/rp2_common/pico_double/double_init_rom.c.obj
                0x10004c60                __aeabi_double_init
 .text.double_table_shim_on_use_helper
                0x10004cac       0x2c CMakeFiles/image_provider_benchmark.dir/home/pi/PicoCamDemo/pico-setup/pico/pico-sdk/src/rp2_common/pico_double/double_v1_rom_shim.S.obj
                0x10004cac                double_table_shim_on_use_helper
 .text.__wrap___aeabi_dsub
                0x10004cd8       0x10 CMakeFiles/image_provider_benchmark.dir/home/pi/PicoCamDemo/pico-setup/pico/pico-sdk/src/rp2_common/pico_double/double_v1_rom_shim.S.obj
                0x10004cd8                drsub_shim
                0x10004cde                dsub_shim
 .text.dadd_shim
                0x10004ce8      0x15c CMakeFiles/image_provider_benchmark.dir/home/pi/PicoCamDemo/pico-setup/pico/pico-sdk/src/rp2_common/pico_double/double_v1_rom_shim.S.obj
                0x10004ce8                dadd_shim
 .text.dmul_shim
                0x10004e44      0x15c CMakeFiles/image_provider_benchmark.dir/home/pi/PicoCamDemo/pico-setup/pico/pico-sdk/src/rp2_common/pico_double/double_v1_rom_shim.S.obj
                0x10004e44                dmul_shim
 .text.ddiv_shim
                0x10004fa0      0x1b0 CMakeFiles/image_provider_benchmark.dir/home/pi/PicoCamDemo/pico-setup/pico/pico-sdk/src/rp2_common/pico_double/double_v1_rom_shim.S.obj
                0x10004fa0                ddiv_shim
 .text.dcordic_rot_step
                0x10005150       0x7c CMakeFiles/image_provider_benchmark.dir/home/pi/PicoCamDemo/pico-setup/pico/pico-sdk/src/rp2_common/pico_double/double_v1_rom_shim.S.obj
                0x10005150                dcordic_rot_step
 .text.double2uint_shim
                0x100051cc        0xe CMakeFiles/image_provider_benchmark.dir/home/pi/PicoCamDemo/pico-setup/pico/pico-sdk/src/rp2_common/pico_double/double_v1_rom_shim.S.obj
                0x100051cc                double2uint_shim
                0x100051ce                double2ufix_shim
 *fill*         0x100051da        0x2 
 .text.double2uint64_shim
                0x100051dc       0x6c CMakeFiles/image_provider_benchmark.dir/home/pi/PicoCamDemo/pico-setup/pico/pico-sdk/src/rp2_common/pico_double/double_v1_rom_shim.S.obj
                0x100051dc                double2uint64_shim
                0x100051de                double2ufix64_shim
                0x100051f8                d2fix_a
 .text.double2float_shim
                0x10005248       0x5c CMakeFiles/image_provider_benchmark.dir/home/pi/PicoCamDemo/pico-setup/pico/pico-sdk/src/rp2_common/pico_double/double_v1_rom_shim.S.obj
                0x10005248                double2float_shim
 .text.dunpacks
                0x100052a4       0x3c CMakeFiles/image_provider_benchmark.dir/home/pi/PicoCamDemo/pico-setup/pico/pico-sdk/src/rp2_common/pico_double/double_v1_rom_shim.S.obj
                0x100052a4                dunpacks
 .text.__aeabi_lmul
                0x100052e0       0x32 CMakeFiles/image_provider_benchmark.dir/home/pi/PicoCamDemo/pico-setup/pico/pico-sdk/src/rp2_common/pico_int64_ops/pico_int64_ops_aeabi.S.obj
                0x100052e0                __wrap___aeabi_lmul
 *fill*         0x10005312        0x2 
 .text.__wrap___aeabi_cfcmple
                0x10005314       0x50 CMakeFiles/image_provider_benchmark.dir/home/pi/PicoCamDemo/pico-setup/pico/pico-sdk/src/rp2_common/pico_float/float_aeabi.S.obj
                0x10005314                __wrap___aeabi_cfrcmple
                0x10005320                __wrap___aeabi_cfcmpeq
                0x10005320                __wrap___aeabi_cfcmple
 .text.__wrap___aeabi_fcmplt
                0x10005364        0xc CMakeFiles/image_provider_benchmark.dir/home/pi/PicoCamDemo/pico-setup/pico/pico-sdk/src/rp2_common/pico_float/float_aeabi.S.obj
                0x10005364                __wrap___aeabi_fcmplt
 .text.__wrap___aeabi_i2f
                0x10005370       0x44 CMakeFiles/image_provider_benchmark.dir/home/pi/PicoCamDemo/pico-setup/pico/pico-sdk/src/rp2_common/pico_float/float_aeabi.S.obj
                0x10005370                __wrap___aeabi_i2f
 .text.__aeabi_float_init
                0x100053b4       0x68 CMakeFiles/image_provider_benchmark.dir/home/pi/PicoCamDemo/pico-setup/pico/pico-sdk/src/rp2_common/pico_float/float_init_rom.c.obj
                0x100053b4                __aeabi_float_init
 .text.float_table_shim_on_use_helper
                0x1000541c       0x2c CMakeFiles/image_provider_benchmark.dir/home/pi/PicoCamDemo/pico-setup/pico/pico-sdk/src/rp2_common/pico_float/float_v1_rom_shim.S.obj
                0x1000541c                float_table_shim_on_use_helper
 .text.__wrap_malloc
                0x10005448        0x8 CMakeFiles/image_provider_benchmark.dir/home/pi/PicoCamDemo/pico-setup/pico/pico-sdk/src/rp2_common/pico_malloc/pico_malloc.c.obj
                0x10005448                __wrap_malloc
 .text.__wrap_calloc
                0x10005450        0x8 CMakeFiles/image_provider_benchmark.dir/home/pi/PicoCamDemo/pico-setup/pico/pico-sdk/src/rp2_common/pico_malloc/pico_malloc.c.obj
                0x10005450                __wrap_calloc
 .text.__wrap_free
                0x10005458        0x8 CMakeFiles/image_provider_benchmark.dir/home/pi/PicoCamDemo/pico-setup/pico/pico-sdk/src/rp2_common/pico_malloc/pico_malloc.c.obj
                0x10005458                __wrap_free
 .text          0x10005460       0x10 CMakeFiles/image_provider_benchmark.dir/home/pi/PicoCamDemo/pico-setup/pico/pico-sdk/src/rp2_common/pico_mem_ops/mem_ops_aeabi.S.obj
                0x10005460                __aeabi_mem_init
 .text.memset   0x10005470        0xc CMakeFiles/image_provider_benchmark.dir/home/pi/PicoCamDemo/pico-setup/pico/pico-sdk/src/rp2_common/pico_mem_ops/mem_ops_aeabi.S.obj
                0x10005470                __wrap_memset
 .text.memcpy   0x1000547c        0xc CMakeFiles/image_provider_benchmark.dir/home/pi/PicoCamDemo/pico-setup/pico/pico-sdk/src/rp2_common/pico_mem_ops/mem_ops_aeabi.S.obj
                0x1000547c                __wrap___aeabi_memcpy
                0x1000547c                __wrap_memcpy
 .text._ZdlPvj  0x10005488        0x8 CMakeFiles/image_provider_benchmark.dir/home/pi/PicoCamDemo/pico-setup/pico/pico-sdk/src/rp2_common/pico_standard_link/new_delete.cpp.obj
                0x10005488                operator delete(void*, unsigned int)
 .text.stdio_out_chars_crlf.part.0
                0x10005490       0x8c CMakeFiles/image_provider_benchmark.dir/home/pi/PicoCamDemo/pico-setup/pico/pico-sdk/src/rp2_common/pico_stdio/stdio.c.obj
 .text.stdio_buffered_printer
                0x1000551c       0x70 CMakeFiles/image_provider_benchmark.dir/home/pi/PicoCamDemo/pico-setup/pico/pico-sdk/src/rp2_common/pico_stdio/stdio.c.obj
 .text.__wrap_putchar
                0x1000558c       0xac CMakeFiles/image_provider_benchmark.dir/home/pi/PicoCamDemo/pico-setup/pico/pico-sdk/src/rp2_common/pico_stdio/stdio.c.obj
                0x1000558c                __wrap_putchar
 .text.__wrap_puts
                0x10005638      0x120 CMakeFiles/image_provider_benchmark.dir/home/pi/PicoCamDemo/pico-setup/pico/pico-sdk/src/rp2_common/pico_stdio/stdio.c.obj
                0x10005638                __wrap_puts
 .text.stdio_set_driver_enabled
                0x10005758       0x3c CMakeFiles/image_provider_benchmark.dir/home/pi/PicoCamDemo/pico-setup/pico/pico-sdk/src/rp2_common/pico_stdio/stdio.c.obj
                0x10005758                stdio_set_driver_enabled
 .text.__wrap_vprintf
                0x10005794       0xe0 CMakeFiles/image_provider_benchmark.dir/home/pi/PicoCamDemo/pico-setup/pico/pico-sdk/src/rp2_common/pico_stdio/stdio.c.obj
                0x10005794                __wrap_vprintf
 .text.__wrap_printf
                0x10005874       0x18 CMakeFiles/image_provider_benchmark.dir/home/pi/PicoCamDemo/pico-setup/pico/pico-sdk/src/rp2_common/pico_stdio/stdio.c.obj
                0x10005874                __wrap_printf
 .text.stdio_init_all
                0x1000588c        0x8 CMakeFiles/image_provider_benchmark.dir/home/pi/PicoCamDemo/pico-setup/pico/pico-sdk/src/rp2_common/pico_stdio/stdio.c.obj
                0x1000588c                stdio_init_all
 .text.stdio_usb_in_chars
                0x10005894       0x68 CMakeFiles/image_provider_benchmark.dir/home/pi/PicoCamDemo/pico-setup/pico/pico-sdk/src/rp2_common/pico_stdio_usb/stdio_usb.c.obj
                0x10005894                stdio_usb_in_chars
 .text.timer_task
                0x100058fc       0x10 CMakeFiles/image_provider_benchmark.dir/home/pi/PicoCamDemo/pico-setup/pico/pico-sdk/src/rp2_common/pico_stdio_usb/stdio_usb.c.obj
 .text.low_priority_worker_irq
                0x1000590c       0x20 CMakeFiles/image_provider_benchmark.dir/home/pi/PicoCamDemo/pico-setup/pico/pico-sdk/src/rp2_common/pico_stdio_usb/stdio_usb.c.obj
 .text.stdio_usb_out_chars
                0x1000592c       0xf0 CMakeFiles/image_provider_benchmark.dir/home/pi/PicoCamDemo/pico-setup/pico/pico-sdk/src/rp2_common/pico_stdio_usb/stdio_usb.c.obj
 .text.stdio_usb_init
                0x10005a1c       0x8c CMakeFiles/image_provider_benchmark.dir/home/pi/PicoCamDemo/pico-setup/pico/pico-sdk/src/rp2_common/pico_stdio_usb/stdio_usb.c.obj
                0x10005a1c                stdio_usb_init
 .text.tud_descriptor_device_cb
                0x10005aa8        0x8 CMakeFiles/image_provider_benchmark.dir/home/pi/PicoCamDemo/pico-setup/pico/pico-sdk/src/rp2_common/pico_stdio_usb/stdio_usb_descriptors.c.obj
                0x10005aa8                tud_descriptor_device_cb
 .text.tud_descriptor_configuration_cb
                0x10005ab0        0x8 CMakeFiles/image_provider_benchmark.dir/home/pi/PicoCamDemo/pico-setup/pico/pico-sdk/src/rp2_common/pico_stdio_usb/stdio_usb_descriptors.c.obj
                0x10005ab0                tud_descriptor_configuration_cb
 .text.tud_descriptor_string_cb
                0x10005ab8       0x58 CMakeFiles/image_provider_benchmark.dir/home/pi/PicoCamDemo/pico-setup/pico/pico-sdk/src/rp2_common/pico_stdio_usb/stdio_usb_descriptors.c.obj
                0x10005ab8                tud_descriptor_string_cb
 .text.dcd_rp2040_irq
                0x10005b10      0x134 CMakeFiles/image_provider_benchmark.dir/home/pi/PicoCamDemo/pico-setup/pico/pico-sdk/lib/tinyusb/src/portable/raspberrypi/rp2040/dcd_rp2040.c.obj
 .text.dcd_int_enable
                0x10005c44        0xc CMakeFiles/image_provider_benchmark.dir/home/pi/PicoCamDemo/pico-setup/pico/pico-sdk/lib/tinyusb/src/portable/raspberrypi/rp2040/dcd_rp2040.c.obj
                0x10005c44                dcd_int_enable
 .text.dcd_set_address
                0x10005c50       0x30 CMakeFiles/image_provider_benchmark.dir/home/pi/PicoCamDemo/pico-setup/pico/pico-sdk/lib/tinyusb/src/portable/raspberrypi/rp2040/dcd_rp2040.c.obj
                0x10005c50                dcd_set_address
 .text.dcd_connect
                0x10005c80       0x10 CMakeFiles/image_provider_benchmark.dir/home/pi/PicoCamDemo/pico-setup/pico/pico-sdk/lib/tinyusb/src/portable/raspberrypi/rp2040/dcd_rp2040.c.obj
                0x10005c80                dcd_connect
 .text.dcd_init
                0x10005c90       0xa8 CMakeFiles/image_provider_benchmark.dir/home/pi/PicoCamDemo/pico-setup/pico/pico-sdk/lib/tinyusb/src/portable/raspberrypi/rp2040/dcd_rp2040.c.obj
                0x10005c90                dcd_init
 .text.dcd_edpt0_status_complete
                0x10005d38       0x38 CMakeFiles/image_provider_benchmark.dir/home/pi/PicoCamDemo/pico-setup/pico/pico-sdk/lib/tinyusb/src/portable/raspberrypi/rp2040/dcd_rp2040.c.obj
                0x10005d38                dcd_edpt0_status_complete
 .text.dcd_edpt_open
                0x10005d70      0x150 CMakeFiles/image_provider_benchmark.dir/home/pi/PicoCamDemo/pico-setup/pico/pico-sdk/lib/tinyusb/src/portable/raspberrypi/rp2040/dcd_rp2040.c.obj
                0x10005d70                dcd_edpt_open
 .text.dcd_edpt_xfer
                0x10005ec0       0x2c CMakeFiles/image_provider_benchmark.dir/home/pi/PicoCamDemo/pico-setup/pico/pico-sdk/lib/tinyusb/src/portable/raspberrypi/rp2040/dcd_rp2040.c.obj
                0x10005ec0                dcd_edpt_xfer
 .text.dcd_edpt_stall
                0x10005eec       0x50 CMakeFiles/image_provider_benchmark.dir/home/pi/PicoCamDemo/pico-setup/pico/pico-sdk/lib/tinyusb/src/portable/raspberrypi/rp2040/dcd_rp2040.c.obj
                0x10005eec                dcd_edpt_stall
 .text.dcd_edpt_clear_stall
                0x10005f3c       0x50 CMakeFiles/image_provider_benchmark.dir/home/pi/PicoCamDemo/pico-setup/pico/pico-sdk/lib/tinyusb/src/portable/raspberrypi/rp2040/dcd_rp2040.c.obj
                0x10005f3c                dcd_edpt_clear_stall
 .text.rp2040_usb_init
                0x10005f8c       0x50 CMakeFiles/image_provider_benchmark.dir/home/pi/PicoCamDemo/pico-setup/pico/pico-sdk/lib/tinyusb/src/portable/raspberrypi/rp2040/rp2040_usb.c.obj
                0x10005f8c                rp2040_usb_init
 .text.hw_endpoint_reset_transfer
                0x10005fdc       0x14 CMakeFiles/image_provider_benchmark.dir/home/pi/PicoCamDemo/pico-setup/pico/pico-sdk/lib/tinyusb/src/portable/raspberrypi/rp2040/rp2040_usb.c.obj
                0x10005fdc                hw_endpoint_reset_transfer
 .text._hw_endpoint_buffer_control_update32
                0x10005ff0       0x54 CMakeFiles/image_provider_benchmark.dir/home/pi/PicoCamDemo/pico-setup/pico/pico-sdk/lib/tinyusb/src/portable/raspberrypi/rp2040/rp2040_usb.c.obj
                0x10005ff0                _hw_endpoint_buffer_control_update32
 .text._hw_endpoint_start_next_buffer
                0x10006044       0x88 CMakeFiles/image_provider_benchmark.dir/home/pi/PicoCamDemo/pico-setup/pico/pico-sdk/lib/tinyusb/src/portable/raspberrypi/rp2040/rp2040_usb.c.obj
                0x10006044                _hw_endpoint_start_next_buffer
 .text._hw_endpoint_xfer_continue
                0x100060cc      0x108 CMakeFiles/image_provider_benchmark.dir/home/pi/PicoCamDemo/pico-setup/pico/pico-sdk/lib/tinyusb/src/portable/raspberrypi/rp2040/rp2040_usb.c.obj
                0x100060cc                _hw_endpoint_xfer_continue
 .text._hw_endpoint_xfer
                0x100061d4      0x140 CMakeFiles/image_provider_benchmark.dir/home/pi/PicoCamDemo/pico-setup/pico/pico-sdk/lib/tinyusb/src/portable/raspberrypi/rp2040/rp2040_usb.c.obj
                0x100061d4                _hw_endpoint_xfer
 .text.tud_mounted
                0x10006314       0x10 CMakeFiles/image_provider_benchmark.dir/home/pi/PicoCamDemo/pico-setup/pico/pico-sdk/lib/tinyusb/src/device/usbd.c.obj
                0x10006314                tud_mounted
 .text.tud_suspended
                0x10006324       0x10 CMakeFiles/image_provider_benchmark.dir/home/pi/PicoCamDemo/pico-setup/pico/pico-sdk/lib/tinyusb/src/device/usbd.c.obj
                0x10006324                tud_suspended
 .text.tud_init
                0x10006334       0xb8 CMakeFiles/image_provider_benchmark.dir/home/pi/PicoCamDemo/pico-setup/pico/pico-sdk/lib/tinyusb/src/device/usbd.c.obj
                0x10006334                tud_init
 .text.tud_task
                0x100063ec      0x810 CMakeFiles/image_provider_benchmark.dir/home/pi/PicoCamDemo/pico-setup/pico/pico-sdk/lib/tinyusb/src/device/usbd.c.obj
                0x100063ec                tud_task
 .text.dcd_event_bus_signal
                0x10006bfc       0xe4 CMakeFiles/image_provider_benchmark.dir/home/pi/PicoCamDemo/pico-setup/pico/pico-sdk/lib/tinyusb/src/device/usbd.c.obj
                0x10006bfc                dcd_event_bus_signal
 .text.dcd_event_setup_received
                0x10006ce0       0x50 CMakeFiles/image_provider_benchmark.dir/home/pi/PicoCamDemo/pico-setup/pico/pico-sdk/lib/tinyusb/src/device/usbd.c.obj
                0x10006ce0                dcd_event_setup_received
 .text.dcd_event_xfer_complete
                0x10006d30       0x68 CMakeFiles/image_provider_benchmark.dir/home/pi/PicoCamDemo/pico-setup/pico/pico-sdk/lib/tinyusb/src/device/usbd.c.obj
                0x10006d30                dcd_event_xfer_complete
 .text.usbd_open_edpt_pair
                0x10006d98       0x70 CMakeFiles/image_provider_benchmark.dir/home/pi/PicoCamDemo/pico-setup/pico/pico-sdk/lib/tinyusb/src/device/usbd.c.obj
                0x10006d98                usbd_open_edpt_pair
 .text.usbd_edpt_open
                0x10006e08        0x8 CMakeFiles/image_provider_benchmark.dir/home/pi/PicoCamDemo/pico-setup/pico/pico-sdk/lib/tinyusb/src/device/usbd.c.obj
                0x10006e08                usbd_edpt_open
 .text.usbd_edpt_claim
                0x10006e10       0x5c CMakeFiles/image_provider_benchmark.dir/home/pi/PicoCamDemo/pico-setup/pico/pico-sdk/lib/tinyusb/src/device/usbd.c.obj
                0x10006e10                usbd_edpt_claim
 .text.usbd_edpt_release
                0x10006e6c       0x4c CMakeFiles/image_provider_benchmark.dir/home/pi/PicoCamDemo/pico-setup/pico/pico-sdk/lib/tinyusb/src/device/usbd.c.obj
                0x10006e6c                usbd_edpt_release
 .text.usbd_edpt_xfer
                0x10006eb8       0x48 CMakeFiles/image_provider_benchmark.dir/home/pi/PicoCamDemo/pico-setup/pico/pico-sdk/lib/tinyusb/src/device/usbd.c.obj
                0x10006eb8                usbd_edpt_xfer
 .text.tud_control_status
                0x10006f00       0x30 CMakeFiles/image_provider_benchmark.dir/home/pi/PicoCamDemo/pico-setup/pico/pico-sdk/lib/tinyusb/src/device/usbd_control.c.obj
                0x10006f00                tud_control_status
 .text.tud_control_xfer
                0x10006f30       0xb4 CMakeFiles/image_provider_benchmark.dir/home/pi/PicoCamDemo/pico-setup/pico/pico-sdk/lib/tinyusb/src/device/usbd_control.c.obj
                0x10006f30                tud_control_xfer
 .text.usbd_control_reset
                0x10006fe4       0x14 CMakeFiles/image_provider_benchmark.dir/home/pi/PicoCamDemo/pico-setup/pico/pico-sdk/lib/tinyusb/src/device/usbd_control.c.obj
                0x10006fe4                usbd_control_reset
 .text.usbd_control_set_complete_callback
                0x10006ff8        0xc CMakeFiles/image_provider_benchmark.dir/home/pi/PicoCamDemo/pico-setup/pico/pico-sdk/lib/tinyusb/src/device/usbd_control.c.obj
                0x10006ff8                usbd_control_set_complete_callback
 .text.usbd_control_set_request
                0x10007004       0x1c CMakeFiles/image_provider_benchmark.dir/home/pi/PicoCamDemo/pico-setup/pico/pico-sdk/lib/tinyusb/src/device/usbd_control.c.obj
                0x10007004                usbd_control_set_request
 .text.usbd_control_xfer_cb
                0x10007020       0xec CMakeFiles/image_provider_benchmark.dir/home/pi/PicoCamDemo/pico-setup/pico/pico-sdk/lib/tinyusb/src/device/usbd_control.c.obj
                0x10007020                usbd_control_xfer_cb
 .text.tud_cdc_n_connected
                0x1000710c       0x34 CMakeFiles/image_provider_benchmark.dir/home/pi/PicoCamDemo/pico-setup/pico/pico-sdk/lib/tinyusb/src/class/cdc/cdc_device.c.obj
                0x1000710c                tud_cdc_n_connected
 .text.tud_cdc_n_available
                0x10007140       0x20 CMakeFiles/image_provider_benchmark.dir/home/pi/PicoCamDemo/pico-setup/pico/pico-sdk/lib/tinyusb/src/class/cdc/cdc_device.c.obj
                0x10007140                tud_cdc_n_available
 .text.tud_cdc_n_read
                0x10007160       0x74 CMakeFiles/image_provider_benchmark.dir/home/pi/PicoCamDemo/pico-setup/pico/pico-sdk/lib/tinyusb/src/class/cdc/cdc_device.c.obj
                0x10007160                tud_cdc_n_read
 .text.tud_cdc_n_write
                0x100071d4       0x9c CMakeFiles/image_provider_benchmark.dir/home/pi/PicoCamDemo/pico-setup/pico/pico-sdk/lib/tinyusb/src/class/cdc/cdc_device.c.obj
                0x100071d4                tud_cdc_n_write
 .text.tud_cdc_n_write_flush
                0x10007270       0x80 CMakeFiles/image_provider_benchmark.dir/home/pi/PicoCamDemo/pico-setup/pico/pico-sdk/lib/tinyusb/src/class/cdc/cdc_device.c.obj
                0x10007270                tud_cdc_n_write_flush
 .text.tud_cdc_n_write_available
                0x100072f0       0x20 CMakeFiles/image_provider_benchmark.dir/home/pi/PicoCamDemo/pico-setup/pico/pico-sdk/lib/tinyusb/src/class/cdc/cdc_device.c.obj
                0x100072f0                tud_cdc_n_write_available
 .text.cdcd_init
                0x10007310       0x78 CMakeFiles/image_provider_benchmark.dir/home/pi/PicoCamDemo/pico-setup/pico/pico-sdk/lib/tinyusb/src/class/cdc/cdc_device.c.obj
                0x10007310                cdcd_init
 .text.cdcd_reset
                0x10007388       0x24 CMakeFiles/image_provider_benchmark.dir/home/pi/PicoCamDemo/pico-setup/pico/pico-sdk/lib/tinyusb/src/class/cdc/cdc_device.c.obj
                0x10007388                cdcd_reset
 .text.cdcd_open
                0x100073ac       0xec CMakeFiles/image_provider_benchmark.dir/home/pi/PicoCamDemo/pico-setup/pico/pico-sdk/lib/tinyusb/src/class/cdc/cdc_device.c.obj
                0x100073ac                cdcd_open
 .text.cdcd_control_complete
                0x10007498       0x44 CMakeFiles/image_provider_benchmark.dir/home/pi/PicoCamDemo/pico-setup/pico/pico-sdk/lib/tinyusb/src/class/cdc/cdc_device.c.obj
                0x10007498                cdcd_control_complete
 .text.cdcd_control_request
                0x100074dc       0x70 CMakeFiles/image_provider_benchmark.dir/home/pi/PicoCamDemo/pico-setup/pico/pico-sdk/lib/tinyusb/src/class/cdc/cdc_device.c.obj
                0x100074dc                cdcd_control_request
 .text.cdcd_xfer_cb
                0x1000754c      0x1bc CMakeFiles/image_provider_benchmark.dir/home/pi/PicoCamDemo/pico-setup/pico/pico-sdk/lib/tinyusb/src/class/cdc/cdc_device.c.obj
                0x1000754c                cdcd_xfer_cb
 .text.tusb_init
                0x10007708       0x20 CMakeFiles/image_provider_benchmark.dir/home/pi/PicoCamDemo/pico-setup/pico/pico-sdk/lib/tinyusb/src/tusb.c.obj
                0x10007708                tusb_init
 .text.tusb_inited
                0x10007728        0xc CMakeFiles/image_provider_benchmark.dir/home/pi/PicoCamDemo/pico-setup/pico/pico-sdk/lib/tinyusb/src/tusb.c.obj
                0x10007728                tusb_inited
 .text.tu_fifo_config
                0x10007734       0x7c CMakeFiles/image_provider_benchmark.dir/home/pi/PicoCamDemo/pico-setup/pico/pico-sdk/lib/tinyusb/src/common/tusb_fifo.c.obj
                0x10007734                tu_fifo_config
 .text.tu_fifo_count
                0x100077b0       0x1c CMakeFiles/image_provider_benchmark.dir/home/pi/PicoCamDemo/pico-setup/pico/pico-sdk/lib/tinyusb/src/common/tusb_fifo.c.obj
                0x100077b0                tu_fifo_count
 .text.tu_fifo_remaining
                0x100077cc       0x20 CMakeFiles/image_provider_benchmark.dir/home/pi/PicoCamDemo/pico-setup/pico/pico-sdk/lib/tinyusb/src/common/tusb_fifo.c.obj
                0x100077cc                tu_fifo_remaining
 .text.tu_fifo_read
                0x100077ec       0xac CMakeFiles/image_provider_benchmark.dir/home/pi/PicoCamDemo/pico-setup/pico/pico-sdk/lib/tinyusb/src/common/tusb_fifo.c.obj
                0x100077ec                tu_fifo_read
 .text.tu_fifo_read_n
                0x10007898       0xf8 CMakeFiles/image_provider_benchmark.dir/home/pi/PicoCamDemo/pico-setup/pico/pico-sdk/lib/tinyusb/src/common/tusb_fifo.c.obj
                0x10007898                tu_fifo_read_n
 .text.tu_fifo_write
                0x10007990       0x88 CMakeFiles/image_provider_benchmark.dir/home/pi/PicoCamDemo/pico-setup/pico/pico-sdk/lib/tinyusb/src/common/tusb_fifo.c.obj
                0x10007990                tu_fifo_write
 .text.tu_fifo_write_n
                0x10007a18       0xfc CMakeFiles/image_provider_benchmark.dir/home/pi/PicoCamDemo/pico-setup/pico/pico-sdk/lib/tinyusb/src/common/tusb_fifo.c.obj
                0x10007a18                tu_fifo_write_n
 .text.tu_fifo_clear
                0x10007b14       0x2c CMakeFiles/image_provider_benchmark.dir/home/pi/PicoCamDemo/pico-setup/pico/pico-sdk/lib/tinyusb/src/common/tusb_fifo.c.obj
                0x10007b14                tu_fifo_clear
 .text.i2c_init
                0x10007b40       0xa4 CMakeFiles/image_provider_benchmark.dir/home/pi/PicoCamDemo/pico-setup/pico/pico-sdk/src/rp2_common/hardware_i2c/i2c.c.obj
                0x10007b40                i2c_init
 .text.i2c_write_blocking
                0x10007be4       0xa8 CMakeFiles/image_provider_benchmark.dir/home/pi/PicoCamDemo/pico-setup/pico/pico-sdk/src/rp2_common/hardware_i2c/i2c.c.obj
                0x10007be4                i2c_write_blocking
 .text.i2c_read_blocking
                0x10007c8c       0x98 CMakeFiles/image_provider_benchmark.dir/home/pi/PicoCamDemo/pico-setup/pico/pico-sdk/src/rp2_common/hardware_i2c/i2c.c.obj
                0x10007c8c                i2c_read_blocking
 .text.spi_init
                0x10007d24       0xdc CMakeFiles/image_provider_benchmark.dir/home/pi/PicoCamDemo/pico-setup/pico/pico-sdk/src/rp2_common/hardware_spi/spi.c.obj
                0x10007d24                spi_init
 .text.picoSystemInit
                0x10007e00       0x70 ../../Arducam/src/libarducam.a(arducam.c.obj)
                0x10007e00                picoSystemInit
 .text.ov2640Probe
                0x10007e70       0x94 ../../Arducam/src/libarducam.a(arducam.c.obj)
                0x10007e70                ov2640Probe
 .text.spiBusDetect
                0x10007f04       0x6c ../../Arducam/src/libarducam.a(arducam.c.obj)
                0x10007f04                spiBusDetect
 .text.ov2640Init
                0x10007f70      0x29c ../../Arducam/src/libarducam.a(arducam.c.obj)
                0x10007f70                ov2640Init
 .text.OV2640_set_JPEG_size
                0x1000820c      0x2e8 ../../Arducam/src/libarducam.a(arducam.c.obj)
                0x1000820c                OV2640_set_JPEG_size
 .text.capture  0x100084f4      0x150 ../../Arducam/src/libarducam.a(arducam.c.obj)
                0x100084f4                capture
 .text.__cxa_guard_acquire
                0x10008644       0x38 /usr/lib/gcc/arm-none-eabi/7.3.1/../../../arm-none-eabi/lib/thumb/v6-m/libstdc++.a(guard.o)
                0x10008644                __cxa_guard_acquire
 .text.__cxa_guard_release
                0x1000867c        0x8 /usr/lib/gcc/arm-none-eabi/7.3.1/../../../arm-none-eabi/lib/thumb/v6-m/libstdc++.a(guard.o)
                0x1000867c                __cxa_guard_release
 .text._ZN9__gnu_cxx20recursive_init_errorD2Ev
                0x10008684       0x18 /usr/lib/gcc/arm-none-eabi/7.3.1/../../../arm-none-eabi/lib/thumb/v6-m/libstdc++.a(guard_error.o)
                0x10008684                __gnu_cxx::recursive_init_error::~recursive_init_error()
                0x10008684                __gnu_cxx::recursive_init_error::~recursive_init_error()
 .text._ZN9__gnu_cxx20recursive_init_errorD0Ev
                0x1000869c       0x20 /usr/lib/gcc/arm-none-eabi/7.3.1/../../../arm-none-eabi/lib/thumb/v6-m/libstdc++.a(guard_error.o)
                0x1000869c                __gnu_cxx::recursive_init_error::~recursive_init_error()
 .text._ZL23__gxx_exception_cleanup19_Unwind_Reason_CodeP21_Unwind_Control_Block
                0x100086bc       0x34 /usr/lib/gcc/arm-none-eabi/7.3.1/../../../arm-none-eabi/lib/thumb/v6-m/libstdc++.a(eh_throw.o)
 .text.__cxa_init_primary_exception
                0x100086f0       0x4c /usr/lib/gcc/arm-none-eabi/7.3.1/../../../arm-none-eabi/lib/thumb/v6-m/libstdc++.a(eh_throw.o)
                0x100086f0                __cxa_init_primary_exception
 .text.__cxa_throw
                0x1000873c       0x34 /usr/lib/gcc/arm-none-eabi/7.3.1/../../../arm-none-eabi/lib/thumb/v6-m/libstdc++.a(eh_throw.o)
                0x1000873c                __cxa_throw
 .text.__cxa_rethrow
                0x10008770       0x70 /usr/lib/gcc/arm-none-eabi/7.3.1/../../../arm-none-eabi/lib/thumb/v6-m/libstdc++.a(eh_throw.o)
                0x10008770                __cxa_rethrow
 .text._ZN10__cxxabiv111__terminateEPFvvE
                0x100087e0       0x28 /usr/lib/gcc/arm-none-eabi/7.3.1/../../../arm-none-eabi/lib/thumb/v6-m/libstdc++.a(eh_terminate.o)
                0x100087e0                __cxxabiv1::__terminate(void (*)())
 .text._ZSt9terminatev
                0x10008808       0x10 /usr/lib/gcc/arm-none-eabi/7.3.1/../../../arm-none-eabi/lib/thumb/v6-m/libstdc++.a(eh_terminate.o)
                0x10008808                std::terminate()
 .text._ZN10__cxxabiv112__unexpectedEPFvvE
                0x10008818        0x8 /usr/lib/gcc/arm-none-eabi/7.3.1/../../../arm-none-eabi/lib/thumb/v6-m/libstdc++.a(eh_terminate.o)
                0x10008818                __cxxabiv1::__unexpected(void (*)())
 .text._ZSt10unexpectedv
                0x10008820       0x10 /usr/lib/gcc/arm-none-eabi/7.3.1/../../../arm-none-eabi/lib/thumb/v6-m/libstdc++.a(eh_terminate.o)
                0x10008820                std::unexpected()
 .text._ZSt13get_terminatev
                0x10008830        0xc /usr/lib/gcc/arm-none-eabi/7.3.1/../../../arm-none-eabi/lib/thumb/v6-m/libstdc++.a(eh_terminate.o)
                0x10008830                std::get_terminate()
 .text._ZSt14get_unexpectedv
                0x1000883c        0xc /usr/lib/gcc/arm-none-eabi/7.3.1/../../../arm-none-eabi/lib/thumb/v6-m/libstdc++.a(eh_terminate.o)
                0x1000883c                std::get_unexpected()
 .text._ZN12_GLOBAL__N_14pool4freeEPv.constprop.4
                0x10008848       0x84 /usr/lib/gcc/arm-none-eabi/7.3.1/../../../arm-none-eabi/lib/thumb/v6-m/libstdc++.a(eh_alloc.o)
 .text._ZN12_GLOBAL__N_14pool8allocateEj.constprop.5
                0x100088cc       0x60 /usr/lib/gcc/arm-none-eabi/7.3.1/../../../arm-none-eabi/lib/thumb/v6-m/libstdc++.a(eh_alloc.o)
 .text.__cxa_allocate_exception
                0x1000892c       0x2c /usr/lib/gcc/arm-none-eabi/7.3.1/../../../arm-none-eabi/lib/thumb/v6-m/libstdc++.a(eh_alloc.o)
                0x1000892c                __cxa_allocate_exception
 .text.__cxa_free_exception
                0x10008958       0x24 /usr/lib/gcc/arm-none-eabi/7.3.1/../../../arm-none-eabi/lib/thumb/v6-m/libstdc++.a(eh_alloc.o)
                0x10008958                __cxa_free_exception
 .text.startup._GLOBAL__sub_I__ZN9__gnu_cxx9__freeresEv
                0x1000897c       0x2c /usr/lib/gcc/arm-none-eabi/7.3.1/../../../arm-none-eabi/lib/thumb/v6-m/libstdc++.a(eh_alloc.o)
 .text._ZL28read_encoded_value_with_basehjPKhPj
                0x100089a8      0x108 /usr/lib/gcc/arm-none-eabi/7.3.1/../../../arm-none-eabi/lib/thumb/v6-m/libstdc++.a(eh_personality.o)
 .text._ZL21base_of_encoded_valuehP15_Unwind_Context.part.3
                0x10008ab0       0x40 /usr/lib/gcc/arm-none-eabi/7.3.1/../../../arm-none-eabi/lib/thumb/v6-m/libstdc++.a(eh_personality.o)
 .text._ZL17parse_lsda_headerP15_Unwind_ContextPKhP16lsda_header_info
                0x10008af0       0x9c /usr/lib/gcc/arm-none-eabi/7.3.1/../../../arm-none-eabi/lib/thumb/v6-m/libstdc++.a(eh_personality.o)
 .text.__gxx_personality_v0
                0x10008b8c      0x4c8 /usr/lib/gcc/arm-none-eabi/7.3.1/../../../arm-none-eabi/lib/thumb/v6-m/libstdc++.a(eh_personality.o)
                0x10008b8c                __gxx_personality_v0
 .text.__cxa_begin_catch
                0x10009054       0x78 /usr/lib/gcc/arm-none-eabi/7.3.1/../../../arm-none-eabi/lib/thumb/v6-m/libstdc++.a(eh_catch.o)
                0x10009054                __cxa_begin_catch
 .text.__cxa_end_catch
                0x100090cc       0x8c /usr/lib/gcc/arm-none-eabi/7.3.1/../../../arm-none-eabi/lib/thumb/v6-m/libstdc++.a(eh_catch.o)
                0x100090cc                __cxa_end_catch
 .text._ZNSt9exceptionD2Ev
                0x10009158        0x4 /usr/lib/gcc/arm-none-eabi/7.3.1/../../../arm-none-eabi/lib/thumb/v6-m/libstdc++.a(eh_exception.o)
                0x10009158                std::exception::~exception()
                0x10009158                std::exception::~exception()
 .text._ZNSt13bad_exceptionD2Ev
                0x1000915c        0x4 /usr/lib/gcc/arm-none-eabi/7.3.1/../../../arm-none-eabi/lib/thumb/v6-m/libstdc++.a(eh_exception.o)
                0x1000915c                std::bad_exception::~bad_exception()
                0x1000915c                std::bad_exception::~bad_exception()
 .text._ZNKSt9exception4whatEv
                0x10009160        0x8 /usr/lib/gcc/arm-none-eabi/7.3.1/../../../arm-none-eabi/lib/thumb/v6-m/libstdc++.a(eh_exception.o)
                0x10009160                transaction clone for std::exception::what() const
                0x10009160                std::exception::what() const
 .text._ZNKSt13bad_exception4whatEv
                0x10009168        0x8 /usr/lib/gcc/arm-none-eabi/7.3.1/../../../arm-none-eabi/lib/thumb/v6-m/libstdc++.a(eh_exception.o)
                0x10009168                transaction clone for std::bad_exception::what() const
                0x10009168                std::bad_exception::what() const
 .text._ZNSt13bad_exceptionD0Ev
                0x10009170       0x10 /usr/lib/gcc/arm-none-eabi/7.3.1/../../../arm-none-eabi/lib/thumb/v6-m/libstdc++.a(eh_exception.o)
                0x10009170                std::bad_exception::~bad_exception()
 .text._ZN10__cxxabiv120__si_class_type_infoD2Ev
                0x10009180       0x18 /usr/lib/gcc/arm-none-eabi/7.3.1/../../../arm-none-eabi/lib/thumb/v6-m/libstdc++.a(si_class_type_info.o)
                0x10009180                __cxxabiv1::__si_class_type_info::~__si_class_type_info()
                0x10009180                __cxxabiv1::__si_class_type_info::~__si_class_type_info()
 .text._ZN10__cxxabiv120__si_class_type_infoD0Ev
                0x10009198       0x20 /usr/lib/gcc/arm-none-eabi/7.3.1/../../../arm-none-eabi/lib/thumb/v6-m/libstdc++.a(si_class_type_info.o)
                0x10009198                __cxxabiv1::__si_class_type_info::~__si_class_type_info()
 .text._ZNK10__cxxabiv120__si_class_type_info20__do_find_public_srcEiPKvPKNS_17__class_type_infoES2_
                0x100091b8       0x38 /usr/lib/gcc/arm-none-eabi/7.3.1/../../../arm-none-eabi/lib/thumb/v6-m/libstdc++.a(si_class_type_info.o)
                0x100091b8                __cxxabiv1::__si_class_type_info::__do_find_public_src(int, void const*, __cxxabiv1::__class_type_info const*, void const*) const
 .text._ZNK10__cxxabiv120__si_class_type_info12__do_dyncastEiNS_17__class_type_info10__sub_kindEPKS1_PKvS4_S6_RNS1_16__dyncast_resultE
                0x100091f0       0x94 /usr/lib/gcc/arm-none-eabi/7.3.1/../../../arm-none-eabi/lib/thumb/v6-m/libstdc++.a(si_class_type_info.o)
                0x100091f0                __cxxabiv1::__si_class_type_info::__do_dyncast(int, __cxxabiv1::__class_type_info::__sub_kind, __cxxabiv1::__class_type_info const*, void const*, __cxxabiv1::__class_type_info const*, void const*, __cxxabiv1::__class_type_info::__dyncast_result&) const
 .text._ZNK10__cxxabiv120__si_class_type_info11__do_upcastEPKNS_17__class_type_infoEPKvRNS1_15__upcast_resultE
                0x10009284       0x24 /usr/lib/gcc/arm-none-eabi/7.3.1/../../../arm-none-eabi/lib/thumb/v6-m/libstdc++.a(si_class_type_info.o)
                0x10009284                __cxxabiv1::__si_class_type_info::__do_upcast(__cxxabiv1::__class_type_info const*, void const*, __cxxabiv1::__class_type_info::__upcast_result&) const
 .text._ZN10__cxxabiv1L24__is_gxx_exception_classEPc
                0x100092a8       0x3c /usr/lib/gcc/arm-none-eabi/7.3.1/../../../arm-none-eabi/lib/thumb/v6-m/libstdc++.a(eh_call.o)
 .text.__cxa_call_terminate
                0x100092e4       0x20 /usr/lib/gcc/arm-none-eabi/7.3.1/../../../arm-none-eabi/lib/thumb/v6-m/libstdc++.a(eh_call.o)
                0x100092e4                __cxa_call_terminate
 .text.__cxa_call_unexpected
                0x10009304       0xf4 /usr/lib/gcc/arm-none-eabi/7.3.1/../../../arm-none-eabi/lib/thumb/v6-m/libstdc++.a(eh_call.o)
                0x10009304                __cxa_call_unexpected
 .text.__cxa_get_globals_fast
                0x100093f8        0x8 /usr/lib/gcc/arm-none-eabi/7.3.1/../../../arm-none-eabi/lib/thumb/v6-m/libstdc++.a(eh_globals.o)
                0x100093f8                __cxa_get_globals_fast
 .text.__cxa_get_globals
                0x10009400        0x8 /usr/lib/gcc/arm-none-eabi/7.3.1/../../../arm-none-eabi/lib/thumb/v6-m/libstdc++.a(eh_globals.o)
                0x10009400                __cxa_get_globals
 .text.__cxa_end_cleanup
                0x10009408        0xc /usr/lib/gcc/arm-none-eabi/7.3.1/../../../arm-none-eabi/lib/thumb/v6-m/libstdc++.a(eh_arm.o)
                0x10009408                __cxa_end_cleanup
 .text.__cxa_type_match
                0x10009414       0xc0 /usr/lib/gcc/arm-none-eabi/7.3.1/../../../arm-none-eabi/lib/thumb/v6-m/libstdc++.a(eh_arm.o)
                0x10009414                __cxa_type_match
 .text.__cxa_begin_cleanup
                0x100094d4       0x60 /usr/lib/gcc/arm-none-eabi/7.3.1/../../../arm-none-eabi/lib/thumb/v6-m/libstdc++.a(eh_arm.o)
                0x100094d4                __cxa_begin_cleanup
 .text.__gnu_end_cleanup
                0x10009534       0x70 /usr/lib/gcc/arm-none-eabi/7.3.1/../../../arm-none-eabi/lib/thumb/v6-m/libstdc++.a(eh_arm.o)
                0x10009534                __gnu_end_cleanup
 .text._ZNSt9type_infoD2Ev
                0x100095a4        0x4 /usr/lib/gcc/arm-none-eabi/7.3.1/../../../arm-none-eabi/lib/thumb/v6-m/libstdc++.a(tinfo.o)
                0x100095a4                std::type_info::~type_info()
                0x100095a4                std::type_info::~type_info()
 .text._ZNKSt9type_info14__is_pointer_pEv
                0x100095a8        0x4 /usr/lib/gcc/arm-none-eabi/7.3.1/../../../arm-none-eabi/lib/thumb/v6-m/libstdc++.a(tinfo.o)
                0x100095a8                std::type_info::__is_function_p() const
                0x100095a8                std::type_info::__is_pointer_p() const
 .text._ZNKSt9type_infoeqERKS_
                0x100095ac       0x30 /usr/lib/gcc/arm-none-eabi/7.3.1/../../../arm-none-eabi/lib/thumb/v6-m/libstdc++.a(tinfo.o)
                0x100095ac                std::type_info::operator==(std::type_info const&) const
 .text._ZNK10__cxxabiv117__class_type_info11__do_upcastEPKS0_PPv
                0x100095dc       0x38 /usr/lib/gcc/arm-none-eabi/7.3.1/../../../arm-none-eabi/lib/thumb/v6-m/libstdc++.a(class_type_info.o)
                0x100095dc                __cxxabiv1::__class_type_info::__do_upcast(__cxxabiv1::__class_type_info const*, void**) const
 .text._ZNK10__cxxabiv117__class_type_info20__do_find_public_srcEiPKvPKS0_S2_
                0x10009614       0x14 /usr/lib/gcc/arm-none-eabi/7.3.1/../../../arm-none-eabi/lib/thumb/v6-m/libstdc++.a(class_type_info.o)
                0x10009614                __cxxabiv1::__class_type_info::__do_find_public_src(int, void const*, __cxxabiv1::__class_type_info const*, void const*) const
 .text._ZN10__cxxabiv117__class_type_infoD2Ev
                0x10009628       0x18 /usr/lib/gcc/arm-none-eabi/7.3.1/../../../arm-none-eabi/lib/thumb/v6-m/libstdc++.a(class_type_info.o)
                0x10009628                __cxxabiv1::__class_type_info::~__class_type_info()
                0x10009628                __cxxabiv1::__class_type_info::~__class_type_info()
 .text._ZN10__cxxabiv117__class_type_infoD0Ev
                0x10009640       0x20 /usr/lib/gcc/arm-none-eabi/7.3.1/../../../arm-none-eabi/lib/thumb/v6-m/libstdc++.a(class_type_info.o)
                0x10009640                __cxxabiv1::__class_type_info::~__class_type_info()
 .text._ZNK10__cxxabiv117__class_type_info12__do_dyncastEiNS0_10__sub_kindEPKS0_PKvS3_S5_RNS0_16__dyncast_resultE
                0x10009660       0x40 /usr/lib/gcc/arm-none-eabi/7.3.1/../../../arm-none-eabi/lib/thumb/v6-m/libstdc++.a(class_type_info.o)
                0x10009660                __cxxabiv1::__class_type_info::__do_dyncast(int, __cxxabiv1::__class_type_info::__sub_kind, __cxxabiv1::__class_type_info const*, void const*, __cxxabiv1::__class_type_info const*, void const*, __cxxabiv1::__class_type_info::__dyncast_result&) const
 .text._ZNK10__cxxabiv117__class_type_info11__do_upcastEPKS0_PKvRNS0_15__upcast_resultE
                0x100096a0       0x1c /usr/lib/gcc/arm-none-eabi/7.3.1/../../../arm-none-eabi/lib/thumb/v6-m/libstdc++.a(class_type_info.o)
                0x100096a0                __cxxabiv1::__class_type_info::__do_upcast(__cxxabiv1::__class_type_info const*, void const*, __cxxabiv1::__class_type_info::__upcast_result&) const
 .text._ZNK10__cxxabiv117__class_type_info10__do_catchEPKSt9type_infoPPvj
                0x100096bc       0x28 /usr/lib/gcc/arm-none-eabi/7.3.1/../../../arm-none-eabi/lib/thumb/v6-m/libstdc++.a(class_type_info.o)
                0x100096bc                __cxxabiv1::__class_type_info::__do_catch(std::type_info const*, void**, unsigned int) const
 .text          0x100096e4       0x10 /usr/lib/gcc/arm-none-eabi/7.3.1/../../../arm-none-eabi/lib/thumb/v6-m/libc.a(lib_a-abort.o)
                0x100096e4                abort
 .text          0x100096f4       0x10 /usr/lib/gcc/arm-none-eabi/7.3.1/../../../arm-none-eabi/lib/thumb/v6-m/libc.a(lib_a-atexit.o)
                0x100096f4                atexit
 .text          0x10009704       0x18 /usr/lib/gcc/arm-none-eabi/7.3.1/../../../arm-none-eabi/lib/thumb/v6-m/libc.a(lib_a-calloc.o)
                0x10009704                calloc
 .text          0x1000971c       0x58 /usr/lib/gcc/arm-none-eabi/7.3.1/../../../arm-none-eabi/lib/thumb/v6-m/libc.a(lib_a-callocr.o)
                0x1000971c                _calloc_r
 .text          0x10009774       0x28 /usr/lib/gcc/arm-none-eabi/7.3.1/../../../arm-none-eabi/lib/thumb/v6-m/libc.a(lib_a-malloc.o)
                0x10009774                malloc
                0x10009788                free
 .text          0x1000979c      0x570 /usr/lib/gcc/arm-none-eabi/7.3.1/../../../arm-none-eabi/lib/thumb/v6-m/libc.a(lib_a-mallocr.o)
                0x1000979c                _malloc_r
 .text          0x10009d0c        0x8 /usr/lib/gcc/arm-none-eabi/7.3.1/../../../arm-none-eabi/lib/thumb/v6-m/libc.a(lib_a-mlock.o)
                0x10009d0c                __malloc_lock
                0x10009d10                __malloc_unlock
 .text          0x10009d14       0x24 /usr/lib/gcc/arm-none-eabi/7.3.1/../../../arm-none-eabi/lib/thumb/v6-m/libc.a(lib_a-sbrkr.o)
                0x10009d14                _sbrk_r
 .text          0x10009d38      0x190 /usr/lib/gcc/arm-none-eabi/7.3.1/../../../arm-none-eabi/lib/thumb/v6-m/libc.a(lib_a-signal.o)
                0x10009d64                _init_signal_r
                0x10009d80                _signal_r
                0x10009dbc                _raise_r
                0x10009e18                __sigtramp_r
                0x10009e68                raise
                0x10009e7c                signal
                0x10009e94                _init_signal
                0x10009eb4                __sigtramp
 .text          0x10009ec8       0x30 /usr/lib/gcc/arm-none-eabi/7.3.1/../../../arm-none-eabi/lib/thumb/v6-m/libc.a(lib_a-signalr.o)
                0x10009ec8                _kill_r
                0x10009ef0                _getpid_r
 .text          0x10009ef8       0x88 /usr/lib/gcc/arm-none-eabi/7.3.1/../../../arm-none-eabi/lib/thumb/v6-m/libc.a(lib_a-strcmp.o)
                0x10009ef8                strcmp
 .text          0x10009f80       0x64 /usr/lib/gcc/arm-none-eabi/7.3.1/../../../arm-none-eabi/lib/thumb/v6-m/libc.a(lib_a-strlen-stub.o)
                0x10009f80                strlen
 .text          0x10009fe4       0x88 /usr/lib/gcc/arm-none-eabi/7.3.1/../../../arm-none-eabi/lib/thumb/v6-m/libc.a(lib_a-__atexit.o)
                0x10009fe4                __register_exitproc
 .text          0x1000a06c      0x274 /usr/lib/gcc/arm-none-eabi/7.3.1/../../../arm-none-eabi/lib/thumb/v6-m/libc.a(lib_a-freer.o)
                0x1000a06c                _malloc_trim_r
                0x1000a10c                _free_r
 .text          0x1000a2e0       0x10 /usr/lib/gcc/arm-none-eabi/7.3.1/../../../arm-none-eabi/lib/thumb/v6-m/libnosys.a(getpid.o)
                0x1000a2e0                _getpid
 .text          0x1000a2f0       0x10 /usr/lib/gcc/arm-none-eabi/7.3.1/../../../arm-none-eabi/lib/thumb/v6-m/libnosys.a(kill.o)
                0x1000a2f0                _kill
 *(.fini)
 .fini          0x1000a300        0x4 /usr/lib/gcc/arm-none-eabi/7.3.1/thumb/v6-m/crti.o
                0x1000a300                _fini
 *fill*         0x1000a304        0x4 
 .fini.__stub   0x1000a308      0x140 linker stubs
 *crtbegin.o(.ctors)
 *crtbegin?.o(.ctors)
 *(EXCLUDE_FILE(*crtend.o *crtend?.o) .ctors)
 *(SORT_BY_NAME(.ctors.*))
 *(.ctors)
 *crtbegin.o(.dtors)
 *crtbegin?.o(.dtors)
 *(EXCLUDE_FILE(*crtend.o *crtend?.o) .dtors)
 *(SORT_BY_NAME(.dtors.*))
 *(.dtors)
 *(.eh_frame*)
 .eh_frame      0x1000a448        0x0 /usr/lib/gcc/arm-none-eabi/7.3.1/thumb/v6-m/crtbegin.o
                0x1000a448                . = ALIGN (0x4)

.glue_7         0x1000a448        0x0
 .glue_7        0x1000a448        0x0 linker stubs

.glue_7t        0x1000a448        0x0
 .glue_7t       0x1000a448        0x0 linker stubs

.vfp11_veneer   0x1000a448        0x0
 .vfp11_veneer  0x1000a448        0x0 linker stubs

.v4_bx          0x1000a448        0x0
 .v4_bx         0x1000a448        0x0 linker stubs

.iplt           0x1000a448        0x0
 .iplt          0x1000a448        0x0 /usr/lib/gcc/arm-none-eabi/7.3.1/thumb/v6-m/crtbegin.o

.rodata         0x1000a448     0x26b0
 *(EXCLUDE_FILE(*libm.a: *libc.a:*lib_a-mem*.o *libgcc.a:) .rodata*)
 .rodata._Z8GetImagePN6tflite13ErrorReporterEiiiPa.str1.4
                0x1000a448       0x85 CMakeFiles/image_provider_benchmark.dir/image_provider.cpp.obj
 *fill*         0x1000a4cd        0x3 
 .rodata.main.str1.4
                0x1000a4d0       0x23 CMakeFiles/image_provider_benchmark.dir/image_provider_benchmark.cpp.obj
                                 0x5f (size before relaxing)
 *fill*         0x1000a4f3        0x1 
 .rodata._ZN6tflite18MicroErrorReporter6ReportEPKcSt9__va_list.str1.4
                0x1000a4f4        0x3 CMakeFiles/image_provider_benchmark.dir/__/__/src/tensorflow/lite/micro/micro_error_reporter.cpp.obj
 *fill*         0x1000a4f7        0x1 
 .rodata._ZTVN6tflite18MicroErrorReporterE
                0x1000a4f8       0x14 CMakeFiles/image_provider_benchmark.dir/__/__/src/tensorflow/lite/micro/micro_error_reporter.cpp.obj
                0x1000a4f8                vtable for tflite::MicroErrorReporter
 .rodata.MicroVsnprintf.str1.4
                0x1000a50c        0xc CMakeFiles/image_provider_benchmark.dir/__/__/src/tensorflow/lite/micro/micro_string.cpp.obj
 .rodata.DebugLog.str1.4
                0x1000a518        0x3 CMakeFiles/image_provider_benchmark.dir/__/__/src/tensorflow/lite/micro/rp2/debug_log.cpp.obj
 *fill*         0x1000a51b        0x1 
 .rodata.spin_lock_claim_unused.str1.4
                0x1000a51c       0x1b CMakeFiles/image_provider_benchmark.dir/home/pi/PicoCamDemo/pico-setup/pico/pico-sdk/src/rp2_common/hardware_sync/sync.c.obj
 *fill*         0x1000a537        0x1 
 .rodata.hardware_alarm_claim.str1.4
                0x1000a538       0x22 CMakeFiles/image_provider_benchmark.dir/home/pi/PicoCamDemo/pico-setup/pico/pico-sdk/src/rp2_common/hardware_timer/timer.c.obj
 *fill*         0x1000a55a        0x2 
 .rodata.hard_assertion_failure.str1.4
                0x1000a55c        0xc CMakeFiles/image_provider_benchmark.dir/home/pi/PicoCamDemo/pico-setup/pico/pico-sdk/src/rp2_common/pico_runtime/runtime.c.obj
 .rodata.panic.str1.4
                0x1000a568       0x12 CMakeFiles/image_provider_benchmark.dir/home/pi/PicoCamDemo/pico-setup/pico/pico-sdk/src/rp2_common/pico_runtime/runtime.c.obj
 *fill*         0x1000a57a        0x2 
 .rodata._vsnprintf
                0x1000a57c      0x1e0 CMakeFiles/image_provider_benchmark.dir/home/pi/PicoCamDemo/pico-setup/pico/pico-sdk/src/rp2_common/pico_printf/printf.c.obj
 .rodata._ftoa.str1.4
                0x1000a75c       0x15 CMakeFiles/image_provider_benchmark.dir/home/pi/PicoCamDemo/pico-setup/pico/pico-sdk/src/rp2_common/pico_printf/printf.c.obj
 *fill*         0x1000a771        0x7 
 .rodata.pow10.5370
                0x1000a778       0x50 CMakeFiles/image_provider_benchmark.dir/home/pi/PicoCamDemo/pico-setup/pico/pico-sdk/src/rp2_common/pico_printf/printf.c.obj
 .rodata.__bi_40
                0x1000a7c8        0xc CMakeFiles/image_provider_benchmark.dir/home/pi/PicoCamDemo/pico-setup/pico/pico-sdk/src/rp2_common/pico_standard_link/binary_info.c.obj
 .rodata.__bi_71
                0x1000a7d4        0xc CMakeFiles/image_provider_benchmark.dir/home/pi/PicoCamDemo/pico-setup/pico/pico-sdk/src/rp2_common/pico_standard_link/binary_info.c.obj
 .rodata.str1.4
                0x1000a7e0       0x40 CMakeFiles/image_provider_benchmark.dir/home/pi/PicoCamDemo/pico-setup/pico/pico-sdk/src/rp2_common/pico_standard_link/binary_info.c.obj
 .rodata.crlf_str.5765
                0x1000a820        0x2 CMakeFiles/image_provider_benchmark.dir/home/pi/PicoCamDemo/pico-setup/pico/pico-sdk/src/rp2_common/pico_stdio/stdio.c.obj
 *fill*         0x1000a822        0x2 
 .rodata.__bi_93.6928
                0x1000a824        0xc CMakeFiles/image_provider_benchmark.dir/home/pi/PicoCamDemo/pico-setup/pico/pico-sdk/src/rp2_common/pico_stdio_usb/stdio_usb.c.obj
 .rodata.str1.4
                0x1000a830       0x13 CMakeFiles/image_provider_benchmark.dir/home/pi/PicoCamDemo/pico-setup/pico/pico-sdk/src/rp2_common/pico_stdio_usb/stdio_usb.c.obj
 *fill*         0x1000a843        0x1 
 .rodata.str1.4
                0x1000a844       0x32 CMakeFiles/image_provider_benchmark.dir/home/pi/PicoCamDemo/pico-setup/pico/pico-sdk/src/rp2_common/pico_stdio_usb/stdio_usb_descriptors.c.obj
 *fill*         0x1000a876        0x2 
 .rodata.usbd_desc_cfg
                0x1000a878       0x4b CMakeFiles/image_provider_benchmark.dir/home/pi/PicoCamDemo/pico-setup/pico/pico-sdk/src/rp2_common/pico_stdio_usb/stdio_usb_descriptors.c.obj
 *fill*         0x1000a8c3        0x1 
 .rodata.usbd_desc_device
                0x1000a8c4       0x12 CMakeFiles/image_provider_benchmark.dir/home/pi/PicoCamDemo/pico-setup/pico/pico-sdk/src/rp2_common/pico_stdio_usb/stdio_usb_descriptors.c.obj
 *fill*         0x1000a8d6        0x2 
 .rodata.usbd_desc_str
                0x1000a8d8       0x14 CMakeFiles/image_provider_benchmark.dir/home/pi/PicoCamDemo/pico-setup/pico/pico-sdk/src/rp2_common/pico_stdio_usb/stdio_usb_descriptors.c.obj
 .rodata.dcd_edpt_open.str1.4
                0x1000a8ec       0x28 CMakeFiles/image_provider_benchmark.dir/home/pi/PicoCamDemo/pico-setup/pico/pico-sdk/lib/tinyusb/src/portable/raspberrypi/rp2040/dcd_rp2040.c.obj
 .rodata.dcd_rp2040_irq.str1.4
                0x1000a914       0x14 CMakeFiles/image_provider_benchmark.dir/home/pi/PicoCamDemo/pico-setup/pico/pico-sdk/lib/tinyusb/src/portable/raspberrypi/rp2040/dcd_rp2040.c.obj
 .rodata._hw_endpoint_buffer_control_update32.str1.4
                0x1000a928       0x1f CMakeFiles/image_provider_benchmark.dir/home/pi/PicoCamDemo/pico-setup/pico/pico-sdk/lib/tinyusb/src/portable/raspberrypi/rp2040/rp2040_usb.c.obj
 *fill*         0x1000a947        0x1 
 .rodata._hw_endpoint_xfer_continue.str1.4
                0x1000a948       0x50 CMakeFiles/image_provider_benchmark.dir/home/pi/PicoCamDemo/pico-setup/pico/pico-sdk/lib/tinyusb/src/portable/raspberrypi/rp2040/rp2040_usb.c.obj
 .rodata.str1.4
                0x1000a998        0x7 CMakeFiles/image_provider_benchmark.dir/home/pi/PicoCamDemo/pico-setup/pico/pico-sdk/lib/tinyusb/src/portable/raspberrypi/rp2040/rp2040_usb.c.obj
 *fill*         0x1000a99f        0x1 
 .rodata.tud_task
                0x1000a9a0       0x8c CMakeFiles/image_provider_benchmark.dir/home/pi/PicoCamDemo/pico-setup/pico/pico-sdk/lib/tinyusb/src/device/usbd.c.obj
 .rodata._usbd_driver
                0x1000aa2c       0x1c CMakeFiles/image_provider_benchmark.dir/home/pi/PicoCamDemo/pico-setup/pico/pico-sdk/lib/tinyusb/src/device/usbd.c.obj
 .rodata.OV2640_set_JPEG_size
                0x1000aa48       0x24 ../../Arducam/src/libarducam.a(arducam.c.obj)
 .rodata.OV2640_1024x768_JPEG
                0x1000aa6c      0x138 ../../Arducam/src/libarducam.a(arducam.c.obj)
                0x1000aa6c                OV2640_1024x768_JPEG
 .rodata.OV2640_1280x1024_JPEG
                0x1000aba4      0x148 ../../Arducam/src/libarducam.a(arducam.c.obj)
                0x1000aba4                OV2640_1280x1024_JPEG
 .rodata.OV2640_1600x1200_JPEG
                0x1000acec      0x148 ../../Arducam/src/libarducam.a(arducam.c.obj)
                0x1000acec                OV2640_1600x1200_JPEG
 .rodata.OV2640_160x120_JPEG
                0x1000ae34      0x140 ../../Arducam/src/libarducam.a(arducam.c.obj)
                0x1000ae34                OV2640_160x120_JPEG
 .rodata.OV2640_176x144_JPEG
                0x1000af74      0x140 ../../Arducam/src/libarducam.a(arducam.c.obj)
                0x1000af74                OV2640_176x144_JPEG
 .rodata.OV2640_320x240_JPEG
                0x1000b0b4      0x140 ../../Arducam/src/libarducam.a(arducam.c.obj)
                0x1000b0b4                OV2640_320x240_JPEG
 .rodata.OV2640_352x288_JPEG
                0x1000b1f4      0x140 ../../Arducam/src/libarducam.a(arducam.c.obj)
                0x1000b1f4                OV2640_352x288_JPEG
 .rodata.OV2640_640x480_JPEG
                0x1000b334      0x148 ../../Arducam/src/libarducam.a(arducam.c.obj)
                0x1000b334                OV2640_640x480_JPEG
 .rodata.OV2640_800x600_JPEG
                0x1000b47c      0x148 ../../Arducam/src/libarducam.a(arducam.c.obj)
                0x1000b47c                OV2640_800x600_JPEG
 .rodata.OV2640_JPEG
                0x1000b5c4       0x48 ../../Arducam/src/libarducam.a(arducam.c.obj)
                0x1000b5c4                OV2640_JPEG
 .rodata.OV2640_JPEG_INIT
                0x1000b60c      0x5f8 ../../Arducam/src/libarducam.a(arducam.c.obj)
                0x1000b60c                OV2640_JPEG_INIT
 .rodata.OV2640_QVGA
                0x1000bc04      0x610 ../../Arducam/src/libarducam.a(arducam.c.obj)
                0x1000bc04                OV2640_QVGA
 .rodata.OV2640_YUV422
                0x1000c214       0x50 ../../Arducam/src/libarducam.a(arducam.c.obj)
                0x1000c214                OV2640_YUV422
 .rodata.OV2640_YUV_96x96
                0x1000c264      0x628 ../../Arducam/src/libarducam.a(arducam.c.obj)
                0x1000c264                OV2640_YUV_96x96
 .rodata.__bi_21.6364
                0x1000c88c        0x8 ../../Arducam/src/libarducam.a(arducam.c.obj)
 .rodata.ov2640Probe.str1.4
                0x1000c894       0x2e ../../Arducam/src/libarducam.a(arducam.c.obj)
 *fill*         0x1000c8c2        0x2 
 .rodata.spiBusDetect.str1.4
                0x1000c8c4       0x1f ../../Arducam/src/libarducam.a(arducam.c.obj)
 *fill*         0x1000c8e3        0x1 
 .rodata._ZTIN9__gnu_cxx20recursive_init_errorE
                0x1000c8e4        0xc /usr/lib/gcc/arm-none-eabi/7.3.1/../../../arm-none-eabi/lib/thumb/v6-m/libstdc++.a(guard_error.o)
                0x1000c8e4                typeinfo for __gnu_cxx::recursive_init_error
 .rodata._ZTSN9__gnu_cxx20recursive_init_errorE
                0x1000c8f0       0x23 /usr/lib/gcc/arm-none-eabi/7.3.1/../../../arm-none-eabi/lib/thumb/v6-m/libstdc++.a(guard_error.o)
                0x1000c8f0                typeinfo name for __gnu_cxx::recursive_init_error
 *fill*         0x1000c913        0x1 
 .rodata._ZTVN9__gnu_cxx20recursive_init_errorE
                0x1000c914       0x14 /usr/lib/gcc/arm-none-eabi/7.3.1/../../../arm-none-eabi/lib/thumb/v6-m/libstdc++.a(guard_error.o)
                0x1000c914                vtable for __gnu_cxx::recursive_init_error
 .rodata._ZL28read_encoded_value_with_basehjPKhPj
                0x1000c928       0x34 /usr/lib/gcc/arm-none-eabi/7.3.1/../../../arm-none-eabi/lib/thumb/v6-m/libstdc++.a(eh_personality.o)
 .rodata._ZNKSt13bad_exception4whatEv.str1.4
                0x1000c95c       0x13 /usr/lib/gcc/arm-none-eabi/7.3.1/../../../arm-none-eabi/lib/thumb/v6-m/libstdc++.a(eh_exception.o)
 *fill*         0x1000c96f        0x1 
 .rodata._ZNKSt9exception4whatEv.str1.4
                0x1000c970       0x10 /usr/lib/gcc/arm-none-eabi/7.3.1/../../../arm-none-eabi/lib/thumb/v6-m/libstdc++.a(eh_exception.o)
                                  0xf (size before relaxing)
 .rodata._ZTIN10__cxxabiv115__forced_unwindE
                0x1000c980        0x8 /usr/lib/gcc/arm-none-eabi/7.3.1/../../../arm-none-eabi/lib/thumb/v6-m/libstdc++.a(eh_exception.o)
                0x1000c980                typeinfo for __cxxabiv1::__forced_unwind
 .rodata._ZTIN10__cxxabiv119__foreign_exceptionE
                0x1000c988        0x8 /usr/lib/gcc/arm-none-eabi/7.3.1/../../../arm-none-eabi/lib/thumb/v6-m/libstdc++.a(eh_exception.o)
                0x1000c988                typeinfo for __cxxabiv1::__foreign_exception
 .rodata._ZTISt13bad_exception
                0x1000c990        0xc /usr/lib/gcc/arm-none-eabi/7.3.1/../../../arm-none-eabi/lib/thumb/v6-m/libstdc++.a(eh_exception.o)
                0x1000c990                typeinfo for std::bad_exception
 .rodata._ZTISt9exception
                0x1000c99c        0x8 /usr/lib/gcc/arm-none-eabi/7.3.1/../../../arm-none-eabi/lib/thumb/v6-m/libstdc++.a(eh_exception.o)
                0x1000c99c                typeinfo for std::exception
 .rodata._ZTSN10__cxxabiv115__forced_unwindE
                0x1000c9a4       0x20 /usr/lib/gcc/arm-none-eabi/7.3.1/../../../arm-none-eabi/lib/thumb/v6-m/libstdc++.a(eh_exception.o)
                0x1000c9a4                typeinfo name for __cxxabiv1::__forced_unwind
 .rodata._ZTSN10__cxxabiv119__foreign_exceptionE
                0x1000c9c4       0x24 /usr/lib/gcc/arm-none-eabi/7.3.1/../../../arm-none-eabi/lib/thumb/v6-m/libstdc++.a(eh_exception.o)
                0x1000c9c4                typeinfo name for __cxxabiv1::__foreign_exception
 .rodata._ZTSSt13bad_exception
                0x1000c9e8       0x12 /usr/lib/gcc/arm-none-eabi/7.3.1/../../../arm-none-eabi/lib/thumb/v6-m/libstdc++.a(eh_exception.o)
                0x1000c9e8                typeinfo name for std::bad_exception
 *fill*         0x1000c9fa        0x2 
 .rodata._ZTSSt9exception
                0x1000c9fc        0xd /usr/lib/gcc/arm-none-eabi/7.3.1/../../../arm-none-eabi/lib/thumb/v6-m/libstdc++.a(eh_exception.o)
                0x1000c9fc                typeinfo name for std::exception
 *fill*         0x1000ca09        0x3 
 .rodata._ZTVSt13bad_exception
                0x1000ca0c       0x14 /usr/lib/gcc/arm-none-eabi/7.3.1/../../../arm-none-eabi/lib/thumb/v6-m/libstdc++.a(eh_exception.o)
                0x1000ca0c                vtable for std::bad_exception
 .rodata._ZTIN10__cxxabiv120__si_class_type_infoE
                0x1000ca20        0xc /usr/lib/gcc/arm-none-eabi/7.3.1/../../../arm-none-eabi/lib/thumb/v6-m/libstdc++.a(si_class_type_info.o)
                0x1000ca20                typeinfo for __cxxabiv1::__si_class_type_info
 .rodata._ZTSN10__cxxabiv120__si_class_type_infoE
                0x1000ca2c       0x25 /usr/lib/gcc/arm-none-eabi/7.3.1/../../../arm-none-eabi/lib/thumb/v6-m/libstdc++.a(si_class_type_info.o)
                0x1000ca2c                typeinfo name for __cxxabiv1::__si_class_type_info
 *fill*         0x1000ca51        0x3 
 .rodata._ZTVN10__cxxabiv120__si_class_type_infoE
                0x1000ca54       0x2c /usr/lib/gcc/arm-none-eabi/7.3.1/../../../arm-none-eabi/lib/thumb/v6-m/libstdc++.a(si_class_type_info.o)
                0x1000ca54                vtable for __cxxabiv1::__si_class_type_info
 .rodata._ZTISt9type_info
                0x1000ca80        0x8 /usr/lib/gcc/arm-none-eabi/7.3.1/../../../arm-none-eabi/lib/thumb/v6-m/libstdc++.a(tinfo.o)
                0x1000ca80                typeinfo for std::type_info
 .rodata._ZTSSt9type_info
                0x1000ca88        0xd /usr/lib/gcc/arm-none-eabi/7.3.1/../../../arm-none-eabi/lib/thumb/v6-m/libstdc++.a(tinfo.o)
                0x1000ca88                typeinfo name for std::type_info
 *fill*         0x1000ca95        0x3 
 .rodata._ZTIN10__cxxabiv117__class_type_infoE
                0x1000ca98        0xc /usr/lib/gcc/arm-none-eabi/7.3.1/../../../arm-none-eabi/lib/thumb/v6-m/libstdc++.a(class_type_info.o)
                0x1000ca98                typeinfo for __cxxabiv1::__class_type_info
 .rodata._ZTSN10__cxxabiv117__class_type_infoE
                0x1000caa4       0x22 /usr/lib/gcc/arm-none-eabi/7.3.1/../../../arm-none-eabi/lib/thumb/v6-m/libstdc++.a(class_type_info.o)
                0x1000caa4                typeinfo name for __cxxabiv1::__class_type_info
 *fill*         0x1000cac6        0x2 
 .rodata._ZTVN10__cxxabiv117__class_type_infoE
                0x1000cac8       0x2c /usr/lib/gcc/arm-none-eabi/7.3.1/../../../arm-none-eabi/lib/thumb/v6-m/libstdc++.a(class_type_info.o)
                0x1000cac8                vtable for __cxxabiv1::__class_type_info
 .rodata        0x1000caf4        0x4 /usr/lib/gcc/arm-none-eabi/7.3.1/../../../arm-none-eabi/lib/thumb/v6-m/libc.a(lib_a-impure.o)
                0x1000caf4                _global_impure_ptr
                0x1000caf8                . = ALIGN (0x4)
 *(SORT_BY_ALIGNMENT(SORT_BY_NAME(.flashdata*)))
                0x1000caf8                . = ALIGN (0x4)

.ARM.extab      0x1000caf8       0xd4
 *(.ARM.extab* .gnu.linkonce.armextab.*)
 .ARM.extab.text._ZN10__cxxabiv111__terminateEPFvvE
                0x1000caf8       0x28 /usr/lib/gcc/arm-none-eabi/7.3.1/../../../arm-none-eabi/lib/thumb/v6-m/libstdc++.a(eh_terminate.o)
 .ARM.extab.text.__gxx_personality_v0
                0x1000cb20       0x28 /usr/lib/gcc/arm-none-eabi/7.3.1/../../../arm-none-eabi/lib/thumb/v6-m/libstdc++.a(eh_personality.o)
 .ARM.extab.text.__cxa_begin_catch
                0x1000cb48        0xc /usr/lib/gcc/arm-none-eabi/7.3.1/../../../arm-none-eabi/lib/thumb/v6-m/libstdc++.a(eh_catch.o)
 .ARM.extab.text._ZNK10__cxxabiv120__si_class_type_info12__do_dyncastEiNS_17__class_type_info10__sub_kindEPKS1_PKvS4_S6_RNS1_16__dyncast_resultE
                0x1000cb54        0xc /usr/lib/gcc/arm-none-eabi/7.3.1/../../../arm-none-eabi/lib/thumb/v6-m/libstdc++.a(si_class_type_info.o)
 .ARM.extab.text.__cxa_call_unexpected
                0x1000cb60       0x30 /usr/lib/gcc/arm-none-eabi/7.3.1/../../../arm-none-eabi/lib/thumb/v6-m/libstdc++.a(eh_call.o)
 .ARM.extab.text.__cxa_type_match
                0x1000cb90        0xc /usr/lib/gcc/arm-none-eabi/7.3.1/../../../arm-none-eabi/lib/thumb/v6-m/libstdc++.a(eh_arm.o)
 .ARM.extab     0x1000cb9c       0x24 /usr/lib/gcc/arm-none-eabi/7.3.1/thumb/v6-m/libgcc.a(unwind-arm.o)
 .ARM.extab     0x1000cbc0        0xc /usr/lib/gcc/arm-none-eabi/7.3.1/thumb/v6-m/libgcc.a(pr-support.o)
                0x1000cbcc                __exidx_start = .

.ARM.exidx      0x1000cbcc      0x1a8
 *(.ARM.exidx* .gnu.linkonce.armexidx.*)
 .ARM.exidx.text.__cxa_guard_acquire
                0x1000cbcc        0x8 /usr/lib/gcc/arm-none-eabi/7.3.1/../../../arm-none-eabi/lib/thumb/v6-m/libstdc++.a(guard.o)
 .ARM.exidx.text.__cxa_guard_release
                0x1000cbd4        0x8 /usr/lib/gcc/arm-none-eabi/7.3.1/../../../arm-none-eabi/lib/thumb/v6-m/libstdc++.a(guard.o)
 .ARM.exidx.text._ZN9__gnu_cxx20recursive_init_errorD2Ev
                0x1000cbdc        0x0 /usr/lib/gcc/arm-none-eabi/7.3.1/../../../arm-none-eabi/lib/thumb/v6-m/libstdc++.a(guard_error.o)
                                  0x8 (size before relaxing)
 .ARM.exidx.text._ZN9__gnu_cxx20recursive_init_errorD0Ev
                0x1000cbdc        0x0 /usr/lib/gcc/arm-none-eabi/7.3.1/../../../arm-none-eabi/lib/thumb/v6-m/libstdc++.a(guard_error.o)
                                  0x8 (size before relaxing)
 .ARM.exidx.text._ZL23__gxx_exception_cleanup19_Unwind_Reason_CodeP21_Unwind_Control_Block
                0x1000cbdc        0x8 /usr/lib/gcc/arm-none-eabi/7.3.1/../../../arm-none-eabi/lib/thumb/v6-m/libstdc++.a(eh_throw.o)
 .ARM.exidx.text.__cxa_init_primary_exception
                0x1000cbe4        0x8 /usr/lib/gcc/arm-none-eabi/7.3.1/../../../arm-none-eabi/lib/thumb/v6-m/libstdc++.a(eh_throw.o)
 .ARM.exidx.text.__cxa_throw
                0x1000cbec        0x8 /usr/lib/gcc/arm-none-eabi/7.3.1/../../../arm-none-eabi/lib/thumb/v6-m/libstdc++.a(eh_throw.o)
 .ARM.exidx.text.__cxa_rethrow
                0x1000cbf4        0x8 /usr/lib/gcc/arm-none-eabi/7.3.1/../../../arm-none-eabi/lib/thumb/v6-m/libstdc++.a(eh_throw.o)
 .ARM.exidx.text._ZN10__cxxabiv111__terminateEPFvvE
                0x1000cbfc        0x8 /usr/lib/gcc/arm-none-eabi/7.3.1/../../../arm-none-eabi/lib/thumb/v6-m/libstdc++.a(eh_terminate.o)
 .ARM.exidx.text._ZSt9terminatev
                0x1000cc04        0x8 /usr/lib/gcc/arm-none-eabi/7.3.1/../../../arm-none-eabi/lib/thumb/v6-m/libstdc++.a(eh_terminate.o)
 .ARM.exidx.text._ZN10__cxxabiv112__unexpectedEPFvvE
                0x1000cc0c        0x8 /usr/lib/gcc/arm-none-eabi/7.3.1/../../../arm-none-eabi/lib/thumb/v6-m/libstdc++.a(eh_terminate.o)
 .ARM.exidx.text._ZSt10unexpectedv
                0x1000cc14        0x0 /usr/lib/gcc/arm-none-eabi/7.3.1/../../../arm-none-eabi/lib/thumb/v6-m/libstdc++.a(eh_terminate.o)
                                  0x8 (size before relaxing)
 .ARM.exidx.text._ZSt13get_terminatev
                0x1000cc14        0x8 /usr/lib/gcc/arm-none-eabi/7.3.1/../../../arm-none-eabi/lib/thumb/v6-m/libstdc++.a(eh_terminate.o)
 .ARM.exidx.text._ZSt14get_unexpectedv
                0x1000cc1c        0x0 /usr/lib/gcc/arm-none-eabi/7.3.1/../../../arm-none-eabi/lib/thumb/v6-m/libstdc++.a(eh_terminate.o)
                                  0x8 (size before relaxing)
 .ARM.exidx.text._ZN12_GLOBAL__N_14pool4freeEPv.constprop.4
                0x1000cc1c        0x0 /usr/lib/gcc/arm-none-eabi/7.3.1/../../../arm-none-eabi/lib/thumb/v6-m/libstdc++.a(eh_alloc.o)
                                  0x8 (size before relaxing)
 .ARM.exidx.text._ZN12_GLOBAL__N_14pool8allocateEj.constprop.5
                0x1000cc1c        0x0 /usr/lib/gcc/arm-none-eabi/7.3.1/../../../arm-none-eabi/lib/thumb/v6-m/libstdc++.a(eh_alloc.o)
                                  0x8 (size before relaxing)
 .ARM.exidx.text.__cxa_allocate_exception
                0x1000cc1c        0x0 /usr/lib/gcc/arm-none-eabi/7.3.1/../../../arm-none-eabi/lib/thumb/v6-m/libstdc++.a(eh_alloc.o)
                                  0x8 (size before relaxing)
 .ARM.exidx.text.__cxa_free_exception
                0x1000cc1c        0x0 /usr/lib/gcc/arm-none-eabi/7.3.1/../../../arm-none-eabi/lib/thumb/v6-m/libstdc++.a(eh_alloc.o)
                                  0x8 (size before relaxing)
 .ARM.exidx.text.startup._GLOBAL__sub_I__ZN9__gnu_cxx9__freeresEv
                0x1000cc1c        0x0 /usr/lib/gcc/arm-none-eabi/7.3.1/../../../arm-none-eabi/lib/thumb/v6-m/libstdc++.a(eh_alloc.o)
                                  0x8 (size before relaxing)
 .ARM.exidx.text._ZL28read_encoded_value_with_basehjPKhPj
                0x1000cc1c        0x8 /usr/lib/gcc/arm-none-eabi/7.3.1/../../../arm-none-eabi/lib/thumb/v6-m/libstdc++.a(eh_personality.o)