Archive member included to satisfy reference by file (symbol)

../../Arducam/src/libarducam.a(arducam.c.obj)
                              CMakeFiles/person_detection_int8.dir/image_provider.cpp.obj (capture)
/usr/lib/gcc/arm-none-eabi/7.3.1/../../../arm-none-eabi/lib/thumb/v6-m/libstdc++.a(guard.o)
                              CMakeFiles/person_detection_int8.dir/main_functions.cpp.obj (__cxa_guard_acquire)
/usr/lib/gcc/arm-none-eabi/7.3.1/../../../arm-none-eabi/lib/thumb/v6-m/libstdc++.a(guard_error.o)
                              /usr/lib/gcc/arm-none-eabi/7.3.1/../../../arm-none-eabi/lib/thumb/v6-m/libstdc++.a(guard.o) (__gnu_cxx::recursive_init_error::~recursive_init_error())
/usr/lib/gcc/arm-none-eabi/7.3.1/../../../arm-none-eabi/lib/thumb/v6-m/libstdc++.a(eh_throw.o)
                              /usr/lib/gcc/arm-none-eabi/7.3.1/../../../arm-none-eabi/lib/thumb/v6-m/libstdc++.a(guard.o) (__cxa_throw)
/usr/lib/gcc/arm-none-eabi/7.3.1/../../../arm-none-eabi/lib/thumb/v6-m/libstdc++.a(eh_terminate.o)
                              /usr/lib/gcc/arm-none-eabi/7.3.1/../../../arm-none-eabi/lib/thumb/v6-m/libstdc++.a(eh_throw.o) (__cxxabiv1::__terminate(void (*)()))
/usr/lib/gcc/arm-none-eabi/7.3.1/../../../arm-none-eabi/lib/thumb/v6-m/libstdc++.a(eh_alloc.o)
                              /usr/lib/gcc/arm-none-eabi/7.3.1/../../../arm-none-eabi/lib/thumb/v6-m/libstdc++.a(guard.o) (__cxa_allocate_exception)
/usr/lib/gcc/arm-none-eabi/7.3.1/../../../arm-none-eabi/lib/thumb/v6-m/libstdc++.a(eh_personality.o)
                              /usr/lib/gcc/arm-none-eabi/7.3.1/../../../arm-none-eabi/lib/thumb/v6-m/libstdc++.a(eh_terminate.o) (__gxx_personality_v0)
/usr/lib/gcc/arm-none-eabi/7.3.1/../../../arm-none-eabi/lib/thumb/v6-m/libstdc++.a(eh_catch.o)
                              /usr/lib/gcc/arm-none-eabi/7.3.1/../../../arm-none-eabi/lib/thumb/v6-m/libstdc++.a(eh_throw.o) (__cxa_begin_catch)
/usr/lib/gcc/arm-none-eabi/7.3.1/../../../arm-none-eabi/lib/thumb/v6-m/libstdc++.a(eh_exception.o)
                              /usr/lib/gcc/arm-none-eabi/7.3.1/../../../arm-none-eabi/lib/thumb/v6-m/libstdc++.a(guard_error.o) (std::exception::~exception())
/usr/lib/gcc/arm-none-eabi/7.3.1/../../../arm-none-eabi/lib/thumb/v6-m/libstdc++.a(eh_unex_handler.o)
                              /usr/lib/gcc/arm-none-eabi/7.3.1/../../../arm-none-eabi/lib/thumb/v6-m/libstdc++.a(eh_terminate.o) (__cxxabiv1::__unexpected_handler)
/usr/lib/gcc/arm-none-eabi/7.3.1/../../../arm-none-eabi/lib/thumb/v6-m/libstdc++.a(si_class_type_info.o)
                              /usr/lib/gcc/arm-none-eabi/7.3.1/../../../arm-none-eabi/lib/thumb/v6-m/libstdc++.a(guard_error.o) (vtable for __cxxabiv1::__si_class_type_info)
/usr/lib/gcc/arm-none-eabi/7.3.1/../../../arm-none-eabi/lib/thumb/v6-m/libstdc++.a(eh_call.o)
                              /usr/lib/gcc/arm-none-eabi/7.3.1/../../../arm-none-eabi/lib/thumb/v6-m/libstdc++.a(eh_personality.o) (__cxa_call_terminate)
/usr/lib/gcc/arm-none-eabi/7.3.1/../../../arm-none-eabi/lib/thumb/v6-m/libstdc++.a(eh_term_handler.o)
                              /usr/lib/gcc/arm-none-eabi/7.3.1/../../../arm-none-eabi/lib/thumb/v6-m/libstdc++.a(eh_terminate.o) (__cxxabiv1::__terminate_handler)
/usr/lib/gcc/arm-none-eabi/7.3.1/../../../arm-none-eabi/lib/thumb/v6-m/libstdc++.a(eh_globals.o)
                              /usr/lib/gcc/arm-none-eabi/7.3.1/../../../arm-none-eabi/lib/thumb/v6-m/libstdc++.a(eh_catch.o) (__cxa_get_globals_fast)
/usr/lib/gcc/arm-none-eabi/7.3.1/../../../arm-none-eabi/lib/thumb/v6-m/libstdc++.a(eh_arm.o)
                              /usr/lib/gcc/arm-none-eabi/7.3.1/../../../arm-none-eabi/lib/thumb/v6-m/libstdc++.a(eh_terminate.o) (__cxa_end_cleanup)
/usr/lib/gcc/arm-none-eabi/7.3.1/../../../arm-none-eabi/lib/thumb/v6-m/libstdc++.a(tinfo.o)
                              /usr/lib/gcc/arm-none-eabi/7.3.1/../../../arm-none-eabi/lib/thumb/v6-m/libstdc++.a(si_class_type_info.o) (std::type_info::__is_pointer_p() const)
/usr/lib/gcc/arm-none-eabi/7.3.1/../../../arm-none-eabi/lib/thumb/v6-m/libstdc++.a(class_type_info.o)
                              /usr/lib/gcc/arm-none-eabi/7.3.1/../../../arm-none-eabi/lib/thumb/v6-m/libstdc++.a(si_class_type_info.o) (__cxxabiv1::__class_type_info::__do_upcast(__cxxabiv1::__class_type_info const*, void**) const)
/usr/lib/gcc/arm-none-eabi/7.3.1/../../../arm-none-eabi/lib/thumb/v6-m/libstdc++.a(pure.o)
                              /usr/lib/gcc/arm-none-eabi/7.3.1/../../../arm-none-eabi/lib/thumb/v6-m/libstdc++.a(eh_exception.o) (__cxa_pure_virtual)
/usr/lib/gcc/arm-none-eabi/7.3.1/../../../arm-none-eabi/lib/thumb/v6-m/libm.a(lib_a-s_frexp.o)
                              CMakeFiles/person_detection_int8.dir/__/__/src/tensorflow/lite/kernels/internal/quantization_util.cpp.obj (frexp)
/usr/lib/gcc/arm-none-eabi/7.3.1/../../../arm-none-eabi/lib/thumb/v6-m/libm.a(lib_a-sf_fmax.o)
[...]
Memory Configuration

Name             Origin             Length             Attributes
FLASH            0x10000000         0x00200000         xr
RAM              0x20000000         0x00040000         xrw
SCRATCH_X        0x20040000         0x00001000         xrw
SCRATCH_Y        0x20041000         0x00001000         xrw
*default*        0x00000000         0xffffffff

Linker script and memory map

LOAD /usr/lib/gcc/arm-none-eabi/7.3.1/thumb/v6-m/crti.o
LOAD /usr/lib/gcc/arm-none-eabi/7.3.1/thumb/v6-m/crtbegin.o
LOAD /usr/lib/gcc/arm-none-eabi/7.3.1/../../../arm-none-eabi/lib/thumb/v6-m/crt0.o

.flash_begin    0x10000000        0x0
                0x10000000                __flash_binary_start = .

.boot2          0x10000000      0x100
                0x10000000                __boot2_start__ = .
 *(.boot2)
 .boot2         0x10000000      0x100 /tmp/cca2umn7.o
                0x10000100                __boot2_end__ = .
                0x00000001                ASSERT (((__boot2_end__ - __boot2_start__) == 0x100), ERROR: Pico second stage bootloader must be 256 bytes in size)

.text           0x10000100    0x17570
                0x10000100                __logical_binary_start = .
 *(.vectors)
 .vectors       0x10000100       0xd4 CMakeFiles/person_detection_int8.dir/home/pi/PicoCamDemo/pico-setup/pico/pico-sdk/src/rp2_common/pico_standard_link/crt0.S.obj
                0x10000100                __vectors
                0x100001c0                isr_invalid
                0x100001c2                isr_nmi
                0x100001c4                isr_hardfault
                0x100001c6                isr_svcall
                0x100001c8                isr_pendsv
                0x100001ca                isr_systick
                0x100001cc                isr_irq30
                0x100001cc                __unhandled_user_irq
                0x100001cc                isr_irq13
                0x100001cc                isr_irq27
                0x100001cc                isr_irq31
                0x100001cc                isr_irq5
                0x100001cc                isr_irq11
                0x100001cc                isr_irq23
                0x100001cc                isr_irq18
                0x100001cc                isr_irq28
                0x100001cc                isr_irq19
                0x100001cc                isr_irq0
                0x100001cc                isr_irq6
                0x100001cc                isr_irq22
                0x100001cc                isr_irq17
                0x100001cc                isr_irq14
                0x100001cc                isr_irq2
                0x100001cc                isr_irq10
                0x100001cc                isr_irq8
                0x100001cc                isr_irq24
                0x100001cc                isr_irq1
                0x100001cc                isr_irq7
                0x100001cc                isr_irq21
                0x100001cc                isr_irq20
                0x100001cc                isr_irq15
                0x100001cc                isr_irq25
                0x100001cc                isr_irq4
                0x100001cc                isr_irq16
                0x100001cc                isr_irq29
                0x100001cc                isr_irq26
                0x100001cc                isr_irq3
                0x100001cc                isr_irq12
                0x100001cc                isr_irq9
                0x100001d2                unhandled_user_irq_num_in_r0
 *(.binary_info_header)
 .binary_info_header
                0x100001d4       0x14 CMakeFiles/person_detection_int8.dir/home/pi/PicoCamDemo/pico-setup/pico/pico-sdk/src/rp2_common/pico_standard_link/crt0.S.obj
                0x100001e8                __binary_info_header_end = .
 *(.reset)
 .reset         0x100001e8       0xa8 CMakeFiles/person_detection_int8.dir/home/pi/PicoCamDemo/pico-setup/pico/pico-sdk/src/rp2_common/pico_standard_link/crt0.S.obj
                0x100001e8                _entry_point
                0x10000266                __get_current_exception
 .reset         0x10000290       0x30 CMakeFiles/person_detection_int8.dir/home/pi/PicoCamDemo/pico-setup/pico/pico-sdk/src/rp2_common/pico_standard_link/binary_info.c.obj
 *(.init)
 .init          0x100002c0        0x4 /usr/lib/gcc/arm-none-eabi/7.3.1/thumb/v6-m/crti.o
                0x100002c0                _init
 *(EXCLUDE_FILE(*libm.a: *libc.a:*lib_a-mem*.o *libgcc.a:) .text*)
 .text          0x100002c4       0x98 /usr/lib/gcc/arm-none-eabi/7.3.1/thumb/v6-m/crtbegin.o
 .text._Z18RespondToDetectionPN6tflite13ErrorReporterEaa
                0x1000035c       0x44 CMakeFiles/person_detection_int8.dir/detection_responder.cpp.obj
                0x1000035c                RespondToDetection(tflite::ErrorReporter*, signed char, signed char)
 .text._Z8GetImagePN6tflite13ErrorReporterEiiiPa
                0x100003a0      0x2c4 CMakeFiles/person_detection_int8.dir/image_provider.cpp.obj
                0x100003a0                GetImage(tflite::ErrorReporter*, int, int, int, signed char*)
 .text.startup.main
                0x10000664        0xc CMakeFiles/person_detection_int8.dir/main.cpp.obj
                0x10000664                main
 .text._ZNK6tflite10OpResolver12GetDelegatesEi
                0x10000670        0xc CMakeFiles/person_detection_int8.dir/main_functions.cpp.obj
                0x10000670                tflite::OpResolver::GetDelegates(int) const
 .text._Z10on_uart_rxv
                0x1000067c       0x50 CMakeFiles/person_detection_int8.dir/main_functions.cpp.obj
                0x1000067c                on_uart_rx()
 .text.__tcf_0  0x100006cc        0x4 CMakeFiles/person_detection_int8.dir/main_functions.cpp.obj
 .text._ZNK6tflite22MicroMutableOpResolverILj5EE6FindOpENS_15BuiltinOperatorE
                0x100006d0       0x60 CMakeFiles/person_detection_int8.dir/main_functions.cpp.obj
                0x100006d0                tflite::MicroMutableOpResolver<5u>::FindOp(tflite::BuiltinOperator) const
 .text._ZN6tflite22MicroMutableOpResolverILj5EED0Ev
                0x10000730        0x4 CMakeFiles/person_detection_int8.dir/main_functions.cpp.obj
                0x10000730                tflite::MicroMutableOpResolver<5u>::~MicroMutableOpResolver()
                0x10000730                tflite::MicroMutableOpResolver<5u>::~MicroMutableOpResolver()
                0x10000730                tflite::MicroMutableOpResolver<5u>::~MicroMutableOpResolver()
 .text._ZNK6tflite22MicroMutableOpResolverILj5EE15GetOpDataParserENS_15BuiltinOperatorE
                0x10000734       0x60 CMakeFiles/person_detection_int8.dir/main_functions.cpp.obj
                0x10000734                tflite::MicroMutableOpResolver<5u>::GetOpDataParser(tflite::BuiltinOperator) const
 .text.__tcf_2  0x10000794       0x10 CMakeFiles/person_detection_int8.dir/main_functions.cpp.obj
 .text._ZNK6tflite22MicroMutableOpResolverILj5EE6FindOpEPKc
                0x100007a4       0xa0 CMakeFiles/person_detection_int8.dir/main_functions.cpp.obj
                0x100007a4                tflite::MicroMutableOpResolver<5u>::FindOp(char const*) const
 .text.__tcf_1  0x10000844        0x4 CMakeFiles/person_detection_int8.dir/main_functions.cpp.obj
 .text._ZNK6tflite15MicroOpResolver6FindOpENS_15BuiltinOperatorEi
                0x10000848       0x78 CMakeFiles/person_detection_int8.dir/main_functions.cpp.obj
                0x10000848                tflite::MicroOpResolver::FindOp(tflite::BuiltinOperator, int) const
 .text._ZNK6tflite15MicroOpResolver6FindOpEPKci
                0x100008c0       0xb4 CMakeFiles/person_detection_int8.dir/main_functions.cpp.obj
                0x100008c0                tflite::MicroOpResolver::FindOp(char const*, int) const
 .text.setup    0x10000974      0x5cc CMakeFiles/person_detection_int8.dir/main_functions.cpp.obj
                0x10000974                setup
 .text.loop     0x10000f40      0x16c CMakeFiles/person_detection_int8.dir/main_functions.cpp.obj
                0x10000f40                loop
 .text.TfLiteIntArrayGetSizeInBytes
                0x100010ac        0x8 CMakeFiles/person_detection_int8.dir/__/__/src/tensorflow/lite/c/common.c.obj
                0x100010ac                TfLiteIntArrayGetSizeInBytes
 .text.TfLiteTypeGetName
                0x100010b4       0x18 CMakeFiles/person_detection_int8.dir/__/__/src/tensorflow/lite/c/common.c.obj
                0x100010b4                TfLiteTypeGetName
 .text._ZN6tflite13ErrorReporter6ReportEPKcz
                0x100010cc       0x1c CMakeFiles/person_detection_int8.dir/__/__/src/tensorflow/lite/core/api/error_reporter.cpp.obj
                0x100010cc                tflite::ErrorReporter::Report(char const*, ...)
 .text._ZN6tflite13ErrorReporter11ReportErrorEPvPKcz
                0x100010e8       0x1c CMakeFiles/person_detection_int8.dir/__/__/src/tensorflow/lite/core/api/error_reporter.cpp.obj
                0x100010e8                tflite::ErrorReporter::ReportError(void*, char const*, ...)
 .text._ZN6tflite17ConvertTensorTypeENS_10TensorTypeEP10TfLiteTypePNS_13ErrorReporterE
                0x10001104       0x94 CMakeFiles/person_detection_int8.dir/__/__/src/tensorflow/lite/core/api/flatbuffer_conversions.cpp.obj
                0x10001104                tflite::ConvertTensorType(tflite::TensorType, TfLiteType*, tflite::ErrorReporter*)
 .text._ZN6tflite11ParseConv2DEPKNS_8OperatorEPNS_13ErrorReporterEPNS_20BuiltinDataAllocatorEPPv
                0x10001198      0x120 CMakeFiles/person_detection_int8.dir/__/__/src/tensorflow/lite/core/api/flatbuffer_conversions.cpp.obj
                0x10001198                tflite::ParseConv2D(tflite::Operator const*, tflite::ErrorReporter*, tflite::BuiltinDataAllocator*, void**)
 .text._ZN6tflite20ParseDepthwiseConv2DEPKNS_8OperatorEPNS_13ErrorReporterEPNS_20BuiltinDataAllocatorEPPv
                0x100012b8      0x138 CMakeFiles/person_detection_int8.dir/__/__/src/tensorflow/lite/core/api/flatbuffer_conversions.cpp.obj
                0x100012b8                tflite::ParseDepthwiseConv2D(tflite::Operator const*, tflite::ErrorReporter*, tflite::BuiltinDataAllocator*, void**)
 .text._ZN6tflite9ParsePoolEPKNS_8OperatorEPNS_13ErrorReporterEPNS_20BuiltinDataAllocatorEPPv
                0x100013f0      0x124 CMakeFiles/person_detection_int8.dir/__/__/src/tensorflow/lite/core/api/flatbuffer_conversions.cpp.obj
                0x100013f0                tflite::ParsePool(tflite::Operator const*, tflite::ErrorReporter*, tflite::BuiltinDataAllocator*, void**)
 .text._ZN6tflite12ParseReshapeEPKNS_8OperatorEPNS_13ErrorReporterEPNS_20BuiltinDataAllocatorEPPv
                0x10001514      0x10c CMakeFiles/person_detection_int8.dir/__/__/src/tensorflow/lite/core/api/flatbuffer_conversions.cpp.obj
                0x10001514                tflite::ParseReshape(tflite::Operator const*, tflite::ErrorReporter*, tflite::BuiltinDataAllocator*, void**)
 .text._ZN6tflite12ParseSoftmaxEPKNS_8OperatorEPNS_13ErrorReporterEPNS_20BuiltinDataAllocatorEPPv
                0x10001620       0x90 CMakeFiles/person_detection_int8.dir/__/__/src/tensorflow/lite/core/api/flatbuffer_conversions.cpp.obj
                0x10001620                tflite::ParseSoftmax(tflite::Operator const*, tflite::ErrorReporter*, tflite::BuiltinDataAllocator*, void**)
 .text._ZN6tflite25GetRegistrationFromOpCodeEPKNS_12OperatorCodeERKNS_10OpResolverEPNS_13ErrorReporterEPPK18TfLiteRegistration
                0x100016b0       0xc8 CMakeFiles/person_detection_int8.dir/__/__/src/tensorflow/lite/core/api/op_resolver.cpp.obj
                0x100016b0                tflite::GetRegistrationFromOpCode(tflite::OperatorCode const*, tflite::OpResolver const&, tflite::ErrorReporter*, TfLiteRegistration const**)
 .text._ZN6tflite18QuantizeMultiplierEdPlPi
                0x10001778       0x74 CMakeFiles/person_detection_int8.dir/__/__/src/tensorflow/lite/kernels/internal/quantization_util.cpp.obj
                0x10001778                tflite::QuantizeMultiplier(double, long*, int*)
 .text._ZN6tflite24PreprocessSoftmaxScalingEddiPlPi
                0x100017ec       0xec CMakeFiles/person_detection_int8.dir/__/__/src/tensorflow/lite/kernels/internal/quantization_util.cpp.obj
                0x100017ec                tflite::PreprocessSoftmaxScaling(double, double, int, long*, int*)
 .text._ZN6tflite20CalculateInputRadiusEiii
                0x100018d8       0x90 CMakeFiles/person_detection_int8.dir/__/__/src/tensorflow/lite/kernels/internal/quantization_util.cpp.obj
                0x100018d8                tflite::CalculateInputRadius(int, int, int)
 .text._ZN6tflite8GetInputEPK13TfLiteContextPK10TfLiteNodei
                0x10001968       0x2c CMakeFiles/person_detection_int8.dir/__/__/src/tensorflow/lite/kernels/kernel_util.cpp.obj
                0x10001968                tflite::GetInput(TfLiteContext const*, TfLiteNode const*, int)
 .text._ZN6tflite9GetOutputEP13TfLiteContextPK10TfLiteNodei
                0x10001994       0x2c CMakeFiles/person_detection_int8.dir/__/__/src/tensorflow/lite/kernels/kernel_util.cpp.obj
                0x10001994                tflite::GetOutput(TfLiteContext*, TfLiteNode const*, int)
 .text._ZN6tflite22GetOptionalInputTensorEPK13TfLiteContextPK10TfLiteNodei
                0x100019c0       0x2c CMakeFiles/person_detection_int8.dir/__/__/src/tensorflow/lite/kernels/kernel_util.cpp.obj
                0x100019c0                tflite::GetOptionalInputTensor(TfLiteContext const*, TfLiteNode const*, int)
 .text._ZN6tflite32GetQuantizedConvolutionMultiplerEP13TfLiteContextPK12TfLiteTensorS4_S4_PS2_Pd
                0x100019ec       0xf0 CMakeFiles/person_detection_int8.dir/__/__/src/tensorflow/lite/kernels/kernel_util.cpp.obj
                0x100019ec                tflite::GetQuantizedConvolutionMultipler(TfLiteContext*, TfLiteTensor const*, TfLiteTensor const*, TfLiteTensor const*, TfLiteTensor*, double*)
 .text._ZN6tflite33CalculateActivationRangeQuantizedEP13TfLiteContext21TfLiteFusedActivationP12TfLiteTensorPlS5_
                0x10001adc      0x104 CMakeFiles/person_detection_int8.dir/__/__/src/tensorflow/lite/kernels/kernel_util.cpp.obj
                0x10001adc                tflite::CalculateActivationRangeQuantized(TfLiteContext*, TfLiteFusedActivation, TfLiteTensor*, long*, long*)
 .text._ZN6tflite37PopulateConvolutionQuantizationParamsEP13TfLiteContextPK12TfLiteTensorS4_S4_PS2_RK21TfLiteFusedActivationPlPiS9_S9_S9_SA_i
                0x10001be0      0x270 CMakeFiles/person_detection_int8.dir/__/__/src/tensorflow/lite/kernels/kernel_util.cpp.obj
                0x10001be0                tflite::PopulateConvolutionQuantizationParams(TfLiteContext*, TfLiteTensor const*, TfLiteTensor const*, TfLiteTensor const*, TfLiteTensor*, TfLiteFusedActivation const&, long*, int*, long*, long*, long*, int*, int)
 .text._ZN6tflite12_GLOBAL__N_14InitEP13TfLiteContextPKcj
                0x10001e50        0xc CMakeFiles/person_detection_int8.dir/__/__/src/tensorflow/lite/micro/kernels/cmsis-nn/conv.cpp.obj
 .text._ZN6tflite12_GLOBAL__N_123EvalQuantizedPerChannelEP13TfLiteContextP10TfLiteNodeP16TfLiteConvParamsRKNS0_6OpDataEPK16TfLiteEvalTensorSC_SC_PSA_SD_.isra.11
                0x10001e5c      0x640 CMakeFiles/person_detection_int8.dir/__/__/src/tensorflow/lite/micro/kernels/cmsis-nn/conv.cpp.obj
 .text._ZN6tflite12_GLOBAL__N_17PrepareEP13TfLiteContextP10TfLiteNode
                0x1000249c      0x33c CMakeFiles/person_detection_int8.dir/__/__/src/tensorflow/lite/micro/kernels/cmsis-nn/conv.cpp.obj
 .text._ZN6tflite12_GLOBAL__N_14EvalEP13TfLiteContextP10TfLiteNode
                0x100027d8      0x96c CMakeFiles/person_detection_int8.dir/__/__/src/tensorflow/lite/micro/kernels/cmsis-nn/conv.cpp.obj
 .text._ZN6tflite16Register_CONV_2DEv
                0x10003144       0x18 CMakeFiles/person_detection_int8.dir/__/__/src/tensorflow/lite/micro/kernels/cmsis-nn/conv.cpp.obj
                0x10003144                tflite::Register_CONV_2D()
 .text._ZN6tflite12_GLOBAL__N_14InitEP13TfLiteContextPKcj
                0x1000315c        0xc CMakeFiles/person_detection_int8.dir/__/__/src/tensorflow/lite/micro/kernels/cmsis-nn/depthwise_conv.cpp.obj
 .text._ZN6tflite12_GLOBAL__N_123EvalQuantizedPerChannelEP13TfLiteContextP10TfLiteNodeP25TfLiteDepthwiseConvParamsPNS0_6OpDataEPK16TfLiteEvalTensorSB_SB_PS9_.isra.12
                0x10003168      0x5d8 CMakeFiles/person_detection_int8.dir/__/__/src/tensorflow/lite/micro/kernels/cmsis-nn/depthwise_conv.cpp.obj
 .text._ZN6tflite12_GLOBAL__N_113EvalQuantizedEP13TfLiteContextP10TfLiteNodeP25TfLiteDepthwiseConvParamsPKNS0_6OpDataEPK16TfLiteEvalTensorSC_SC_PSA_.isra.13
                0x10003740      0x574 CMakeFiles/person_detection_int8.dir/__/__/src/tensorflow/lite/micro/kernels/cmsis-nn/depthwise_conv.cpp.obj
 .text._ZN6tflite12_GLOBAL__N_14EvalEP13TfLiteContextP10TfLiteNode
                0x10003cb4      0x4c4 CMakeFiles/person_detection_int8.dir/__/__/src/tensorflow/lite/micro/kernels/cmsis-nn/depthwise_conv.cpp.obj
 .text._ZN6tflite12_GLOBAL__N_17PrepareEP13TfLiteContextP10TfLiteNode
                0x10004178      0x36c CMakeFiles/person_detection_int8.dir/__/__/src/tensorflow/lite/micro/kernels/cmsis-nn/depthwise_conv.cpp.obj
 .text._ZN6tflite26Register_DEPTHWISE_CONV_2DEv
                0x100044e4       0x18 CMakeFiles/person_detection_int8.dir/__/__/src/tensorflow/lite/micro/kernels/cmsis-nn/depthwise_conv.cpp.obj
                0x100044e4                tflite::Register_DEPTHWISE_CONV_2D()
 .text._ZN6tflite3ops5micro7pooling4InitEP13TfLiteContextPKcj
                0x100044fc        0xc CMakeFiles/person_detection_int8.dir/__/__/src/tensorflow/lite/micro/kernels/cmsis-nn/pooling.cpp.obj
                0x100044fc                tflite::ops::micro::pooling::Init(TfLiteContext*, char const*, unsigned int)
 .text._ZN6tflite3ops5micro7pooling12_GLOBAL__N_120AverageEvalQuantizedEP13TfLiteContextPK10TfLiteNodePK16TfLitePoolParamsRKNS3_6OpDataEPK16TfLiteEvalTensorPSF_.isra.12
                0x10004508      0x388 CMakeFiles/person_detection_int8.dir/__/__/src/tensorflow/lite/micro/kernels/cmsis-nn/pooling.cpp.obj
 .text._ZN6tflite3ops5micro7pooling7MaxEvalEP13TfLiteContextP10TfLiteNode
                0x10004890      0x714 CMakeFiles/person_detection_int8.dir/__/__/src/tensorflow/lite/micro/kernels/cmsis-nn/pooling.cpp.obj
                0x10004890                tflite::ops::micro::pooling::MaxEval(TfLiteContext*, TfLiteNode*)
 .text._ZN6tflite3ops5micro7pooling11AverageEvalEP13TfLiteContextP10TfLiteNode
                0x10004fa4      0x3c8 CMakeFiles/person_detection_int8.dir/__/__/src/tensorflow/lite/micro/kernels/cmsis-nn/pooling.cpp.obj
                0x10004fa4                tflite::ops::micro::pooling::AverageEval(TfLiteContext*, TfLiteNode*)
 .text._ZN6tflite3ops5micro7pooling14AveragePrepareEP13TfLiteContextP10TfLiteNode
                0x1000536c      0x17c CMakeFiles/person_detection_int8.dir/__/__/src/tensorflow/lite/micro/kernels/cmsis-nn/pooling.cpp.obj
                0x1000536c                tflite::ops::micro::pooling::AveragePrepare(TfLiteContext*, TfLiteNode*)
 .text._ZN6tflite3ops5micro7pooling10MaxPrepareEP13TfLiteContextP10TfLiteNode
                0x100054e8      0x10c CMakeFiles/person_detection_int8.dir/__/__/src/tensorflow/lite/micro/kernels/cmsis-nn/pooling.cpp.obj
                0x100054e8                tflite::ops::micro::pooling::MaxPrepare(TfLiteContext*, TfLiteNode*)
 .text._ZN6tflite3ops5micro24Register_AVERAGE_POOL_2DEv
                0x100055f4       0x18 CMakeFiles/person_detection_int8.dir/__/__/src/tensorflow/lite/micro/kernels/cmsis-nn/pooling.cpp.obj
                0x100055f4                tflite::ops::micro::Register_AVERAGE_POOL_2D()
 .text._ZN6tflite12_GLOBAL__N_111SoftmaxInitEP13TfLiteContextPKcj
                0x1000560c        0xc CMakeFiles/person_detection_int8.dir/__/__/src/tensorflow/lite/micro/kernels/cmsis-nn/softmax.cpp.obj
 .text._ZZN6tflite12_GLOBAL__N_114SoftmaxPrepareEP13TfLiteContextP10TfLiteNodeENUlfE0_4_FUNEf
                0x10005618       0x18 CMakeFiles/person_detection_int8.dir/__/__/src/tensorflow/lite/micro/kernels/cmsis-nn/softmax.cpp.obj
 .text._ZZN6tflite12_GLOBAL__N_114SoftmaxPrepareEP13TfLiteContextP10TfLiteNodeENUlfE_4_FUNEf
                0x10005630        0x8 CMakeFiles/person_detection_int8.dir/__/__/src/tensorflow/lite/micro/kernels/cmsis-nn/softmax.cpp.obj
 .text._ZN6tflite7gen_lutEPFffEffPsi
                0x10005638      0x190 CMakeFiles/person_detection_int8.dir/__/__/src/tensorflow/lite/micro/kernels/cmsis-nn/softmax.cpp.obj
                0x10005638                tflite::gen_lut(float (*)(float), float, float, short*, int)
 .text._ZN6tflite12_GLOBAL__N_114SoftmaxPrepareEP13TfLiteContextP10TfLiteNode
                0x100057c8      0x4b8 CMakeFiles/person_detection_int8.dir/__/__/src/tensorflow/lite/micro/kernels/cmsis-nn/softmax.cpp.obj
 .text._ZN6tflite16Register_SOFTMAXEv
                0x10005c80       0x18 CMakeFiles/person_detection_int8.dir/__/__/src/tensorflow/lite/micro/kernels/cmsis-nn/softmax.cpp.obj
                0x10005c80                tflite::Register_SOFTMAX()
 .text._ZN8gemmlowp32one_over_one_plus_x_for_x_in_0_1IlEENS_10FixedPointIT_Li0EEES3_
                0x10005c98      0x3d8 CMakeFiles/person_detection_int8.dir/__/__/src/tensorflow/lite/micro/kernels/cmsis-nn/softmax.cpp.obj
                0x10005c98                gemmlowp::FixedPoint<long, 0> gemmlowp::one_over_one_plus_x_for_x_in_0_1<long>(gemmlowp::FixedPoint<long, 0>)
 .text._ZN8gemmlowp55exp_on_interval_between_negative_one_quarter_and_0_exclIlEENS_10FixedPointIT_Li0EEES3_
                0x10006070      0x16c CMakeFiles/person_detection_int8.dir/__/__/src/tensorflow/lite/micro/kernels/cmsis-nn/softmax.cpp.obj
                0x10006070                gemmlowp::FixedPoint<long, 0> gemmlowp::exp_on_interval_between_negative_one_quarter_and_0_excl<long>(gemmlowp::FixedPoint<long, 0>)
 .text._ZN8gemmlowp22exp_on_negative_valuesIlLi5EEENS_10FixedPointIT_Li0EEENS1_IS2_XT0_EEE
                0x100061dc      0x28c CMakeFiles/person_detection_int8.dir/__/__/src/tensorflow/lite/micro/kernels/cmsis-nn/softmax.cpp.obj
                0x100061dc                gemmlowp::FixedPoint<long, 0> gemmlowp::exp_on_negative_values<long, 5>(gemmlowp::FixedPoint<long, 5>)
 .text._ZN6tflite12_GLOBAL__N_111SoftmaxEvalEP13TfLiteContextP10TfLiteNode
                0x10006468      0xec0 CMakeFiles/person_detection_int8.dir/__/__/src/tensorflow/lite/micro/kernels/cmsis-nn/softmax.cpp.obj
 .text._ZN6tflite5micro14GetTensorShapeEPK16TfLiteEvalTensor
                0x10007328       0x2c CMakeFiles/person_detection_int8.dir/__/__/src/tensorflow/lite/micro/kernels/kernel_util.cpp.obj
                0x10007328                tflite::micro::GetTensorShape(TfLiteEvalTensor const*)
 .text._ZN6tflite3ops5micro7reshape4EvalEP13TfLiteContextP10TfLiteNode
                0x10007354       0x60 CMakeFiles/person_detection_int8.dir/__/__/src/tensorflow/lite/micro/kernels/reshape.cpp.obj
                0x10007354                tflite::ops::micro::reshape::Eval(TfLiteContext*, TfLiteNode*)
 .text._ZN6tflite3ops5micro7reshape13ReshapeOutputEP13TfLiteContextP10TfLiteNode
                0x100073b4      0x194 CMakeFiles/person_detection_int8.dir/__/__/src/tensorflow/lite/micro/kernels/reshape.cpp.obj
                0x100073b4                tflite::ops::micro::reshape::ReshapeOutput(TfLiteContext*, TfLiteNode*)
 .text._ZN6tflite3ops5micro7reshape7PrepareEP13TfLiteContextP10TfLiteNode
                0x10007548       0x9c CMakeFiles/person_detection_int8.dir/__/__/src/tensorflow/lite/micro/kernels/reshape.cpp.obj
                0x10007548                tflite::ops::micro::reshape::Prepare(TfLiteContext*, TfLiteNode*)
 .text._ZN6tflite3ops5micro16Register_RESHAPEEv
                0x100075e4       0x18 CMakeFiles/person_detection_int8.dir/__/__/src/tensorflow/lite/micro/kernels/reshape.cpp.obj
                0x100075e4                tflite::ops::micro::Register_RESHAPE()
 .text._ZN6tflite14AlignPointerUpEPhj
                0x100075fc       0x10 CMakeFiles/person_detection_int8.dir/__/__/src/tensorflow/lite/micro/memory_helpers.cpp.obj
                0x100075fc                tflite::AlignPointerUp(unsigned char*, unsigned int)
 .text._ZN6tflite16AlignPointerDownEPhj
                0x1000760c        0xc CMakeFiles/person_detection_int8.dir/__/__/src/tensorflow/lite/micro/memory_helpers.cpp.obj
                0x1000760c                tflite::AlignPointerDown(unsigned char*, unsigned int)
 .text._ZN6tflite11AlignSizeUpEjj
                0x10007618       0x10 CMakeFiles/person_detection_int8.dir/__/__/src/tensorflow/lite/micro/memory_helpers.cpp.obj
                0x10007618                tflite::AlignSizeUp(unsigned int, unsigned int)
 .text._ZN6tflite16TfLiteTypeSizeOfE10TfLiteTypePj
                0x10007628       0x3c CMakeFiles/person_detection_int8.dir/__/__/src/tensorflow/lite/micro/memory_helpers.cpp.obj
                0x10007628                tflite::TfLiteTypeSizeOf(TfLiteType, unsigned int*)
 .text._ZN6tflite22BytesRequiredForTensorERKNS_6TensorEPjS3_PNS_13ErrorReporterE
                0x10007664       0xc4 CMakeFiles/person_detection_int8.dir/__/__/src/tensorflow/lite/micro/memory_helpers.cpp.obj
                0x10007664                tflite::BytesRequiredForTensor(tflite::Tensor const&, unsigned int*, unsigned int*, tflite::ErrorReporter*)
 .text._ZN6tflite26TfLiteEvalTensorByteLengthEPK16TfLiteEvalTensorPj
                0x10007728       0x54 CMakeFiles/person_detection_int8.dir/__/__/src/tensorflow/lite/micro/memory_helpers.cpp.obj
                0x10007728                tflite::TfLiteEvalTensorByteLength(TfLiteEvalTensor const*, unsigned int*)
 .text._ZN6tflite19GreedyMemoryPlannerD0Ev
                0x1000777c        0x4 CMakeFiles/person_detection_int8.dir/__/__/src/tensorflow/lite/micro/memory_planner/greedy_memory_planner.cpp.obj
                0x1000777c                tflite::GreedyMemoryPlanner::~GreedyMemoryPlanner()
                0x1000777c                tflite::GreedyMemoryPlanner::~GreedyMemoryPlanner()
                0x1000777c                tflite::GreedyMemoryPlanner::~GreedyMemoryPlanner()
 .text._ZN6tflite19GreedyMemoryPlanner14GetBufferCountEv
                0x10007780        0x4 CMakeFiles/person_detection_int8.dir/__/__/src/tensorflow/lite/micro/memory_planner/greedy_memory_planner.cpp.obj
                0x10007780                tflite::GreedyMemoryPlanner::GetBufferCount()
 .text._ZN6tflite19GreedyMemoryPlanner9AddBufferEPNS_13ErrorReporterEiii
                0x10007784       0x44 CMakeFiles/person_detection_int8.dir/__/__/src/tensorflow/lite/micro/memory_planner/greedy_memory_planner.cpp.obj
                0x10007784                tflite::GreedyMemoryPlanner::AddBuffer(tflite::ErrorReporter*, int, int, int)
 .text._ZN6tflite19GreedyMemoryPlanner24CalculateOffsetsIfNeededEv.part.1
                0x100077c8      0x2a4 CMakeFiles/person_detection_int8.dir/__/__/src/tensorflow/lite/micro/memory_planner/greedy_memory_planner.cpp.obj
 .text._ZN6tflite19GreedyMemoryPlanner20GetMaximumMemorySizeEv
                0x10007a6c       0x68 CMakeFiles/person_detection_int8.dir/__/__/src/tensorflow/lite/micro/memory_planner/greedy_memory_planner.cpp.obj
                0x10007a6c                tflite::GreedyMemoryPlanner::GetMaximumMemorySize()
 .text._ZN6tflite19GreedyMemoryPlanner18GetOffsetForBufferEPNS_13ErrorReporterEiPi
                0x10007ad4       0x40 CMakeFiles/person_detection_int8.dir/__/__/src/tensorflow/lite/micro/memory_planner/greedy_memory_planner.cpp.obj
                0x10007ad4                tflite::GreedyMemoryPlanner::GetOffsetForBuffer(tflite::ErrorReporter*, int, int*)
 .text._ZN6tflite19GreedyMemoryPlannerC2EPhi
                0x10007b14       0x44 CMakeFiles/person_detection_int8.dir/__/__/src/tensorflow/lite/micro/memory_planner/greedy_memory_planner.cpp.obj
                0x10007b14                tflite::GreedyMemoryPlanner::GreedyMemoryPlanner(unsigned char*, int)
                0x10007b14                tflite::GreedyMemoryPlanner::GreedyMemoryPlanner(unsigned char*, int)
 .text._ZN6tflite19GreedyMemoryPlanner9AddBufferEPNS_13ErrorReporterEiiii
                0x10007b58       0x64 CMakeFiles/person_detection_int8.dir/__/__/src/tensorflow/lite/micro/memory_planner/greedy_memory_planner.cpp.obj
                0x10007b58                tflite::GreedyMemoryPlanner::AddBuffer(tflite::ErrorReporter*, int, int, int, int)
 .text._ZN6tflite12_GLOBAL__N_125MicroBuiltinDataAllocator8AllocateEjj
                0x10007bbc        0xc CMakeFiles/person_detection_int8.dir/__/__/src/tensorflow/lite/micro/micro_allocator.cpp.obj
 .text._ZN6tflite12_GLOBAL__N_125MicroBuiltinDataAllocator10DeallocateEPv
                0x10007bc8        0x4 CMakeFiles/person_detection_int8.dir/__/__/src/tensorflow/lite/micro/micro_allocator.cpp.obj
 .text._ZN6tflite14MicroAllocatorD0Ev
                0x10007bcc        0x4 CMakeFiles/person_detection_int8.dir/__/__/src/tensorflow/lite/micro/micro_allocator.cpp.obj
                0x10007bcc                tflite::MicroAllocator::~MicroAllocator()
                0x10007bcc                tflite::MicroAllocator::~MicroAllocator()
                0x10007bcc                tflite::MicroAllocator::~MicroAllocator()
 .text._ZN6tflite14MicroAllocator24AllocatePersistentBufferEj
                0x10007bd0       0x10 CMakeFiles/person_detection_int8.dir/__/__/src/tensorflow/lite/micro/micro_allocator.cpp.obj
                0x10007bd0                tflite::MicroAllocator::AllocatePersistentBuffer(unsigned int)
 .text._ZN6tflite14MicroAllocator20ResetTempAllocationsEv
                0x10007be0        0xc CMakeFiles/person_detection_int8.dir/__/__/src/tensorflow/lite/micro/micro_allocator.cpp.obj
                0x10007be0                tflite::MicroAllocator::ResetTempAllocations()
 .text._ZN6tflite14MicroAllocator38AllocatePersistentTfLiteTensorInternalEPKNS_5ModelEP16TfLiteEvalTensori
                0x10007bec       0x10 CMakeFiles/person_detection_int8.dir/__/__/src/tensorflow/lite/micro/micro_allocator.cpp.obj
                0x10007bec                tflite::MicroAllocator::AllocatePersistentTfLiteTensorInternal(tflite::Model const*, TfLiteEvalTensor*, int)
 .text._ZN6tflite12_GLOBAL__N_125MicroBuiltinDataAllocatorD0Ev
                0x10007bfc        0x4 CMakeFiles/person_detection_int8.dir/__/__/src/tensorflow/lite/micro/micro_allocator.cpp.obj
 .text._ZN6tflite14MicroAllocator17AllocateVariablesEPKNS_8SubGraphEP16TfLiteEvalTensor
                0x10007c00       0xac CMakeFiles/person_detection_int8.dir/__/__/src/tensorflow/lite/micro/micro_allocator.cpp.obj
                0x10007c00                tflite::MicroAllocator::AllocateVariables(tflite::SubGraph const*, TfLiteEvalTensor*)
 .text._ZN6tflite14MicroAllocator28AllocateScratchBufferHandlesEPPNS_19ScratchBufferHandleEj
                0x10007cac       0x1c CMakeFiles/person_detection_int8.dir/__/__/src/tensorflow/lite/micro/micro_allocator.cpp.obj
                0x10007cac                tflite::MicroAllocator::AllocateScratchBufferHandles(tflite::ScratchBufferHandle**, unsigned int)
 .text._ZN6tflite14MicroAllocator28AllocateNodeAndRegistrationsEPKNS_5ModelEPPNS_19NodeAndRegistrationE
                0x10007cc8       0x84 CMakeFiles/person_detection_int8.dir/__/__/src/tensorflow/lite/micro/micro_allocator.cpp.obj
                0x10007cc8                tflite::MicroAllocator::AllocateNodeAndRegistrations(tflite::Model const*, tflite::NodeAndRegistration**)
 .text._ZN6tflite14MicroAllocator25AllocateTfLiteEvalTensorsEPKNS_5ModelEPP16TfLiteEvalTensor
                0x10007d4c      0x1e8 CMakeFiles/person_detection_int8.dir/__/__/src/tensorflow/lite/micro/micro_allocator.cpp.obj
                0x10007d4c                tflite::MicroAllocator::AllocateTfLiteEvalTensors(tflite::Model const*, TfLiteEvalTensor**)
 .text._ZN6tflite14MicroAllocator44PrepareNodeAndRegistrationDataFromFlatbufferEPKNS_5ModelERKNS_15MicroOpResolverEPNS_19NodeAndRegistrationE
                0x10007f34      0x2dc CMakeFiles/person_detection_int8.dir/__/__/src/tensorflow/lite/micro/micro_allocator.cpp.obj
                0x10007f34                tflite::MicroAllocator::PrepareNodeAndRegistrationDataFromFlatbuffer(tflite::Model const*, tflite::MicroOpResolver const&, tflite::NodeAndRegistration*)
 .text._ZN6tflite14MicroAllocator34PopulateTfLiteTensorFromFlatbufferEPKNS_5ModelEPKNS_8SubGraphEP12TfLiteTensorib
                0x10008210      0x2ec CMakeFiles/person_detection_int8.dir/__/__/src/tensorflow/lite/micro/micro_allocator.cpp.obj
                0x10008210                tflite::MicroAllocator::PopulateTfLiteTensorFromFlatbuffer(tflite::Model const*, tflite::SubGraph const*, TfLiteTensor*, int, bool)
 .text._ZN6tflite14MicroAllocator24AllocateTempTfLiteTensorEPKNS_5ModelEP16TfLiteEvalTensori
                0x100084fc      0x378 CMakeFiles/person_detection_int8.dir/__/__/src/tensorflow/lite/micro/micro_allocator.cpp.obj
                0x100084fc                tflite::MicroAllocator::AllocateTempTfLiteTensor(tflite::Model const*, TfLiteEvalTensor*, int)
 .text._ZN6tflite14MicroAllocator30AllocatePersistentTfLiteTensorEPKNS_5ModelEP16TfLiteEvalTensori
                0x10008874      0x398 CMakeFiles/person_detection_int8.dir/__/__/src/tensorflow/lite/micro/micro_allocator.cpp.obj
                0x10008874                tflite::MicroAllocator::AllocatePersistentTfLiteTensor(tflite::Model const*, TfLiteEvalTensor*, int)
 .text._ZN6tflite14MicroAllocator6CreateEPhjPNS_13ErrorReporterE
                0x10008c0c       0x44 CMakeFiles/person_detection_int8.dir/__/__/src/tensorflow/lite/micro/micro_allocator.cpp.obj
                0x10008c0c                tflite::MicroAllocator::Create(unsigned char*, unsigned int, tflite::ErrorReporter*)
 .text._ZN6tflite14MicroAllocator20StartModelAllocationEPKNS_5ModelERKNS_15MicroOpResolverEPPNS_19NodeAndRegistrationEPP16TfLiteEvalTensor
                0x10008c50       0x68 CMakeFiles/person_detection_int8.dir/__/__/src/tensorflow/lite/micro/micro_allocator.cpp.obj
                0x10008c50                tflite::MicroAllocator::StartModelAllocation(tflite::Model const*, tflite::MicroOpResolver const&, tflite::NodeAndRegistration**, TfLiteEvalTensor**)
 .text._ZN6tflite14MicroAllocator21FinishModelAllocationEPKNS_5ModelEP16TfLiteEvalTensorPPNS_19ScratchBufferHandleE
                0x10008cb8       0xd0 CMakeFiles/person_detection_int8.dir/__/__/src/tensorflow/lite/micro/micro_allocator.cpp.obj
                0x10008cb8                tflite::MicroAllocator::FinishModelAllocation(tflite::Model const*, TfLiteEvalTensor*, tflite::ScratchBufferHandle**)
 .text._ZN6tflite14MicroAllocator27RequestScratchBufferInArenaEjPi
                0x10008d88       0x80 CMakeFiles/person_detection_int8.dir/__/__/src/tensorflow/lite/micro/micro_allocator.cpp.obj
                0x10008d88                tflite::MicroAllocator::RequestScratchBufferInArena(unsigned int, int*)
 .text._ZN6tflite14MicroAllocator28FinishPrepareNodeAllocationsEi
                0x10008e08       0x5c CMakeFiles/person_detection_int8.dir/__/__/src/tensorflow/lite/micro/micro_allocator.cpp.obj
                0x10008e08                tflite::MicroAllocator::FinishPrepareNodeAllocations(int)
 .text._ZN6tflite14MicroAllocator22CommitStaticMemoryPlanEPKNS_5ModelEPKNS_8SubGraphEP16TfLiteEvalTensorPNS_19ScratchBufferHandleE
                0x10008e64      0x5bc CMakeFiles/person_detection_int8.dir/__/__/src/tensorflow/lite/micro/micro_allocator.cpp.obj
                0x10008e64                tflite::MicroAllocator::CommitStaticMemoryPlan(tflite::Model const*, tflite::SubGraph const*, TfLiteEvalTensor*, tflite::ScratchBufferHandle*)
 .text._ZN6tflite18MicroErrorReporterD0Ev
                0x10009420        0x4 CMakeFiles/person_detection_int8.dir/__/__/src/tensorflow/lite/micro/micro_error_reporter.cpp.obj
                0x10009420                tflite::MicroErrorReporter::~MicroErrorReporter()
                0x10009420                tflite::MicroErrorReporter::~MicroErrorReporter()
                0x10009420                tflite::MicroErrorReporter::~MicroErrorReporter()
 .text._ZN6tflite18MicroErrorReporter6ReportEPKcSt9__va_list
                0x10009424       0x28 CMakeFiles/person_detection_int8.dir/__/__/src/tensorflow/lite/micro/micro_error_reporter.cpp.obj
                0x10009424                tflite::MicroErrorReporter::Report(char const*, std::__va_list)
 .text._ZN6tflite8internal13ContextHelper24AllocatePersistentBufferEP13TfLiteContextj
                0x1000944c       0x10 CMakeFiles/person_detection_int8.dir/__/__/src/tensorflow/lite/micro/micro_interpreter.cpp.obj
                0x1000944c                tflite::internal::ContextHelper::AllocatePersistentBuffer(TfLiteContext*, unsigned int)
 .text._ZN6tflite8internal13ContextHelper16GetScratchBufferEP13TfLiteContexti
                0x1000945c        0xc CMakeFiles/person_detection_int8.dir/__/__/src/tensorflow/lite/micro/micro_interpreter.cpp.obj
                0x1000945c                tflite::internal::ContextHelper::GetScratchBuffer(TfLiteContext*, int)
 .text._ZN6tflite8internal13ContextHelper9GetTensorEPK13TfLiteContexti
                0x10009468       0x14 CMakeFiles/person_detection_int8.dir/__/__/src/tensorflow/lite/micro/micro_interpreter.cpp.obj
                0x10009468                tflite::internal::ContextHelper::GetTensor(TfLiteContext const*, int)
 .text._ZN6tflite8internal13ContextHelper13GetEvalTensorEPK13TfLiteContexti
                0x1000947c       0x10 CMakeFiles/person_detection_int8.dir/__/__/src/tensorflow/lite/micro/micro_interpreter.cpp.obj
                0x1000947c                tflite::internal::ContextHelper::GetEvalTensor(TfLiteContext const*, int)
 .text._ZN6tflite8internal13ContextHelper27RequestScratchBufferInArenaEP13TfLiteContextjPi
                0x1000948c        0xc CMakeFiles/person_detection_int8.dir/__/__/src/tensorflow/lite/micro/micro_interpreter.cpp.obj
                0x1000948c                tflite::internal::ContextHelper::RequestScratchBufferInArena(TfLiteContext*, unsigned int, int*)
 .text._ZN6tflite8internal13ContextHelper13ReportOpErrorEP13TfLiteContextPKcz
                0x10009498       0x20 CMakeFiles/person_detection_int8.dir/__/__/src/tensorflow/lite/micro/micro_interpreter.cpp.obj
                0x10009498                tflite::internal::ContextHelper::ReportOpError(TfLiteContext*, char const*, ...)
 .text._ZN6tflite16MicroInterpreterC2EPKNS_5ModelERKNS_15MicroOpResolverEPhjPNS_13ErrorReporterEPNS_8ProfilerE
                0x100094b8       0xcc CMakeFiles/person_detection_int8.dir/__/__/src/tensorflow/lite/micro/micro_interpreter.cpp.obj
                0x100094b8                tflite::MicroInterpreter::MicroInterpreter(tflite::Model const*, tflite::MicroOpResolver const&, unsigned char*, unsigned int, tflite::ErrorReporter*, tflite::Profiler*)
                0x100094b8                tflite::MicroInterpreter::MicroInterpreter(tflite::Model const*, tflite::MicroOpResolver const&, unsigned char*, unsigned int, tflite::ErrorReporter*, tflite::Profiler*)
 .text._ZN6tflite16MicroInterpreterD2Ev
                0x10009584       0x6c CMakeFiles/person_detection_int8.dir/__/__/src/tensorflow/lite/micro/micro_interpreter.cpp.obj
                0x10009584                tflite::MicroInterpreter::~MicroInterpreter()
                0x10009584                tflite::MicroInterpreter::~MicroInterpreter()
 .text._ZN6tflite16MicroInterpreter5inputEj
                0x100095f0       0xac CMakeFiles/person_detection_int8.dir/__/__/src/tensorflow/lite/micro/micro_interpreter.cpp.obj
                0x100095f0                tflite::MicroInterpreter::input(unsigned int)
 .text._ZN6tflite16MicroInterpreter6outputEj
                0x1000969c       0xac CMakeFiles/person_detection_int8.dir/__/__/src/tensorflow/lite/micro/micro_interpreter.cpp.obj
                0x1000969c                tflite::MicroInterpreter::output(unsigned int)
 .text._ZN6tflite16MicroInterpreter20ResetVariableTensorsEv
                0x10009748       0xdc CMakeFiles/person_detection_int8.dir/__/__/src/tensorflow/lite/micro/micro_interpreter.cpp.obj
                0x10009748                tflite::MicroInterpreter::ResetVariableTensors()
 .text._ZN6tflite16MicroInterpreter15AllocateTensorsEv
                0x10009824      0x19c CMakeFiles/person_detection_int8.dir/__/__/src/tensorflow/lite/micro/micro_interpreter.cpp.obj
                0x10009824                tflite::MicroInterpreter::AllocateTensors()
 .text._ZN6tflite16MicroInterpreter6InvokeEv
                0x100099c0       0xf4 CMakeFiles/person_detection_int8.dir/__/__/src/tensorflow/lite/micro/micro_interpreter.cpp.obj
                0x100099c0                tflite::MicroInterpreter::Invoke()
 .text.MicroVsnprintf
                0x10009ab4      0x514 CMakeFiles/person_detection_int8.dir/__/__/src/tensorflow/lite/micro/micro_string.cpp.obj
                0x10009ab4                MicroVsnprintf
 .text._ZN6tflite12ElementCountERK14TfLiteIntArray
                0x10009fc8       0x20 CMakeFiles/person_detection_int8.dir/__/__/src/tensorflow/lite/micro/micro_utils.cpp.obj
                0x10009fc8                tflite::ElementCount(TfLiteIntArray const&)
 .text.DebugLog
                0x10009fe8       0x28 CMakeFiles/person_detection_int8.dir/__/__/src/tensorflow/lite/micro/rp2/debug_log.cpp.obj
                0x10009fe8                DebugLog
 .text._ZN6tflite16ticks_per_secondEv
                0x1000a010        0x8 CMakeFiles/person_detection_int8.dir/__/__/src/tensorflow/lite/micro/rp2/micro_time.cpp.obj
                0x1000a010                tflite::ticks_per_second()
 .text._ZN6tflite19GetCurrentTimeTicksEv
                0x1000a018        0xc CMakeFiles/person_detection_int8.dir/__/__/src/tensorflow/lite/micro/rp2/micro_time.cpp.obj
                0x1000a018                tflite::GetCurrentTimeTicks()
 .text._ZN6tflite21SimpleMemoryAllocatorD0Ev
                0x1000a024        0x4 CMakeFiles/person_detection_int8.dir/__/__/src/tensorflow/lite/micro/simple_memory_allocator.cpp.obj
                0x1000a024                tflite::SimpleMemoryAllocator::~SimpleMemoryAllocator()
                0x1000a024                tflite::SimpleMemoryAllocator::~SimpleMemoryAllocator()
                0x1000a024                tflite::SimpleMemoryAllocator::~SimpleMemoryAllocator()
 .text._ZN6tflite21SimpleMemoryAllocator20ResetTempAllocationsEv
                0x1000a028        0x8 CMakeFiles/person_detection_int8.dir/__/__/src/tensorflow/lite/micro/simple_memory_allocator.cpp.obj
                0x1000a028                tflite::SimpleMemoryAllocator::ResetTempAllocations()
 .text._ZN6tflite21SimpleMemoryAllocator12AllocateTempEjj
                0x1000a030       0x38 CMakeFiles/person_detection_int8.dir/__/__/src/tensorflow/lite/micro/simple_memory_allocator.cpp.obj
                0x1000a030                tflite::SimpleMemoryAllocator::AllocateTemp(unsigned int, unsigned int)
 .text._ZN6tflite21SimpleMemoryAllocator16AllocateFromTailEjj
                0x1000a068       0x38 CMakeFiles/person_detection_int8.dir/__/__/src/tensorflow/lite/micro/simple_memory_allocator.cpp.obj
                0x1000a068                tflite::SimpleMemoryAllocator::AllocateFromTail(unsigned int, unsigned int)
 .text._ZN6tflite21SimpleMemoryAllocator17SetHeadBufferSizeEjj
                0x1000a0a0       0x54 CMakeFiles/person_detection_int8.dir/__/__/src/tensorflow/lite/micro/simple_memory_allocator.cpp.obj
                0x1000a0a0                tflite::SimpleMemoryAllocator::SetHeadBufferSize(unsigned int, unsigned int)
 .text._ZN6tflite21SimpleMemoryAllocator6CreateEPNS_13ErrorReporterEPhj
                0x1000a0f4       0x50 CMakeFiles/person_detection_int8.dir/__/__/src/tensorflow/lite/micro/simple_memory_allocator.cpp.obj
                0x1000a0f4                tflite::SimpleMemoryAllocator::Create(tflite::ErrorReporter*, unsigned char*, unsigned int)
 .text._ZNK6tflite21SimpleMemoryAllocator13GetHeadBufferEv
                0x1000a144        0x4 CMakeFiles/person_detection_int8.dir/__/__/src/tensorflow/lite/micro/simple_memory_allocator.cpp.obj
                0x1000a144                tflite::SimpleMemoryAllocator::GetHeadBuffer() const
 .text._ZNK6tflite21SimpleMemoryAllocator18GetAvailableMemoryEj
                0x1000a148       0x1c CMakeFiles/person_detection_int8.dir/__/__/src/tensorflow/lite/micro/simple_memory_allocator.cpp.obj
                0x1000a148                tflite::SimpleMemoryAllocator::GetAvailableMemory(unsigned int) const
 .text._ZN6tflite14GetBuiltinCodeEPKNS_12OperatorCodeE
                0x1000a164       0x38 CMakeFiles/person_detection_int8.dir/__/__/src/tensorflow/lite/schema/schema_utils.cpp.obj
                0x1000a164                tflite::GetBuiltinCode(tflite::OperatorCode const*)
 .text.arm_convolve_1_x_n_s8
                0x1000a19c       0x34 CMakeFiles/person_detection_int8.dir/__/__/src/third_party/cmsis/CMSIS/NN/Source/ConvolutionFunctions/arm_convolve_1_x_n_s8.c.obj
                0x1000a19c                arm_convolve_1_x_n_s8
 .text.arm_convolve_1_x_n_s8_get_buffer_size
                0x1000a1d0        0x4 CMakeFiles/person_detection_int8.dir/__/__/src/third_party/cmsis/CMSIS/NN/Source/ConvolutionFunctions/arm_convolve_1_x_n_s8.c.obj
                0x1000a1d0                arm_convolve_1_x_n_s8_get_buffer_size
 .text.arm_convolve_1x1_s8_fast
                0x1000a1d4       0x68 CMakeFiles/person_detection_int8.dir/__/__/src/third_party/cmsis/CMSIS/NN/Source/ConvolutionFunctions/arm_convolve_1x1_s8_fast.c.obj
                0x1000a1d4                arm_convolve_1x1_s8_fast
 .text.arm_convolve_1x1_s8_fast_get_buffer_size
                0x1000a23c        0x4 CMakeFiles/person_detection_int8.dir/__/__/src/third_party/cmsis/CMSIS/NN/Source/ConvolutionFunctions/arm_convolve_1x1_s8_fast.c.obj
                0x1000a23c                arm_convolve_1x1_s8_fast_get_buffer_size
 .text.arm_convolve_s8
                0x1000a240      0x340 CMakeFiles/person_detection_int8.dir/__/__/src/third_party/cmsis/CMSIS/NN/Source/ConvolutionFunctions/arm_convolve_s8.c.obj
                0x1000a240                arm_convolve_s8
 .text.arm_convolve_s8_get_buffer_size
                0x1000a580        0x4 CMakeFiles/person_detection_int8.dir/__/__/src/third_party/cmsis/CMSIS/NN/Source/ConvolutionFunctions/arm_convolve_s8.c.obj
                0x1000a580                arm_convolve_s8_get_buffer_size
 .text.arm_convolve_wrapper_s8
                0x1000a584       0xbc CMakeFiles/person_detection_int8.dir/__/__/src/third_party/cmsis/CMSIS/NN/Source/ConvolutionFunctions/arm_convolve_wrapper_s8.c.obj
                0x1000a584                arm_convolve_wrapper_s8
 .text.arm_convolve_wrapper_s8_get_buffer_size
                0x1000a640       0x68 CMakeFiles/person_detection_int8.dir/__/__/src/third_party/cmsis/CMSIS/NN/Source/ConvolutionFunctions/arm_convolve_wrapper_s8.c.obj
                0x1000a640                arm_convolve_wrapper_s8_get_buffer_size
 .text.arm_depthwise_conv_3x3_s8
                0x1000a6a8      0x760 CMakeFiles/person_detection_int8.dir/__/__/src/third_party/cmsis/CMSIS/NN/Source/ConvolutionFunctions/arm_depthwise_conv_3x3_s8.c.obj
                0x1000a6a8                arm_depthwise_conv_3x3_s8
 .text.arm_depthwise_conv_s8
                0x1000ae08      0x7bc CMakeFiles/person_detection_int8.dir/__/__/src/third_party/cmsis/CMSIS/NN/Source/ConvolutionFunctions/arm_depthwise_conv_s8.c.obj
                0x1000ae08                arm_depthwise_conv_s8
 .text.arm_depthwise_conv_s8_opt
                0x1000b5c4       0x38 CMakeFiles/person_detection_int8.dir/__/__/src/third_party/cmsis/CMSIS/NN/Source/ConvolutionFunctions/arm_depthwise_conv_s8_opt.c.obj
                0x1000b5c4                arm_depthwise_conv_s8_opt
 .text.arm_depthwise_conv_s8_opt_get_buffer_size
                0x1000b5fc        0x4 CMakeFiles/person_detection_int8.dir/__/__/src/third_party/cmsis/CMSIS/NN/Source/ConvolutionFunctions/arm_depthwise_conv_s8_opt.c.obj
                0x1000b5fc                arm_depthwise_conv_s8_opt_get_buffer_size
 .text.arm_depthwise_conv_u8_basic_ver1
                0x1000b600      0x7b8 CMakeFiles/person_detection_int8.dir/__/__/src/third_party/cmsis/CMSIS/NN/Source/ConvolutionFunctions/arm_depthwise_conv_u8_basic_ver1.c.obj
                0x1000b600                arm_depthwise_conv_u8_basic_ver1
 .text.arm_depthwise_conv_wrapper_s8
                0x1000bdb8       0x80 CMakeFiles/person_detection_int8.dir/__/__/src/third_party/cmsis/CMSIS/NN/Source/ConvolutionFunctions/arm_depthwise_conv_wrapper_s8.c.obj
                0x1000bdb8                arm_depthwise_conv_wrapper_s8
 .text.arm_depthwise_conv_wrapper_s8_get_buffer_size
                0x1000be38       0x1c CMakeFiles/person_detection_int8.dir/__/__/src/third_party/cmsis/CMSIS/NN/Source/ConvolutionFunctions/arm_depthwise_conv_wrapper_s8.c.obj
                0x1000be38                arm_depthwise_conv_wrapper_s8_get_buffer_size
 .text.arm_nn_mat_mult_nt_t_s8
                0x1000be54      0x5c0 CMakeFiles/person_detection_int8.dir/__/__/src/third_party/cmsis/CMSIS/NN/Source/NNSupportFunctions/arm_nn_mat_mult_nt_t_s8.c.obj
                0x1000be54                arm_nn_mat_mult_nt_t_s8
 .text.arm_avgpool_s8
                0x1000c414      0x1f4 CMakeFiles/person_detection_int8.dir/__/__/src/third_party/cmsis/CMSIS/NN/Source/PoolingFunctions/arm_avgpool_s8.c.obj
                0x1000c414                arm_avgpool_s8
 .text.arm_avgpool_s8_get_buffer_size
                0x1000c608        0x4 CMakeFiles/person_detection_int8.dir/__/__/src/third_party/cmsis/CMSIS/NN/Source/PoolingFunctions/arm_avgpool_s8.c.obj
                0x1000c608                arm_avgpool_s8_get_buffer_size
 .text.arm_max_pool_s8
                0x1000c60c      0x3c4 CMakeFiles/person_detection_int8.dir/__/__/src/third_party/cmsis/CMSIS/NN/Source/PoolingFunctions/arm_max_pool_s8.c.obj
                0x1000c60c                arm_max_pool_s8
 .text.arm_softmax_s8
                0x1000c9d0      0xf08 CMakeFiles/person_detection_int8.dir/__/__/src/third_party/cmsis/CMSIS/NN/Source/SoftmaxFunctions/arm_softmax_s8.c.obj
                0x1000c9d0                arm_softmax_s8
 .text.gpio_set_function
                0x1000d8d8       0x30 CMakeFiles/person_detection_int8.dir/home/pi/PicoCamDemo/pico-setup/pico/pico-sdk/src/rp2_common/hardware_gpio/gpio.c.obj
                0x1000d8d8                gpio_set_function
 .text.gpio_set_pulls
                0x1000d908       0x34 CMakeFiles/person_detection_int8.dir/home/pi/PicoCamDemo/pico-setup/pico/pico-sdk/src/rp2_common/hardware_gpio/gpio.c.obj
                0x1000d908                gpio_set_pulls
 .text.gpio_init
                0x1000d93c       0x3c CMakeFiles/person_detection_int8.dir/home/pi/PicoCamDemo/pico-setup/pico/pico-sdk/src/rp2_common/hardware_gpio/gpio.c.obj
                0x1000d93c                gpio_init
 .text.hw_claim_or_assert
                0x1000d978       0x44 CMakeFiles/person_detection_int8.dir/home/pi/PicoCamDemo/pico-setup/pico/pico-sdk/src/rp2_common/hardware_claim/claim.c.obj
                0x1000d978                hw_claim_or_assert
 .text.hw_claim_unused_from_range
                0x1000d9bc       0x9c CMakeFiles/person_detection_int8.dir/home/pi/PicoCamDemo/pico-setup/pico/pico-sdk/src/rp2_common/hardware_claim/claim.c.obj
                0x1000d9bc                hw_claim_unused_from_range
 .text.spin_locks_reset
                0x1000da58       0x1c CMakeFiles/person_detection_int8.dir/home/pi/PicoCamDemo/pico-setup/pico/pico-sdk/src/rp2_common/hardware_sync/sync.c.obj
                0x1000da58                spin_locks_reset
 .text.next_striped_spin_lock_num
                0x1000da74       0x18 CMakeFiles/person_detection_int8.dir/home/pi/PicoCamDemo/pico-setup/pico/pico-sdk/src/rp2_common/hardware_sync/sync.c.obj
                0x1000da74                next_striped_spin_lock_num
 .text.spin_lock_claim_unused
                0x1000da8c       0x20 CMakeFiles/person_detection_int8.dir/home/pi/PicoCamDemo/pico-setup/pico/pico-sdk/src/rp2_common/hardware_sync/sync.c.obj
                0x1000da8c                spin_lock_claim_unused
 .text.running_on_fpga
                0x1000daac       0x10 CMakeFiles/person_detection_int8.dir/home/pi/PicoCamDemo/pico-setup/pico/pico-sdk/src/rp2_common/pico_platform/platform.c.obj
                0x1000daac                running_on_fpga
 .text.uart_init
                0x1000dabc       0xe8 CMakeFiles/person_detection_int8.dir/home/pi/PicoCamDemo/pico-setup/pico/pico-sdk/src/rp2_common/hardware_uart/uart.c.obj
                0x1000dabc                uart_init
 .text.timer_pool_entry_comparator
                0x1000dba4       0x34 CMakeFiles/person_detection_int8.dir/home/pi/PicoCamDemo/pico-setup/pico/pico-sdk/src/common/pico_time/time.c.obj
                0x1000dba4                timer_pool_entry_comparator
 .text.sev_callback
                0x1000dbd8        0x8 CMakeFiles/person_detection_int8.dir/home/pi/PicoCamDemo/pico-setup/pico/pico-sdk/src/common/pico_time/time.c.obj
 .text.add_alarm_under_lock
                0x1000dbe0      0x118 CMakeFiles/person_detection_int8.dir/home/pi/PicoCamDemo/pico-setup/pico/pico-sdk/src/common/pico_time/time.c.obj
 .text.alarm_pool_alarm_callback
                0x1000dcf8      0x1dc CMakeFiles/person_detection_int8.dir/home/pi/PicoCamDemo/pico-setup/pico/pico-sdk/src/common/pico_time/time.c.obj
 .text.alarm_pool_init_default
                0x1000ded4       0x78 CMakeFiles/person_detection_int8.dir/home/pi/PicoCamDemo/pico-setup/pico/pico-sdk/src/common/pico_time/time.c.obj
                0x1000ded4                alarm_pool_init_default
 .text.alarm_pool_get_default
                0x1000df4c        0xc CMakeFiles/person_detection_int8.dir/home/pi/PicoCamDemo/pico-setup/pico/pico-sdk/src/common/pico_time/time.c.obj
                0x1000df4c                alarm_pool_get_default
 .text.alarm_pool_add_alarm_at
                0x1000df58      0x198 CMakeFiles/person_detection_int8.dir/home/pi/PicoCamDemo/pico-setup/pico/pico-sdk/src/common/pico_time/time.c.obj
                0x1000df58                alarm_pool_add_alarm_at
 .text.sleep_until
                0x1000e0f0      0x1b0 CMakeFiles/person_detection_int8.dir/home/pi/PicoCamDemo/pico-setup/pico/pico-sdk/src/common/pico_time/time.c.obj
                0x1000e0f0                sleep_until
 .text.sleep_ms
                0x1000e2a0       0x38 CMakeFiles/person_detection_int8.dir/home/pi/PicoCamDemo/pico-setup/pico/pico-sdk/src/common/pico_time/time.c.obj
                0x1000e2a0                sleep_ms
 .text.best_effort_wfe_or_timeout
                0x1000e2d8      0x1d0 CMakeFiles/person_detection_int8.dir/home/pi/PicoCamDemo/pico-setup/pico/pico-sdk/src/common/pico_time/time.c.obj
                0x1000e2d8                best_effort_wfe_or_timeout
 .text.hardware_alarm_irq_handler
                0x1000e4a8       0xb0 CMakeFiles/person_detection_int8.dir/home/pi/PicoCamDemo/pico-setup/pico/pico-sdk/src/rp2_common/hardware_timer/timer.c.obj
 .text.hardware_alarm_claim
                0x1000e558       0x18 CMakeFiles/person_detection_int8.dir/home/pi/PicoCamDemo/pico-setup/pico/pico-sdk/src/rp2_common/hardware_timer/timer.c.obj
                0x1000e558                hardware_alarm_claim
 .text.time_us_64
                0x1000e570       0x18 CMakeFiles/person_detection_int8.dir/home/pi/PicoCamDemo/pico-setup/pico/pico-sdk/src/rp2_common/hardware_timer/timer.c.obj
                0x1000e570                time_us_64
 .text.busy_wait_until
                0x1000e588       0x20 CMakeFiles/person_detection_int8.dir/home/pi/PicoCamDemo/pico-setup/pico/pico-sdk/src/rp2_common/hardware_timer/timer.c.obj
                0x1000e588                busy_wait_until
 .text.hardware_alarm_set_callback
                0x1000e5a8       0x8c CMakeFiles/person_detection_int8.dir/home/pi/PicoCamDemo/pico-setup/pico/pico-sdk/src/rp2_common/hardware_timer/timer.c.obj
                0x1000e5a8                hardware_alarm_set_callback
 .text.hardware_alarm_set_target
                0x1000e634       0xb4 CMakeFiles/person_detection_int8.dir/home/pi/PicoCamDemo/pico-setup/pico/pico-sdk/src/rp2_common/hardware_timer/timer.c.obj
                0x1000e634                hardware_alarm_set_target
 .text.hardware_alarm_cancel
                0x1000e6e8       0x40 CMakeFiles/person_detection_int8.dir/home/pi/PicoCamDemo/pico-setup/pico/pico-sdk/src/rp2_common/hardware_timer/timer.c.obj
                0x1000e6e8                hardware_alarm_cancel
 .text.lock_init
                0x1000e728       0x10 CMakeFiles/person_detection_int8.dir/home/pi/PicoCamDemo/pico-setup/pico/pico-sdk/src/common/pico_sync/lock_core.c.obj
                0x1000e728                lock_init
 .text.mutex_init
                0x1000e738       0x1c CMakeFiles/person_detection_int8.dir/home/pi/PicoCamDemo/pico-setup/pico/pico-sdk/src/common/pico_sync/mutex.c.obj
                0x1000e738                mutex_init
 .text.critical_section_init
                0x1000e754       0x18 CMakeFiles/person_detection_int8.dir/home/pi/PicoCamDemo/pico-setup/pico/pico-sdk/src/common/pico_sync/critical_section.c.obj
                0x1000e754                critical_section_init
 .text.ph_merge_two_pass.part.3
                0x1000e76c       0xcc CMakeFiles/person_detection_int8.dir/home/pi/PicoCamDemo/pico-setup/pico/pico-sdk/src/common/pico_util/pheap.c.obj
 .text.ph_create
                0x1000e838       0x60 CMakeFiles/person_detection_int8.dir/home/pi/PicoCamDemo/pico-setup/pico/pico-sdk/src/common/pico_util/pheap.c.obj
                0x1000e838                ph_create
 .text.ph_remove_head_reserve
                0x1000e898      0x158 CMakeFiles/person_detection_int8.dir/home/pi/PicoCamDemo/pico-setup/pico/pico-sdk/src/common/pico_util/pheap.c.obj
                0x1000e898                ph_remove_head_reserve
 .text.ph_delete
                0x1000e9f0      0x340 CMakeFiles/person_detection_int8.dir/home/pi/PicoCamDemo/pico-setup/pico/pico-sdk/src/common/pico_util/pheap.c.obj
                0x1000e9f0                ph_delete
 .text.runtime_init
                0x1000ed30       0xec CMakeFiles/person_detection_int8.dir/home/pi/PicoCamDemo/pico-setup/pico/pico-sdk/src/rp2_common/pico_runtime/runtime.c.obj
                0x1000ed30                runtime_init
 .text._exit    0x1000ee1c        0x4 CMakeFiles/person_detection_int8.dir/home/pi/PicoCamDemo/pico-setup/pico/pico-sdk/src/rp2_common/pico_runtime/runtime.c.obj
                0x1000ee1c                _exit
 .text._sbrk    0x1000ee20       0x34 CMakeFiles/person_detection_int8.dir/home/pi/PicoCamDemo/pico-setup/pico/pico-sdk/src/rp2_common/pico_runtime/runtime.c.obj
                0x1000ee20                _sbrk
 .text.exit     0x1000ee54        0x4 CMakeFiles/person_detection_int8.dir/home/pi/PicoCamDemo/pico-setup/pico/pico-sdk/src/rp2_common/pico_runtime/runtime.c.obj
                0x1000ee54                exit
 .text.panic    0x1000ee58       0x30 CMakeFiles/person_detection_int8.dir/home/pi/PicoCamDemo/pico-setup/pico/pico-sdk/src/rp2_common/pico_runtime/runtime.c.obj
                0x1000ee58                panic
 .text.hard_assertion_failure
                0x1000ee88        0xc CMakeFiles/person_detection_int8.dir/home/pi/PicoCamDemo/pico-setup/pico/pico-sdk/src/rp2_common/pico_runtime/runtime.c.obj
                0x1000ee88                hard_assertion_failure
 .text.clocks_init
                0x1000ee94      0x2ec CMakeFiles/person_detection_int8.dir/home/pi/PicoCamDemo/pico-setup/pico/pico-sdk/src/rp2_common/hardware_clocks/clocks.c.obj
                0x1000ee94                clocks_init
 .text.clock_get_hz
                0x1000f180        0xc CMakeFiles/person_detection_int8.dir/home/pi/PicoCamDemo/pico-setup/pico/pico-sdk/src/rp2_common/hardware_clocks/clocks.c.obj
                0x1000f180                clock_get_hz
 .text.watchdog_start_tick
                0x1000f18c       0x10 CMakeFiles/person_detection_int8.dir/home/pi/PicoCamDemo/pico-setup/pico/pico-sdk/src/rp2_common/hardware_watchdog/watchdog.c.obj
                0x1000f18c                watchdog_start_tick
 .text.xosc_init
                0x1000f19c       0x28 CMakeFiles/person_detection_int8.dir/home/pi/PicoCamDemo/pico-setup/pico/pico-sdk/src/rp2_common/hardware_xosc/xosc.c.obj
                0x1000f19c                xosc_init
 .text.pll_init
                0x1000f1c4       0x54 CMakeFiles/person_detection_int8.dir/home/pi/PicoCamDemo/pico-setup/pico/pico-sdk/src/rp2_common/hardware_pll/pll.c.obj
                0x1000f1c4                pll_init
 .text.irq_set_enabled
                0x1000f218       0x24 CMakeFiles/person_detection_int8.dir/home/pi/PicoCamDemo/pico-setup/pico/pico-sdk/src/rp2_common/hardware_irq/irq.c.obj
                0x1000f218                irq_set_enabled
 .text.irq_set_pending
                0x1000f23c       0x10 CMakeFiles/person_detection_int8.dir/home/pi/PicoCamDemo/pico-setup/pico/pico-sdk/src/rp2_common/hardware_irq/irq.c.obj
                0x1000f23c                irq_set_pending
 .text.irq_get_vtable_handler
                0x1000f24c       0x10 CMakeFiles/person_detection_int8.dir/home/pi/PicoCamDemo/pico-setup/pico/pico-sdk/src/rp2_common/hardware_irq/irq.c.obj
                0x1000f24c                irq_get_vtable_handler
 .text.irq_set_exclusive_handler
                0x1000f25c       0x54 CMakeFiles/person_detection_int8.dir/home/pi/PicoCamDemo/pico-setup/pico/pico-sdk/src/rp2_common/hardware_irq/irq.c.obj
                0x1000f25c                irq_set_exclusive_handler
 .text.irq_remove_handler
                0x1000f2b0      0x1c8 CMakeFiles/person_detection_int8.dir/home/pi/PicoCamDemo/pico-setup/pico/pico-sdk/src/rp2_common/hardware_irq/irq.c.obj
                0x1000f2b0                irq_remove_handler
 .text.irq_add_tail_to_free_list
                0x1000f478       0xbc CMakeFiles/person_detection_int8.dir/home/pi/PicoCamDemo/pico-setup/pico/pico-sdk/src/rp2_common/hardware_irq/irq.c.obj
                0x1000f478                irq_add_tail_to_free_list
 .text.irq_init_priorities
                0x1000f534       0x38 CMakeFiles/person_detection_int8.dir/home/pi/PicoCamDemo/pico-setup/pico/pico-sdk/src/rp2_common/hardware_irq/irq.c.obj
                0x1000f534                irq_init_priorities
 .text._out_null
                0x1000f56c        0x4 CMakeFiles/person_detection_int8.dir/home/pi/PicoCamDemo/pico-setup/pico/pico-sdk/src/rp2_common/pico_printf/printf.c.obj
 .text._out_fct
                0x1000f570       0x10 CMakeFiles/person_detection_int8.dir/home/pi/PicoCamDemo/pico-setup/pico/pico-sdk/src/rp2_common/pico_printf/printf.c.obj
 .text._out_char
                0x1000f580        0xc CMakeFiles/person_detection_int8.dir/home/pi/PicoCamDemo/pico-setup/pico/pico-sdk/src/rp2_common/pico_printf/printf.c.obj
 .text._ntoa_format
                0x1000f58c      0x270 CMakeFiles/person_detection_int8.dir/home/pi/PicoCamDemo/pico-setup/pico/pico-sdk/src/rp2_common/pico_printf/printf.c.obj
 .text._ftoa    0x1000f7fc      0x6f8 CMakeFiles/person_detection_int8.dir/home/pi/PicoCamDemo/pico-setup/pico/pico-sdk/src/rp2_common/pico_printf/printf.c.obj
 .text._etoa.part.0
                0x1000fef4      0x99c CMakeFiles/person_detection_int8.dir/home/pi/PicoCamDemo/pico-setup/pico/pico-sdk/src/rp2_common/pico_printf/printf.c.obj
 .text._vsnprintf
                0x10010890      0xa24 CMakeFiles/person_detection_int8.dir/home/pi/PicoCamDemo/pico-setup/pico/pico-sdk/src/rp2_common/pico_printf/printf.c.obj
 .text.vfctprintf
                0x100112b4       0x20 CMakeFiles/person_detection_int8.dir/home/pi/PicoCamDemo/pico-setup/pico/pico-sdk/src/rp2_common/pico_printf/printf.c.obj
                0x100112b4                vfctprintf
 .text.weak_raw_vprintf
                0x100112d4       0x30 CMakeFiles/person_detection_int8.dir/home/pi/PicoCamDemo/pico-setup/pico/pico-sdk/src/rp2_common/pico_printf/printf.c.obj
                0x100112d4                weak_raw_vprintf
 .text          0x10011304       0x10 CMakeFiles/person_detection_int8.dir/home/pi/PicoCamDemo/pico-setup/pico/pico-sdk/src/rp2_common/pico_bit_ops/bit_ops_aeabi.S.obj
 .text.clzsi    0x10011314        0xc CMakeFiles/person_detection_int8.dir/home/pi/PicoCamDemo/pico-setup/pico/pico-sdk/src/rp2_common/pico_bit_ops/bit_ops_aeabi.S.obj
                0x10011314                __wrap___clz
                0x10011314                __wrap___clzsi2
                0x10011314                __wrap___clzl
 .text.rom_func_lookup
                0x10011320       0x10 CMakeFiles/person_detection_int8.dir/home/pi/PicoCamDemo/pico-setup/pico/pico-sdk/src/rp2_common/pico_bootrom/bootrom.c.obj
                0x10011320                rom_func_lookup
 .text.rom_data_lookup
                0x10011330       0x10 CMakeFiles/person_detection_int8.dir/home/pi/PicoCamDemo/pico-setup/pico/pico-sdk/src/rp2_common/pico_bootrom/bootrom.c.obj
                0x10011330                rom_data_lookup
 .text.rom_funcs_lookup
                0x10011340       0x3c CMakeFiles/person_detection_int8.dir/home/pi/PicoCamDemo/pico-setup/pico/pico-sdk/src/rp2_common/pico_bootrom/bootrom.c.obj
                0x10011340                rom_funcs_lookup
 .text.__wrap___aeabi_idiv
                0x1001137c       0x58 CMakeFiles/person_detection_int8.dir/home/pi/PicoCamDemo/pico-setup/pico/pico-sdk/src/rp2_common/pico_divider/divider.S.obj
                0x1001137c                __wrap___aeabi_idivmod
                0x1001137c                divmod_s32s32
                0x1001137c                div_s32s32
                0x1001137c                __wrap___aeabi_idiv
                0x10011384                divmod_s32s32_unsafe
                0x100113b0                divmod_s32s32_savestate
 .text.__wrap___aeabi_uidiv
                0x100113d4       0x54 CMakeFiles/person_detection_int8.dir/home/pi/PicoCamDemo/pico-setup/pico/pico-sdk/src/rp2_common/pico_divider/divider.S.obj
                0x100113d4                __wrap___aeabi_uidiv
                0x100113d4                __wrap___aeabi_uidivmod
                0x100113d4                div_u32u32
                0x100113d4                divmod_u32u32
                0x100113dc                divmod_u32u32_unsafe
                0x10011404                divmod_u32u32_savestate
 .text.__wrap___aeabi_ldiv
                0x10011428      0x430 CMakeFiles/person_detection_int8.dir/home/pi/PicoCamDemo/pico-setup/pico/pico-sdk/src/rp2_common/pico_divider/divider.S.obj
                0x10011428                div_s64s64
                0x10011428                divmod_s64s64
                0x10011428                __wrap___aeabi_ldivmod
                0x10011460                div_u64u64
                0x10011460                divmod_u64u64
                0x10011460                __wrap___aeabi_uldivmod
                0x10011470                divmod_u64u64_savestate
                0x10011498                divmod_s64s64_unsafe
                0x10011520                divmod_u64u64_unsafe
 .text.__wrap___aeabi_darithmetic
                0x10011858       0x54 CMakeFiles/person_detection_int8.dir/home/pi/PicoCamDemo/pico-setup/pico/pico-sdk/src/rp2_common/pico_double/double_aeabi.S.obj
                0x10011858                __wrap___aeabi_drsub
                0x1001185e                __wrap___aeabi_dsub
                0x10011870                __wrap___aeabi_dadd
                0x10011882                __wrap___aeabi_ddiv
                0x10011894                __wrap___aeabi_dmul
 .text.__wrap___aeabi_cdcmple
                0x100118ac       0x6c CMakeFiles/person_detection_int8.dir/home/pi/PicoCamDemo/pico-setup/pico/pico-sdk/src/rp2_common/pico_double/double_aeabi.S.obj
                0x100118ac                __wrap___aeabi_cdrcmple
                0x100118bc                __wrap___aeabi_cdcmple
                0x100118bc                __wrap___aeabi_cdcmpeq
 .text.__wrap___aeabi_dcmpeq
                0x10011918       0x10 CMakeFiles/person_detection_int8.dir/home/pi/PicoCamDemo/pico-setup/pico/pico-sdk/src/rp2_common/pico_double/double_aeabi.S.obj
                0x10011918                __wrap___aeabi_dcmpeq
 .text.__wrap___aeabi_dcmplt
                0x10011928        0xc CMakeFiles/person_detection_int8.dir/home/pi/PicoCamDemo/pico-setup/pico/pico-sdk/src/rp2_common/pico_double/double_aeabi.S.obj
                0x10011928                __wrap___aeabi_dcmplt
 .text.__wrap___aeabi_dcmple
                0x10011934       0x10 CMakeFiles/person_detection_int8.dir/home/pi/PicoCamDemo/pico-setup/pico/pico-sdk/src/rp2_common/pico_double/double_aeabi.S.obj
                0x10011934                __wrap___aeabi_dcmple
 .text.__wrap___aeabi_dcmpge
                0x10011944       0x10 CMakeFiles/person_detection_int8.dir/home/pi/PicoCamDemo/pico-setup/pico/pico-sdk/src/rp2_common/pico_double/double_aeabi.S.obj
                0x10011944                __wrap___aeabi_dcmpge
 .text.__wrap___aeabi_dcmpgt
                0x10011954        0xa CMakeFiles/person_detection_int8.dir/home/pi/PicoCamDemo/pico-setup/pico/pico-sdk/src/rp2_common/pico_double/double_aeabi.S.obj
                0x10011954                __wrap___aeabi_dcmpgt
 .text.__wrap___aeabi_dcmpun
                0x1001195e       0x1c CMakeFiles/person_detection_int8.dir/home/pi/PicoCamDemo/pico-setup/pico/pico-sdk/src/rp2_common/pico_double/double_aeabi.S.obj
                0x1001195e                __wrap___aeabi_dcmpun
 *fill*         0x1001197a        0x2 
 .text.__wrap___aeabi_i2d
                0x1001197c       0x38 CMakeFiles/person_detection_int8.dir/home/pi/PicoCamDemo/pico-setup/pico/pico-sdk/src/rp2_common/pico_double/double_aeabi.S.obj
                0x1001197c                __wrap___aeabi_ui2d
                0x10011984                __wrap___aeabi_i2d
 .text.__wrap___aeabi_d2iz
                0x100119b4       0x48 CMakeFiles/person_detection_int8.dir/home/pi/PicoCamDemo/pico-setup/pico/pico-sdk/src/rp2_common/pico_double/double_aeabi.S.obj
                0x100119b4                __wrap___aeabi_d2iz
                0x100119b4                double2int_z
 .text.__wrap___aeabi_d2uiz
                0x100119fc       0x18 CMakeFiles/person_detection_int8.dir/home/pi/PicoCamDemo/pico-setup/pico/pico-sdk/src/rp2_common/pico_double/double_aeabi.S.obj
                0x100119fc                double2uint
                0x100119fc                __wrap___aeabi_d2uiz
 .text.__wrap___aeabi_l2d
                0x10011a14       0x18 CMakeFiles/person_detection_int8.dir/home/pi/PicoCamDemo/pico-setup/pico/pico-sdk/src/rp2_common/pico_double/double_aeabi.S.obj
                0x10011a14                __wrap___aeabi_l2d
 .text.__wrap___aeabi_d2lz
                0x10011a2c       0x26 CMakeFiles/person_detection_int8.dir/home/pi/PicoCamDemo/pico-setup/pico/pico-sdk/src/rp2_common/pico_double/double_aeabi.S.obj
                0x10011a2c                __wrap___aeabi_d2lz
                0x10011a2c                double2int64_z
 *fill*         0x10011a52        0x2 
 .text.double2int64
                0x10011a54       0x18 CMakeFiles/person_detection_int8.dir/home/pi/PicoCamDemo/pico-setup/pico/pico-sdk/src/rp2_common/pico_double/double_aeabi.S.obj
                0x10011a54                double2int64
 .text.double2ufix64
                0x10011a6c       0x18 CMakeFiles/person_detection_int8.dir/home/pi/PicoCamDemo/pico-setup/pico/pico-sdk/src/rp2_common/pico_double/double_aeabi.S.obj
                0x10011a6c                double2ufix64
 .text.__wrap___aeabi_d2f
                0x10011a84       0x18 CMakeFiles/person_detection_int8.dir/home/pi/PicoCamDemo/pico-setup/pico/pico-sdk/src/rp2_common/pico_double/double_aeabi.S.obj
                0x10011a84                __wrap___aeabi_d2f
 .text.__aeabi_double_init
                0x10011a9c       0x4c CMakeFiles/person_detection_int8.dir/home/pi/PicoCamDemo/pico-setup/pico/pico-sdk/src/rp2_common/pico_double/double_init_rom.c.obj
                0x10011a9c                __aeabi_double_init
 .text.__wrap_round
                0x10011ae8       0xa4 CMakeFiles/person_detection_int8.dir/home/pi/PicoCamDemo/pico-setup/pico/pico-sdk/src/rp2_common/pico_double/double_math.c.obj
                0x10011ae8                __wrap_round
 .text.__wrap_floor
                0x10011b8c       0x90 CMakeFiles/person_detection_int8.dir/home/pi/PicoCamDemo/pico-setup/pico/pico-sdk/src/rp2_common/pico_double/double_math.c.obj
                0x10011b8c                __wrap_floor
 .text.double_table_shim_on_use_helper
                0x10011c1c       0x2c CMakeFiles/person_detection_int8.dir/home/pi/PicoCamDemo/pico-setup/pico/pico-sdk/src/rp2_common/pico_double/double_v1_rom_shim.S.obj
                0x10011c1c                double_table_shim_on_use_helper
 .text.__wrap___aeabi_dsub
                0x10011c48       0x10 CMakeFiles/person_detection_int8.dir/home/pi/PicoCamDemo/pico-setup/pico/pico-sdk/src/rp2_common/pico_double/double_v1_rom_shim.S.obj
                0x10011c48                drsub_shim
                0x10011c4e                dsub_shim
 .text.dadd_shim
                0x10011c58      0x15c CMakeFiles/person_detection_int8.dir/home/pi/PicoCamDemo/pico-setup/pico/pico-sdk/src/rp2_common/pico_double/double_v1_rom_shim.S.obj
                0x10011c58                dadd_shim
 .text.dmul_shim
                0x10011db4      0x15c CMakeFiles/person_detection_int8.dir/home/pi/PicoCamDemo/pico-setup/pico/pico-sdk/src/rp2_common/pico_double/double_v1_rom_shim.S.obj
                0x10011db4                dmul_shim
 .text.ddiv_shim
                0x10011f10      0x1b0 CMakeFiles/person_detection_int8.dir/home/pi/PicoCamDemo/pico-setup/pico/pico-sdk/src/rp2_common/pico_double/double_v1_rom_shim.S.obj
                0x10011f10                ddiv_shim
 .text.dcordic_rot_step
                0x100120c0       0x7c CMakeFiles/person_detection_int8.dir/home/pi/PicoCamDemo/pico-setup/pico/pico-sdk/src/rp2_common/pico_double/double_v1_rom_shim.S.obj
                0x100120c0                dcordic_rot_step
 .text.double2uint_shim
                0x1001213c        0xe CMakeFiles/person_detection_int8.dir/home/pi/PicoCamDemo/pico-setup/pico/pico-sdk/src/rp2_common/pico_double/double_v1_rom_shim.S.obj
                0x1001213c                double2uint_shim
                0x1001213e                double2ufix_shim
 .text.double2int64_shim
                0x1001214a       0x1a CMakeFiles/person_detection_int8.dir/home/pi/PicoCamDemo/pico-setup/pico/pico-sdk/src/rp2_common/pico_double/double_v1_rom_shim.S.obj
                0x1001214a                double2int64_shim
                0x1001214c                double2fix64_shim
 .text.double2uint64_shim
                0x10012164       0x6c CMakeFiles/person_detection_int8.dir/home/pi/PicoCamDemo/pico-setup/pico/pico-sdk/src/rp2_common/pico_double/double_v1_rom_shim.S.obj
                0x10012164                double2uint64_shim
                0x10012166                double2ufix64_shim
                0x10012180                d2fix_a
 .text.double2float_shim
                0x100121d0       0x5c CMakeFiles/person_detection_int8.dir/home/pi/PicoCamDemo/pico-setup/pico/pico-sdk/src/rp2_common/pico_double/double_v1_rom_shim.S.obj
                0x100121d0                double2float_shim
 .text.x2double_shims
                0x1001222c       0x90 CMakeFiles/person_detection_int8.dir/home/pi/PicoCamDemo/pico-setup/pico/pico-sdk/src/rp2_common/pico_double/double_v1_rom_shim.S.obj
                0x1001222c                uint2double_shim
                0x1001222e                ufix2double_shim
                0x10012234                int2double_shim
                0x10012236                fix2double_shim
                0x1001223c                uint642double_shim
                0x1001223e                ufix642double_shim
                0x10012244                int642double_shim
                0x10012246                fix642double_shim
 .text.dunpacks
                0x100122bc       0x3c CMakeFiles/person_detection_int8.dir/home/pi/PicoCamDemo/pico-setup/pico/pico-sdk/src/rp2_common/pico_double/double_v1_rom_shim.S.obj
                0x100122bc                dunpacks
 .text.__aeabi_lmul
                0x100122f8       0x32 CMakeFiles/person_detection_int8.dir/home/pi/PicoCamDemo/pico-setup/pico/pico-sdk/src/rp2_common/pico_int64_ops/pico_int64_ops_aeabi.S.obj
                0x100122f8                __wrap___aeabi_lmul
 *fill*         0x1001232a        0x2 
 .text.__wrap___aeabi_farithmetic
                0x1001232c       0x24 CMakeFiles/person_detection_int8.dir/home/pi/PicoCamDemo/pico-setup/pico/pico-sdk/src/rp2_common/pico_float/float_aeabi.S.obj
                0x1001232c                __wrap___aeabi_frsub
                0x10012332                __wrap___aeabi_fsub
                0x10012338                __wrap___aeabi_fadd
                0x1001233e                __wrap___aeabi_fdiv
                0x10012344                __wrap___aeabi_fmul
 .text.__wrap___aeabi_cfcmple
                0x10012350       0x50 CMakeFiles/person_detection_int8.dir/home/pi/PicoCamDemo/pico-setup/pico/pico-sdk/src/rp2_common/pico_float/float_aeabi.S.obj
                0x10012350                __wrap___aeabi_cfrcmple
                0x1001235c                __wrap___aeabi_cfcmpeq
                0x1001235c                __wrap___aeabi_cfcmple
 .text.__wrap___aeabi_fcmpeq
                0x100123a0       0x10 CMakeFiles/person_detection_int8.dir/home/pi/PicoCamDemo/pico-setup/pico/pico-sdk/src/rp2_common/pico_float/float_aeabi.S.obj
                0x100123a0                __wrap___aeabi_fcmpeq
 .text.__wrap___aeabi_fcmplt
                0x100123b0        0xc CMakeFiles/person_detection_int8.dir/home/pi/PicoCamDemo/pico-setup/pico/pico-sdk/src/rp2_common/pico_float/float_aeabi.S.obj
                0x100123b0                __wrap___aeabi_fcmplt
 .text.__wrap___aeabi_fcmpge
                0x100123bc       0x10 CMakeFiles/person_detection_int8.dir/home/pi/PicoCamDemo/pico-setup/pico/pico-sdk/src/rp2_common/pico_float/float_aeabi.S.obj
                0x100123bc                __wrap___aeabi_fcmpge
 .text.__wrap___aeabi_fcmpgt
                0x100123cc        0xa CMakeFiles/person_detection_int8.dir/home/pi/PicoCamDemo/pico-setup/pico/pico-sdk/src/rp2_common/pico_float/float_aeabi.S.obj
                0x100123cc                __wrap___aeabi_fcmpgt
 *fill*         0x100123d6        0x2 
 .text.__wrap___aeabi_i2f
                0x100123d8       0x44 CMakeFiles/person_detection_int8.dir/home/pi/PicoCamDemo/pico-setup/pico/pico-sdk/src/rp2_common/pico_float/float_aeabi.S.obj
                0x100123d8                __wrap___aeabi_i2f
 .text.__wrap___aeabi_f2iz
                0x1001241c       0x4e CMakeFiles/person_detection_int8.dir/home/pi/PicoCamDemo/pico-setup/pico/pico-sdk/src/rp2_common/pico_float/float_aeabi.S.obj
                0x1001241c                __wrap___aeabi_f2iz
                0x1001241c                float2int_z
 *fill*         0x1001246a        0x2 
 .text.float2int
                0x1001246c       0x14 CMakeFiles/person_detection_int8.dir/home/pi/PicoCamDemo/pico-setup/pico/pico-sdk/src/rp2_common/pico_float/float_aeabi.S.obj
                0x1001246c                float2int
 .text.__wrap___aeabi_f2uiz
                0x10012480        0xc CMakeFiles/person_detection_int8.dir/home/pi/PicoCamDemo/pico-setup/pico/pico-sdk/src/rp2_common/pico_float/float_aeabi.S.obj
                0x10012480                __wrap___aeabi_f2uiz
 .text.__wrap___aeabi_f2d
                0x1001248c       0x14 CMakeFiles/person_detection_int8.dir/home/pi/PicoCamDemo/pico-setup/pico/pico-sdk/src/rp2_common/pico_float/float_aeabi.S.obj
                0x1001248c                __wrap___aeabi_f2d
 .text.__wrap_expf
                0x100124a0        0xc CMakeFiles/person_detection_int8.dir/home/pi/PicoCamDemo/pico-setup/pico/pico-sdk/src/rp2_common/pico_float/float_aeabi.S.obj
                0x100124a0                __wrap_expf
 .text.__aeabi_float_init
                0x100124ac       0x68 CMakeFiles/person_detection_int8.dir/home/pi/PicoCamDemo/pico-setup/pico/pico-sdk/src/rp2_common/pico_float/float_init_rom.c.obj
                0x100124ac                __aeabi_float_init
 .text.__wrap_roundf
                0x10012514       0x3c CMakeFiles/person_detection_int8.dir/home/pi/PicoCamDemo/pico-setup/pico/pico-sdk/src/rp2_common/pico_float/float_math.c.obj
                0x10012514                __wrap_roundf
 .text.float_table_shim_on_use_helper
                0x10012550       0x2c CMakeFiles/person_detection_int8.dir/home/pi/PicoCamDemo/pico-setup/pico/pico-sdk/src/rp2_common/pico_float/float_v1_rom_shim.S.obj
                0x10012550                float_table_shim_on_use_helper
 .text.float232_shims
                0x1001257c       0x18 CMakeFiles/person_detection_int8.dir/home/pi/PicoCamDemo/pico-setup/pico/pico-sdk/src/rp2_common/pico_float/float_v1_rom_shim.S.obj
                0x1001257c                float2int_shim
                0x1001257e                float2fix_shim
 .text.float2double_shim
                0x10012594       0x30 CMakeFiles/person_detection_int8.dir/home/pi/PicoCamDemo/pico-setup/pico/pico-sdk/src/rp2_common/pico_float/float_v1_rom_shim.S.obj
                0x10012594                float2double_shim
 .text.__wrap_malloc
                0x100125c4        0x8 CMakeFiles/person_detection_int8.dir/home/pi/PicoCamDemo/pico-setup/pico/pico-sdk/src/rp2_common/pico_malloc/pico_malloc.c.obj
                0x100125c4                __wrap_malloc
 .text.__wrap_calloc
                0x100125cc        0x8 CMakeFiles/person_detection_int8.dir/home/pi/PicoCamDemo/pico-setup/pico/pico-sdk/src/rp2_common/pico_malloc/pico_malloc.c.obj
                0x100125cc                __wrap_calloc
 .text.__wrap_free
                0x100125d4        0x8 CMakeFiles/person_detection_int8.dir/home/pi/PicoCamDemo/pico-setup/pico/pico-sdk/src/rp2_common/pico_malloc/pico_malloc.c.obj
                0x100125d4                __wrap_free
 .text          0x100125dc       0x10 CMakeFiles/person_detection_int8.dir/home/pi/PicoCamDemo/pico-setup/pico/pico-sdk/src/rp2_common/pico_mem_ops/mem_ops_aeabi.S.obj
                0x100125dc                __aeabi_mem_init
 .text.memset   0x100125ec        0xc CMakeFiles/person_detection_int8.dir/home/pi/PicoCamDemo/pico-setup/pico/pico-sdk/src/rp2_common/pico_mem_ops/mem_ops_aeabi.S.obj
                0x100125ec                __wrap_memset
 .text.memcpy   0x100125f8        0xc CMakeFiles/person_detection_int8.dir/home/pi/PicoCamDemo/pico-setup/pico/pico-sdk/src/rp2_common/pico_mem_ops/mem_ops_aeabi.S.obj
                0x100125f8                __wrap___aeabi_memcpy
                0x100125f8                __wrap_memcpy
 .text._ZdlPvj  0x10012604        0x8 CMakeFiles/person_detection_int8.dir/home/pi/PicoCamDemo/pico-setup/pico/pico-sdk/src/rp2_common/pico_standard_link/new_delete.cpp.obj
                0x10012604                operator delete(void*, unsigned int)
 .text.stdio_out_chars_crlf.part.0
                0x1001260c       0x8c CMakeFiles/person_detection_int8.dir/home/pi/PicoCamDemo/pico-setup/pico/pico-sdk/src/rp2_common/pico_stdio/stdio.c.obj
 .text.stdio_buffered_printer
                0x10012698       0x70 CMakeFiles/person_detection_int8.dir/home/pi/PicoCamDemo/pico-setup/pico/pico-sdk/src/rp2_common/pico_stdio/stdio.c.obj
 .text.__wrap_putchar
                0x10012708       0xac CMakeFiles/person_detection_int8.dir/home/pi/PicoCamDemo/pico-setup/pico/pico-sdk/src/rp2_common/pico_stdio/stdio.c.obj
                0x10012708                __wrap_putchar
 .text.__wrap_puts
                0x100127b4      0x120 CMakeFiles/person_detection_int8.dir/home/pi/PicoCamDemo/pico-setup/pico/pico-sdk/src/rp2_common/pico_stdio/stdio.c.obj
                0x100127b4                __wrap_puts
 .text.stdio_set_driver_enabled
                0x100128d4       0x3c CMakeFiles/person_detection_int8.dir/home/pi/PicoCamDemo/pico-setup/pico/pico-sdk/src/rp2_common/pico_stdio/stdio.c.obj
                0x100128d4                stdio_set_driver_enabled
 .text.__wrap_vprintf
                0x10012910       0xe0 CMakeFiles/person_detection_int8.dir/home/pi/PicoCamDemo/pico-setup/pico/pico-sdk/src/rp2_common/pico_stdio/stdio.c.obj
                0x10012910                __wrap_vprintf
 .text.__wrap_printf
                0x100129f0       0x18 CMakeFiles/person_detection_int8.dir/home/pi/PicoCamDemo/pico-setup/pico/pico-sdk/src/rp2_common/pico_stdio/stdio.c.obj
                0x100129f0                __wrap_printf
 .text.stdio_init_all
                0x10012a08        0x8 CMakeFiles/person_detection_int8.dir/home/pi/PicoCamDemo/pico-setup/pico/pico-sdk/src/rp2_common/pico_stdio/stdio.c.obj
                0x10012a08                stdio_init_all
 .text.stdio_usb_in_chars
                0x10012a10       0x68 CMakeFiles/person_detection_int8.dir/home/pi/PicoCamDemo/pico-setup/pico/pico-sdk/src/rp2_common/pico_stdio_usb/stdio_usb.c.obj
                0x10012a10                stdio_usb_in_chars
 .text.timer_task
                0x10012a78       0x10 CMakeFiles/person_detection_int8.dir/home/pi/PicoCamDemo/pico-setup/pico/pico-sdk/src/rp2_common/pico_stdio_usb/stdio_usb.c.obj
 .text.low_priority_worker_irq
                0x10012a88       0x20 CMakeFiles/person_detection_int8.dir/home/pi/PicoCamDemo/pico-setup/pico/pico-sdk/src/rp2_common/pico_stdio_usb/stdio_usb.c.obj
 .text.stdio_usb_out_chars
                0x10012aa8       0xf0 CMakeFiles/person_detection_int8.dir/home/pi/PicoCamDemo/pico-setup/pico/pico-sdk/src/rp2_common/pico_stdio_usb/stdio_usb.c.obj
 .text.stdio_usb_init
                0x10012b98       0x8c CMakeFiles/person_detection_int8.dir/home/pi/PicoCamDemo/pico-setup/pico/pico-sdk/src/rp2_common/pico_stdio_usb/stdio_usb.c.obj
                0x10012b98                stdio_usb_init
 .text.tud_descriptor_device_cb
                0x10012c24        0x8 CMakeFiles/person_detection_int8.dir/home/pi/PicoCamDemo/pico-setup/pico/pico-sdk/src/rp2_common/pico_stdio_usb/stdio_usb_descriptors.c.obj
                0x10012c24                tud_descriptor_device_cb
 .text.tud_descriptor_configuration_cb
                0x10012c2c        0x8 CMakeFiles/person_detection_int8.dir/home/pi/PicoCamDemo/pico-setup/pico/pico-sdk/src/rp2_common/pico_stdio_usb/stdio_usb_descriptors.c.obj
                0x10012c2c                tud_descriptor_configuration_cb
 .text.tud_descriptor_string_cb
                0x10012c34       0x58 CMakeFiles/person_detection_int8.dir/home/pi/PicoCamDemo/pico-setup/pico/pico-sdk/src/rp2_common/pico_stdio_usb/stdio_usb_descriptors.c.obj
                0x10012c34                tud_descriptor_string_cb
 .text.dcd_rp2040_irq
                0x10012c8c      0x134 CMakeFiles/person_detection_int8.dir/home/pi/PicoCamDemo/pico-setup/pico/pico-sdk/lib/tinyusb/src/portable/raspberrypi/rp2040/dcd_rp2040.c.obj
 .text.dcd_int_enable
                0x10012dc0        0xc CMakeFiles/person_detection_int8.dir/home/pi/PicoCamDemo/pico-setup/pico/pico-sdk/lib/tinyusb/src/portable/raspberrypi/rp2040/dcd_rp2040.c.obj
                0x10012dc0                dcd_int_enable
 .text.dcd_set_address
                0x10012dcc       0x30 CMakeFiles/person_detection_int8.dir/home/pi/PicoCamDemo/pico-setup/pico/pico-sdk/lib/tinyusb/src/portable/raspberrypi/rp2040/dcd_rp2040.c.obj
                0x10012dcc                dcd_set_address
 .text.dcd_connect
                0x10012dfc       0x10 CMakeFiles/person_detection_int8.dir/home/pi/PicoCamDemo/pico-setup/pico/pico-sdk/lib/tinyusb/src/portable/raspberrypi/rp2040/dcd_rp2040.c.obj
                0x10012dfc                dcd_connect
 .text.dcd_init
                0x10012e0c       0xa8 CMakeFiles/person_detection_int8.dir/home/pi/PicoCamDemo/pico-setup/pico/pico-sdk/lib/tinyusb/src/portable/raspberrypi/rp2040/dcd_rp2040.c.obj
                0x10012e0c                dcd_init
 .text.dcd_edpt0_status_complete
                0x10012eb4       0x38 CMakeFiles/person_detection_int8.dir/home/pi/PicoCamDemo/pico-setup/pico/pico-sdk/lib/tinyusb/src/portable/raspberrypi/rp2040/dcd_rp2040.c.obj
                0x10012eb4                dcd_edpt0_status_complete
 .text.dcd_edpt_open
                0x10012eec      0x150 CMakeFiles/person_detection_int8.dir/home/pi/PicoCamDemo/pico-setup/pico/pico-sdk/lib/tinyusb/src/portable/raspberrypi/rp2040/dcd_rp2040.c.obj
                0x10012eec                dcd_edpt_open
 .text.dcd_edpt_xfer
                0x1001303c       0x2c CMakeFiles/person_detection_int8.dir/home/pi/PicoCamDemo/pico-setup/pico/pico-sdk/lib/tinyusb/src/portable/raspberrypi/rp2040/dcd_rp2040.c.obj
                0x1001303c                dcd_edpt_xfer
 .text.dcd_edpt_stall
                0x10013068       0x50 CMakeFiles/person_detection_int8.dir/home/pi/PicoCamDemo/pico-setup/pico/pico-sdk/lib/tinyusb/src/portable/raspberrypi/rp2040/dcd_rp2040.c.obj
                0x10013068                dcd_edpt_stall
 .text.dcd_edpt_clear_stall
                0x100130b8       0x50 CMakeFiles/person_detection_int8.dir/home/pi/PicoCamDemo/pico-setup/pico/pico-sdk/lib/tinyusb/src/portable/raspberrypi/rp2040/dcd_rp2040.c.obj
                0x100130b8                dcd_edpt_clear_stall
 .text.rp2040_usb_init
                0x10013108       0x50 CMakeFiles/person_detection_int8.dir/home/pi/PicoCamDemo/pico-setup/pico/pico-sdk/lib/tinyusb/src/portable/raspberrypi/rp2040/rp2040_usb.c.obj
                0x10013108                rp2040_usb_init
 .text.hw_endpoint_reset_transfer
                0x10013158       0x14 CMakeFiles/person_detection_int8.dir/home/pi/PicoCamDemo/pico-setup/pico/pico-sdk/lib/tinyusb/src/portable/raspberrypi/rp2040/rp2040_usb.c.obj
                0x10013158                hw_endpoint_reset_transfer
 .text._hw_endpoint_buffer_control_update32
                0x1001316c       0x54 CMakeFiles/person_detection_int8.dir/home/pi/PicoCamDemo/pico-setup/pico/pico-sdk/lib/tinyusb/src/portable/raspberrypi/rp2040/rp2040_usb.c.obj
                0x1001316c                _hw_endpoint_buffer_control_update32
 .text._hw_endpoint_start_next_buffer
                0x100131c0       0x88 CMakeFiles/person_detection_int8.dir/home/pi/PicoCamDemo/pico-setup/pico/pico-sdk/lib/tinyusb/src/portable/raspberrypi/rp2040/rp2040_usb.c.obj
                0x100131c0                _hw_endpoint_start_next_buffer
 .text._hw_endpoint_xfer_continue
                0x10013248      0x108 CMakeFiles/person_detection_int8.dir/home/pi/PicoCamDemo/pico-setup/pico/pico-sdk/lib/tinyusb/src/portable/raspberrypi/rp2040/rp2040_usb.c.obj
                0x10013248                _hw_endpoint_xfer_continue
 .text._hw_endpoint_xfer
                0x10013350      0x140 CMakeFiles/person_detection_int8.dir/home/pi/PicoCamDemo/pico-setup/pico/pico-sdk/lib/tinyusb/src/portable/raspberrypi/rp2040/rp2040_usb.c.obj
                0x10013350                _hw_endpoint_xfer
 .text.tud_mounted
                0x10013490       0x10 CMakeFiles/person_detection_int8.dir/home/pi/PicoCamDemo/pico-setup/pico/pico-sdk/lib/tinyusb/src/device/usbd.c.obj
                0x10013490                tud_mounted
 .text.tud_suspended
                0x100134a0       0x10 CMakeFiles/person_detection_int8.dir/home/pi/PicoCamDemo/pico-setup/pico/pico-sdk/lib/tinyusb/src/device/usbd.c.obj
                0x100134a0                tud_suspended
 .text.tud_init
                0x100134b0       0xb8 CMakeFiles/person_detection_int8.dir/home/pi/PicoCamDemo/pico-setup/pico/pico-sdk/lib/tinyusb/src/device/usbd.c.obj
                0x100134b0                tud_init
 .text.tud_task
                0x10013568      0x810 CMakeFiles/person_detection_int8.dir/home/pi/PicoCamDemo/pico-setup/pico/pico-sdk/lib/tinyusb/src/device/usbd.c.obj
                0x10013568                tud_task
 .text.dcd_event_bus_signal
                0x10013d78       0xe4 CMakeFiles/person_detection_int8.dir/home/pi/PicoCamDemo/pico-setup/pico/pico-sdk/lib/tinyusb/src/device/usbd.c.obj
                0x10013d78                dcd_event_bus_signal
 .text.dcd_event_setup_received
                0x10013e5c       0x50 CMakeFiles/person_detection_int8.dir/home/pi/PicoCamDemo/pico-setup/pico/pico-sdk/lib/tinyusb/src/device/usbd.c.obj
                0x10013e5c                dcd_event_setup_received
 .text.dcd_event_xfer_complete
                0x10013eac       0x68 CMakeFiles/person_detection_int8.dir/home/pi/PicoCamDemo/pico-setup/pico/pico-sdk/lib/tinyusb/src/device/usbd.c.obj
                0x10013eac                dcd_event_xfer_complete
 .text.usbd_open_edpt_pair
                0x10013f14       0x70 CMakeFiles/person_detection_int8.dir/home/pi/PicoCamDemo/pico-setup/pico/pico-sdk/lib/tinyusb/src/device/usbd.c.obj
                0x10013f14                usbd_open_edpt_pair
 .text.usbd_edpt_open
                0x10013f84        0x8 CMakeFiles/person_detection_int8.dir/home/pi/PicoCamDemo/pico-setup/pico/pico-sdk/lib/tinyusb/src/device/usbd.c.obj
                0x10013f84                usbd_edpt_open
 .text.usbd_edpt_claim
                0x10013f8c       0x5c CMakeFiles/person_detection_int8.dir/home/pi/PicoCamDemo/pico-setup/pico/pico-sdk/lib/tinyusb/src/device/usbd.c.obj
                0x10013f8c                usbd_edpt_claim
 .text.usbd_edpt_release
                0x10013fe8       0x4c CMakeFiles/person_detection_int8.dir/home/pi/PicoCamDemo/pico-setup/pico/pico-sdk/lib/tinyusb/src/device/usbd.c.obj
                0x10013fe8                usbd_edpt_release
 .text.usbd_edpt_xfer
                0x10014034       0x48 CMakeFiles/person_detection_int8.dir/home/pi/PicoCamDemo/pico-setup/pico/pico-sdk/lib/tinyusb/src/device/usbd.c.obj
                0x10014034                usbd_edpt_xfer
 .text.tud_control_status
                0x1001407c       0x30 CMakeFiles/person_detection_int8.dir/home/pi/PicoCamDemo/pico-setup/pico/pico-sdk/lib/tinyusb/src/device/usbd_control.c.obj
                0x1001407c                tud_control_status
 .text.tud_control_xfer